<html>
<body>
<pre>
<h1>µVision Build Log</h1>
<h2>Tool Versions:</h2>
IDE-Version: µVision V5.39.0.0
Copyright (C) 2023 ARM Ltd and ARM Germany GmbH. All rights reserved.
License Information: vduc NGUYEN VIET DUC, uet-vnu, LIC=----
 
Tool Versions:
Toolchain:       MDK-Lite  Version: 5.39.0.0
Toolchain Path:  C:\Keil_v5\ARM\ARMCLANG\Bin
C Compiler:      ArmClang.exe V6.21
Assembler:       Armasm.exe V6.21
Linker/Locator:  ArmLink.exe V6.21
Library Manager: ArmAr.exe V6.21
Hex Converter:   FromElf.exe V6.21
CPU DLL:         SARMCM3.DLL V5.39.0.0
Dialog DLL:      DCM.DLL V1.17.5.0
Target DLL:      UL2CM3.DLL V1.164.9.0
Dialog DLL:      TCM.DLL V1.56.4.0
 
<h2>Project:</h2>
E:\TaiLieu\HKII-23-24\NmhtNhung\Fall_Detection\fall_detect.uvprojx
Project File Date:  06/01/2024

<h2>Output:</h2>
*** Using Compiler 'V6.21', folder: 'C:\Keil_v5\ARM\ARMCLANG\Bin'
Rebuild target 'Target 1'
timer.c(1): warning: In file included from...
./timer.h(4): warning: In file included from...
C:/Users/NGUYEN VIET DUC/AppData/Local/Arm/Packs/Keil/STM32F1xx_DFP/2.4.1/Device/Include\stm32f10x.h(18): warning: invalid UTF-8 in comment [-Winvalid-utf8]
   18 |   *              - To use or not the peripheral<92>s drivers in application code(i.e. 
      |                                                ^
C:/Users/NGUYEN VIET DUC/AppData/Local/Arm/Packs/Keil/STM32F1xx_DFP/2.4.1/Device/Include\stm32f10x.h(19): warning: invalid UTF-8 in comment [-Winvalid-utf8]
   19 |   *                code will be based on direct access to peripheral<92>s registers 
      |                                                                     ^
C:/Users/NGUYEN VIET DUC/AppData/Local/Arm/Packs/Keil/STM32F1xx_DFP/2.4.1/Device/Include\stm32f10x.h(26): warning: invalid UTF-8 in comment [-Winvalid-utf8]
   26 |   *           - Macros to access peripheral<92>s registers hardware
      |                                            ^
timer.c(1): warning: In file included from...
./timer.h(4): warning: In file included from...
C:/Users/NGUYEN VIET DUC/AppData/Local/Arm/Packs/Keil/STM32F1xx_DFP/2.4.1/Device/Include\stm32f10x.h(8347): warning: In file included from...
./RTE/Device/STM32F103C8\stm32f10x_conf.h(63): warning: In file included from...
C:/Users/NGUYEN VIET DUC/AppData/Local/Arm/Packs/Keil/STM32F1xx_DFP/2.4.1/Device/StdPeriph_Driver/inc\stm32f10x_gpio.h(31): warning: In file included from...
C:/Users/NGUYEN VIET DUC/AppData/Local/Arm/Packs/Keil/STM32F1xx_DFP/2.4.1/Device/Include\stm32f10x.h(18): warning: invalid UTF-8 in comment [-Winvalid-utf8]
   18 |   *              - To use or not the peripheral<92>s drivers in application code(i.e. 
      |                                                ^
C:/Users/NGUYEN VIET DUC/AppData/Local/Arm/Packs/Keil/STM32F1xx_DFP/2.4.1/Device/Include\stm32f10x.h(19): warning: invalid UTF-8 in comment [-Winvalid-utf8]
   19 |   *                code will be based on direct access to peripheral<92>s registers 
      |                                                                     ^
C:/Users/NGUYEN VIET DUC/AppData/Local/Arm/Packs/Keil/STM32F1xx_DFP/2.4.1/Device/Include\stm32f10x.h(26): warning: invalid UTF-8 in comment [-Winvalid-utf8]
   26 |   *           - Macros to access peripheral<92>s registers hardware
      |                                            ^
timer.c(1): warning: In file included from...
./timer.h(4): warning: In file included from...
C:/Users/NGUYEN VIET DUC/AppData/Local/Arm/Packs/Keil/STM32F1xx_DFP/2.4.1/Device/Include\stm32f10x.h(8347): warning: In file included from...
./RTE/Device/STM32F103C8\stm32f10x_conf.h(75): warning: In file included from...
C:/Users/NGUYEN VIET DUC/AppData/Local/Arm/Packs/Keil/STM32F1xx_DFP/2.4.1/Device/StdPeriph_Driver/inc\stm32f10x_rcc.h(31): warning: In file included from...
C:/Users/NGUYEN VIET DUC/AppData/Local/Arm/Packs/Keil/STM32F1xx_DFP/2.4.1/Device/Include\stm32f10x.h(18): warning: invalid UTF-8 in comment [-Winvalid-utf8]
   18 |   *              - To use or not the peripheral<92>s drivers in application code(i.e. 
      |                                                ^
C:/Users/NGUYEN VIET DUC/AppData/Local/Arm/Packs/Keil/STM32F1xx_DFP/2.4.1/Device/Include\stm32f10x.h(19): warning: invalid UTF-8 in comment [-Winvalid-utf8]
   19 |   *                code will be based on direct access to peripheral<92>s registers 
      |                                                                     ^
C:/Users/NGUYEN VIET DUC/AppData/Local/Arm/Packs/Keil/STM32F1xx_DFP/2.4.1/Device/Include\stm32f10x.h(26): warning: invalid UTF-8 in comment [-Winvalid-utf8]
   26 |   *           - Macros to access peripheral<92>s registers hardware
      |                                            ^
timer.c(1): warning: In file included from...
./timer.h(4): warning: In file included from...
C:/Users/NGUYEN VIET DUC/AppData/Local/Arm/Packs/Keil/STM32F1xx_DFP/2.4.1/Device/Include\stm32f10x.h(8347): warning: In file included from...
./RTE/Device/STM32F103C8\stm32f10x_conf.h(96): warning: In file included from...
C:/Users/NGUYEN VIET DUC/AppData/Local/Arm/Packs/Keil/STM32F1xx_DFP/2.4.1/Device/StdPeriph_Driver/inc\misc.h(31): warning: In file included from...
C:/Users/NGUYEN VIET DUC/AppData/Local/Arm/Packs/Keil/STM32F1xx_DFP/2.4.1/Device/Include\stm32f10x.h(18): warning: invalid UTF-8 in comment [-Winvalid-utf8]
   18 |   *              - To use or not the peripheral<92>s drivers in application code(i.e. 
      |                                                ^
C:/Users/NGUYEN VIET DUC/AppData/Local/Arm/Packs/Keil/STM32F1xx_DFP/2.4.1/Device/Include\stm32f10x.h(19): warning: invalid UTF-8 in comment [-Winvalid-utf8]
   19 |   *                code will be based on direct access to peripheral<92>s registers 
      |                                                                     ^
C:/Users/NGUYEN VIET DUC/AppData/Local/Arm/Packs/Keil/STM32F1xx_DFP/2.4.1/Device/Include\stm32f10x.h(26): warning: invalid UTF-8 in comment [-Winvalid-utf8]
   26 |   *           - Macros to access peripheral<92>s registers hardware
      |                                            ^
12 warnings generated.
compiling timer.c...
button.c(1): warning: In file included from...
./button.h(4): warning: In file included from...
C:/Users/NGUYEN VIET DUC/AppData/Local/Arm/Packs/Keil/STM32F1xx_DFP/2.4.1/Device/Include\stm32f10x.h(18): warning: invalid UTF-8 in comment [-Winvalid-utf8]
   18 |   *              - To use or not the peripheral<92>s drivers in application code(i.e. 
      |                                                ^
C:/Users/NGUYEN VIET DUC/AppData/Local/Arm/Packs/Keil/STM32F1xx_DFP/2.4.1/Device/Include\stm32f10x.h(19): warning: invalid UTF-8 in comment [-Winvalid-utf8]
   19 |   *                code will be based on direct access to peripheral<92>s registers 
      |                                                                     ^
C:/Users/NGUYEN VIET DUC/AppData/Local/Arm/Packs/Keil/STM32F1xx_DFP/2.4.1/Device/Include\stm32f10x.h(26): warning: invalid UTF-8 in comment [-Winvalid-utf8]
   26 |   *           - Macros to access peripheral<92>s registers hardware
      |                                            ^
button.c(1): warning: In file included from...
./button.h(4): warning: In file included from...
C:/Users/NGUYEN VIET DUC/AppData/Local/Arm/Packs/Keil/STM32F1xx_DFP/2.4.1/Device/Include\stm32f10x.h(8347): warning: In file included from...
./RTE/Device/STM32F103C8\stm32f10x_conf.h(63): warning: In file included from...
C:/Users/NGUYEN VIET DUC/AppData/Local/Arm/Packs/Keil/STM32F1xx_DFP/2.4.1/Device/StdPeriph_Driver/inc\stm32f10x_gpio.h(31): warning: In file included from...
C:/Users/NGUYEN VIET DUC/AppData/Local/Arm/Packs/Keil/STM32F1xx_DFP/2.4.1/Device/Include\stm32f10x.h(18): warning: invalid UTF-8 in comment [-Winvalid-utf8]
   18 |   *              - To use or not the peripheral<92>s drivers in application code(i.e. 
      |                                                ^
C:/Users/NGUYEN VIET DUC/AppData/Local/Arm/Packs/Keil/STM32F1xx_DFP/2.4.1/Device/Include\stm32f10x.h(19): warning: invalid UTF-8 in comment [-Winvalid-utf8]
   19 |   *                code will be based on direct access to peripheral<92>s registers 
      |                                                                     ^
C:/Users/NGUYEN VIET DUC/AppData/Local/Arm/Packs/Keil/STM32F1xx_DFP/2.4.1/Device/Include\stm32f10x.h(26): warning: invalid UTF-8 in comment [-Winvalid-utf8]
   26 |   *           - Macros to access peripheral<92>s registers hardware
      |                                            ^
button.c(1): warning: In file included from...
./button.h(4): warning: In file included from...
C:/Users/NGUYEN VIET DUC/AppData/Local/Arm/Packs/Keil/STM32F1xx_DFP/2.4.1/Device/Include\stm32f10x.h(8347): warning: In file included from...
./RTE/Device/STM32F103C8\stm32f10x_conf.h(75): warning: In file included from...
C:/Users/NGUYEN VIET DUC/AppData/Local/Arm/Packs/Keil/STM32F1xx_DFP/2.4.1/Device/StdPeriph_Driver/inc\stm32f10x_rcc.h(31): warning: In file included from...
C:/Users/NGUYEN VIET DUC/AppData/Local/Arm/Packs/Keil/STM32F1xx_DFP/2.4.1/Device/Include\stm32f10x.h(18): warning: invalid UTF-8 in comment [-Winvalid-utf8]
   18 |   *              - To use or not the peripheral<92>s drivers in application code(i.e. 
      |                                                ^
C:/Users/NGUYEN VIET DUC/AppData/Local/Arm/Packs/Keil/STM32F1xx_DFP/2.4.1/Device/Include\stm32f10x.h(19): warning: invalid UTF-8 in comment [-Winvalid-utf8]
   19 |   *                code will be based on direct access to peripheral<92>s registers 
      |                                                                     ^
C:/Users/NGUYEN VIET DUC/AppData/Local/Arm/Packs/Keil/STM32F1xx_DFP/2.4.1/Device/Include\stm32f10x.h(26): warning: invalid UTF-8 in comment [-Winvalid-utf8]
   26 |   *           - Macros to access peripheral<92>s registers hardware
      |                                            ^
button.c(1): warning: In file included from...
./button.h(4): warning: In file included from...
C:/Users/NGUYEN VIET DUC/AppData/Local/Arm/Packs/Keil/STM32F1xx_DFP/2.4.1/Device/Include\stm32f10x.h(8347): warning: In file included from...
./RTE/Device/STM32F103C8\stm32f10x_conf.h(96): warning: In file included from...
C:/Users/NGUYEN VIET DUC/AppData/Local/Arm/Packs/Keil/STM32F1xx_DFP/2.4.1/Device/StdPeriph_Driver/inc\misc.h(31): warning: In file included from...
C:/Users/NGUYEN VIET DUC/AppData/Local/Arm/Packs/Keil/STM32F1xx_DFP/2.4.1/Device/Include\stm32f10x.h(18): warning: invalid UTF-8 in comment [-Winvalid-utf8]
   18 |   *              - To use or not the peripheral<92>s drivers in application code(i.e. 
      |                                                ^
C:/Users/NGUYEN VIET DUC/AppData/Local/Arm/Packs/Keil/STM32F1xx_DFP/2.4.1/Device/Include\stm32f10x.h(19): warning: invalid UTF-8 in comment [-Winvalid-utf8]
   19 |   *                code will be based on direct access to peripheral<92>s registers 
      |                                                                     ^
C:/Users/NGUYEN VIET DUC/AppData/Local/Arm/Packs/Keil/STM32F1xx_DFP/2.4.1/Device/Include\stm32f10x.h(26): warning: invalid UTF-8 in comment [-Winvalid-utf8]
   26 |   *           - Macros to access peripheral<92>s registers hardware
      |                                            ^
button.c(23): warning: implicit conversion changes signedness: 'int' to 'uint8_t' (aka 'unsigned char') [-Wsign-conversion]
   23 |         return GPIO_PIN_ERR;
      |         ~~~~~~ ^~~~~~~~~~~~
./gpio.h(13): note: expanded from macro 'GPIO_PIN_ERR'
   13 | #define GPIO_PIN_ERR -1
      |                      ^~
13 warnings generated.
compiling button.c...
led.c(2): warning: In file included from...
./led.h(1): warning: In file included from...
C:/Users/NGUYEN VIET DUC/AppData/Local/Arm/Packs/Keil/STM32F1xx_DFP/2.4.1/Device/Include\stm32f10x.h(18): warning: invalid UTF-8 in comment [-Winvalid-utf8]
   18 |   *              - To use or not the peripheral<92>s drivers in application code(i.e. 
      |                                                ^
C:/Users/NGUYEN VIET DUC/AppData/Local/Arm/Packs/Keil/STM32F1xx_DFP/2.4.1/Device/Include\stm32f10x.h(19): warning: invalid UTF-8 in comment [-Winvalid-utf8]
   19 |   *                code will be based on direct access to peripheral<92>s registers 
      |                                                                     ^
C:/Users/NGUYEN VIET DUC/AppData/Local/Arm/Packs/Keil/STM32F1xx_DFP/2.4.1/Device/Include\stm32f10x.h(26): warning: invalid UTF-8 in comment [-Winvalid-utf8]
   26 |   *           - Macros to access peripheral<92>s registers hardware
      |                                            ^
led.c(2): warning: In file included from...
./led.h(1): warning: In file included from...
C:/Users/NGUYEN VIET DUC/AppData/Local/Arm/Packs/Keil/STM32F1xx_DFP/2.4.1/Device/Include\stm32f10x.h(8347): warning: In file included from...
./RTE/Device/STM32F103C8\stm32f10x_conf.h(63): warning: In file included from...
C:/Users/NGUYEN VIET DUC/AppData/Local/Arm/Packs/Keil/STM32F1xx_DFP/2.4.1/Device/StdPeriph_Driver/inc\stm32f10x_gpio.h(31): warning: In file included from...
C:/Users/NGUYEN VIET DUC/AppData/Local/Arm/Packs/Keil/STM32F1xx_DFP/2.4.1/Device/Include\stm32f10x.h(18): warning: invalid UTF-8 in comment [-Winvalid-utf8]
   18 |   *              - To use or not the peripheral<92>s drivers in application code(i.e. 
      |                                                ^
C:/Users/NGUYEN VIET DUC/AppData/Local/Arm/Packs/Keil/STM32F1xx_DFP/2.4.1/Device/Include\stm32f10x.h(19): warning: invalid UTF-8 in comment [-Winvalid-utf8]
   19 |   *                code will be based on direct access to peripheral<92>s registers 
      |                                                                     ^
C:/Users/NGUYEN VIET DUC/AppData/Local/Arm/Packs/Keil/STM32F1xx_DFP/2.4.1/Device/Include\stm32f10x.h(26): warning: invalid UTF-8 in comment [-Winvalid-utf8]
   26 |   *           - Macros to access peripheral<92>s registers hardware
      |                                            ^
led.c(2): warning: In file included from...
./led.h(1): warning: In file included from...
C:/Users/NGUYEN VIET DUC/AppData/Local/Arm/Packs/Keil/STM32F1xx_DFP/2.4.1/Device/Include\stm32f10x.h(8347): warning: In file included from...
./RTE/Device/STM32F103C8\stm32f10x_conf.h(75): warning: In file included from...
C:/Users/NGUYEN VIET DUC/AppData/Local/Arm/Packs/Keil/STM32F1xx_DFP/2.4.1/Device/StdPeriph_Driver/inc\stm32f10x_rcc.h(31): warning: In file included from...
C:/Users/NGUYEN VIET DUC/AppData/Local/Arm/Packs/Keil/STM32F1xx_DFP/2.4.1/Device/Include\stm32f10x.h(18): warning: invalid UTF-8 in comment [-Winvalid-utf8]
   18 |   *              - To use or not the peripheral<92>s drivers in application code(i.e. 
      |                                                ^
C:/Users/NGUYEN VIET DUC/AppData/Local/Arm/Packs/Keil/STM32F1xx_DFP/2.4.1/Device/Include\stm32f10x.h(19): warning: invalid UTF-8 in comment [-Winvalid-utf8]
   19 |   *                code will be based on direct access to peripheral<92>s registers 
      |                                                                     ^
C:/Users/NGUYEN VIET DUC/AppData/Local/Arm/Packs/Keil/STM32F1xx_DFP/2.4.1/Device/Include\stm32f10x.h(26): warning: invalid UTF-8 in comment [-Winvalid-utf8]
   26 |   *           - Macros to access peripheral<92>s registers hardware
      |                                            ^
led.c(2): warning: In file included from...
./led.h(1): warning: In file included from...
C:/Users/NGUYEN VIET DUC/AppData/Local/Arm/Packs/Keil/STM32F1xx_DFP/2.4.1/Device/Include\stm32f10x.h(8347): warning: In file included from...
./RTE/Device/STM32F103C8\stm32f10x_conf.h(96): warning: In file included from...
C:/Users/NGUYEN VIET DUC/AppData/Local/Arm/Packs/Keil/STM32F1xx_DFP/2.4.1/Device/StdPeriph_Driver/inc\misc.h(31): warning: In file included from...
C:/Users/NGUYEN VIET DUC/AppData/Local/Arm/Packs/Keil/STM32F1xx_DFP/2.4.1/Device/Include\stm32f10x.h(18): warning: invalid UTF-8 in comment [-Winvalid-utf8]
   18 |   *              - To use or not the peripheral<92>s drivers in application code(i.e. 
      |                                                ^
C:/Users/NGUYEN VIET DUC/AppData/Local/Arm/Packs/Keil/STM32F1xx_DFP/2.4.1/Device/Include\stm32f10x.h(19): warning: invalid UTF-8 in comment [-Winvalid-utf8]
   19 |   *                code will be based on direct access to peripheral<92>s registers 
      |                                                                     ^
C:/Users/NGUYEN VIET DUC/AppData/Local/Arm/Packs/Keil/STM32F1xx_DFP/2.4.1/Device/Include\stm32f10x.h(26): warning: invalid UTF-8 in comment [-Winvalid-utf8]
   26 |   *           - Macros to access peripheral<92>s registers hardware
      |                                            ^
led.c(12): warning: invalid UTF-8 in comment [-Winvalid-utf8]
   12 |         gpio_init(PortA, 2, OUT_GP_PP, OUT2); // Kh?i t?o ch<E2>n GPIO C13 cho LED xanh
      |                                                             ^
led.c(14): warning: invalid UTF-8 in comment [-Winvalid-utf8]
   14 |         gpio_init(PortB, 5, OUT_GP_PP, OUT2); // Kh?i t?o ch<E2>n GPIO B5 cho LED d?
      |                                                             ^
led.c(33): warning: invalid UTF-8 in comment [-Winvalid-utf8]
   33 |         GPIOB->BRR = LEDRED_PIN; // <D0>?t ch<E2>n GPIOB5 xu?ng m?c th?p
      |                                     ^
led.c(33): warning: invalid UTF-8 in comment [-Winvalid-utf8]
   33 |         GPIOB->BRR = LEDRED_PIN; // <D0>?t ch<E2>n GPIOB5 xu?ng m?c th?p
      |                                              ^
16 warnings generated.
compiling led.c...
main.c(1): warning: In file included from...
./main.h(3): warning: In file included from...
./timer.h(4): warning: In file included from...
C:/Users/NGUYEN VIET DUC/AppData/Local/Arm/Packs/Keil/STM32F1xx_DFP/2.4.1/Device/Include\stm32f10x.h(18): warning: invalid UTF-8 in comment [-Winvalid-utf8]
   18 |   *              - To use or not the peripheral<92>s drivers in application code(i.e. 
      |                                                ^
C:/Users/NGUYEN VIET DUC/AppData/Local/Arm/Packs/Keil/STM32F1xx_DFP/2.4.1/Device/Include\stm32f10x.h(19): warning: invalid UTF-8 in comment [-Winvalid-utf8]
   19 |   *                code will be based on direct access to peripheral<92>s registers 
      |                                                                     ^
C:/Users/NGUYEN VIET DUC/AppData/Local/Arm/Packs/Keil/STM32F1xx_DFP/2.4.1/Device/Include\stm32f10x.h(26): warning: invalid UTF-8 in comment [-Winvalid-utf8]
   26 |   *           - Macros to access peripheral<92>s registers hardware
      |                                            ^
main.c(1): warning: In file included from...
./main.h(3): warning: In file included from...
./timer.h(4): warning: In file included from...
C:/Users/NGUYEN VIET DUC/AppData/Local/Arm/Packs/Keil/STM32F1xx_DFP/2.4.1/Device/Include\stm32f10x.h(8347): warning: In file included from...
./RTE/Device/STM32F103C8\stm32f10x_conf.h(63): warning: In file included from...
C:/Users/NGUYEN VIET DUC/AppData/Local/Arm/Packs/Keil/STM32F1xx_DFP/2.4.1/Device/StdPeriph_Driver/inc\stm32f10x_gpio.h(31): warning: In file included from...
C:/Users/NGUYEN VIET DUC/AppData/Local/Arm/Packs/Keil/STM32F1xx_DFP/2.4.1/Device/Include\stm32f10x.h(18): warning: invalid UTF-8 in comment [-Winvalid-utf8]
   18 |   *              - To use or not the peripheral<92>s drivers in application code(i.e. 
      |                                                ^
C:/Users/NGUYEN VIET DUC/AppData/Local/Arm/Packs/Keil/STM32F1xx_DFP/2.4.1/Device/Include\stm32f10x.h(19): warning: invalid UTF-8 in comment [-Winvalid-utf8]
   19 |   *                code will be based on direct access to peripheral<92>s registers 
      |                                                                     ^
C:/Users/NGUYEN VIET DUC/AppData/Local/Arm/Packs/Keil/STM32F1xx_DFP/2.4.1/Device/Include\stm32f10x.h(26): warning: invalid UTF-8 in comment [-Winvalid-utf8]
   26 |   *           - Macros to access peripheral<92>s registers hardware
      |                                            ^
main.c(1): warning: In file included from...
./main.h(3): warning: In file included from...
./timer.h(4): warning: In file included from...
C:/Users/NGUYEN VIET DUC/AppData/Local/Arm/Packs/Keil/STM32F1xx_DFP/2.4.1/Device/Include\stm32f10x.h(8347): warning: In file included from...
./RTE/Device/STM32F103C8\stm32f10x_conf.h(75): warning: In file included from...
C:/Users/NGUYEN VIET DUC/AppData/Local/Arm/Packs/Keil/STM32F1xx_DFP/2.4.1/Device/StdPeriph_Driver/inc\stm32f10x_rcc.h(31): warning: In file included from...
C:/Users/NGUYEN VIET DUC/AppData/Local/Arm/Packs/Keil/STM32F1xx_DFP/2.4.1/Device/Include\stm32f10x.h(18): warning: invalid UTF-8 in comment [-Winvalid-utf8]
   18 |   *              - To use or not the peripheral<92>s drivers in application code(i.e. 
      |                                                ^
C:/Users/NGUYEN VIET DUC/AppData/Local/Arm/Packs/Keil/STM32F1xx_DFP/2.4.1/Device/Include\stm32f10x.h(19): warning: invalid UTF-8 in comment [-Winvalid-utf8]
   19 |   *                code will be based on direct access to peripheral<92>s registers 
      |                                                                     ^
C:/Users/NGUYEN VIET DUC/AppData/Local/Arm/Packs/Keil/STM32F1xx_DFP/2.4.1/Device/Include\stm32f10x.h(26): warning: invalid UTF-8 in comment [-Winvalid-utf8]
   26 |   *           - Macros to access peripheral<92>s registers hardware
      |                                            ^
main.c(1): warning: In file included from...
./main.h(3): warning: In file included from...
./timer.h(4): warning: In file included from...
C:/Users/NGUYEN VIET DUC/AppData/Local/Arm/Packs/Keil/STM32F1xx_DFP/2.4.1/Device/Include\stm32f10x.h(8347): warning: In file included from...
./RTE/Device/STM32F103C8\stm32f10x_conf.h(96): warning: In file included from...
C:/Users/NGUYEN VIET DUC/AppData/Local/Arm/Packs/Keil/STM32F1xx_DFP/2.4.1/Device/StdPeriph_Driver/inc\misc.h(31): warning: In file included from...
C:/Users/NGUYEN VIET DUC/AppData/Local/Arm/Packs/Keil/STM32F1xx_DFP/2.4.1/Device/Include\stm32f10x.h(18): warning: invalid UTF-8 in comment [-Winvalid-utf8]
   18 |   *              - To use or not the peripheral<92>s drivers in application code(i.e. 
      |                                                ^
C:/Users/NGUYEN VIET DUC/AppData/Local/Arm/Packs/Keil/STM32F1xx_DFP/2.4.1/Device/Include\stm32f10x.h(19): warning: invalid UTF-8 in comment [-Winvalid-utf8]
   19 |   *                code will be based on direct access to peripheral<92>s registers 
      |                                                                     ^
C:/Users/NGUYEN VIET DUC/AppData/Local/Arm/Packs/Keil/STM32F1xx_DFP/2.4.1/Device/Include\stm32f10x.h(26): warning: invalid UTF-8 in comment [-Winvalid-utf8]
   26 |   *           - Macros to access peripheral<92>s registers hardware
      |                                            ^
main.c(1): warning: In file included from...
./main.h(5): warning: In file included from...
./i2c.h(7): warning: invalid UTF-8 in comment [-Winvalid-utf8]
    7 | #include "gpio.h"  // <D0>ua gpio.h l<EA>n tr<EA>n systick.h v<EC> n<F3> du?c s? d?ng trong i2c.h
      |                       ^
./i2c.h(7): warning: invalid UTF-8 in comment [-Winvalid-utf8]
    7 | #include "gpio.h"  // <D0>ua gpio.h l<EA>n tr<EA>n systick.h v<EC> n<F3> du?c s? d?ng trong i2c.h
      |                                      ^
./i2c.h(7): warning: invalid UTF-8 in comment [-Winvalid-utf8]
    7 | #include "gpio.h"  // <D0>ua gpio.h l<EA>n tr<EA>n systick.h v<EC> n<F3> du?c s? d?ng trong i2c.h
      |                                              ^
./i2c.h(7): warning: invalid UTF-8 in comment [-Winvalid-utf8]
    7 | #include "gpio.h"  // <D0>ua gpio.h l<EA>n tr<EA>n systick.h v<EC> n<F3> du?c s? d?ng trong i2c.h
      |                                                               ^
./i2c.h(7): warning: invalid UTF-8 in comment [-Winvalid-utf8]
    7 | #include "gpio.h"  // <D0>ua gpio.h l<EA>n tr<EA>n systick.h v<EC> n<F3> du?c s? d?ng trong i2c.h
      |                                                                     ^
./i2c.h(9): warning: invalid UTF-8 in comment [-Winvalid-utf8]
    9 | // <D0>?nh nghia h?ng s? speed mode
      |    ^
./i2c.h(13): warning: invalid UTF-8 in comment [-Winvalid-utf8]
   13 | // <D0>?nh nghia h?ng s? ACK v<E0> NACK
      |    ^
./i2c.h(13): warning: invalid UTF-8 in comment [-Winvalid-utf8]
   13 | // <D0>?nh nghia h?ng s? ACK v<E0> NACK
      |                               ^
./i2c.h(19): warning: invalid UTF-8 in comment [-Winvalid-utf8]
   19 | // <D0>?nh nghia ki?u d? li?u v<E0> h?ng s? enum Status
      |    ^
./i2c.h(19): warning: invalid UTF-8 in comment [-Winvalid-utf8]
   19 | // <D0>?nh nghia ki?u d? li?u v<E0> h?ng s? enum Status
      |                                ^
./i2c.h(22): warning: invalid UTF-8 in comment [-Winvalid-utf8]
   22 | // <D0>?nh nghia c<E1>c h<E0>m API cho thu vi?n I2C
      |    ^
./i2c.h(22): warning: invalid UTF-8 in comment [-Winvalid-utf8]
   22 | // <D0>?nh nghia c<E1>c h<E0>m API cho thu vi?n I2C
      |                   ^
./i2c.h(22): warning: invalid UTF-8 in comment [-Winvalid-utf8]
   22 | // <D0>?nh nghia c<E1>c h<E0>m API cho thu vi?n I2C
      |                          ^
main.c(17): warning: invalid UTF-8 in comment [-Winvalid-utf8]
   17 |     // Kh?i t?o m<E0>n h<EC>nh LCD
      |                  ^
main.c(17): warning: invalid UTF-8 in comment [-Winvalid-utf8]
   17 |     // Kh?i t?o m<E0>n h<EC>nh LCD
      |                         ^
main.c(20): warning: invalid UTF-8 in comment [-Winvalid-utf8]
   20 |     // Hi?n th? th<F4>ng di?p tr<EA>n m<E0>n h<EC>nh LCD
      |                   ^
main.c(20): warning: invalid UTF-8 in comment [-Winvalid-utf8]
   20 |     // Hi?n th? th<F4>ng di?p tr<EA>n m<E0>n h<EC>nh LCD
      |                                 ^
main.c(20): warning: invalid UTF-8 in comment [-Winvalid-utf8]
   20 |     // Hi?n th? th<F4>ng di?p tr<EA>n m<E0>n h<EC>nh LCD
      |                                        ^
main.c(20): warning: invalid UTF-8 in comment [-Winvalid-utf8]
   20 |     // Hi?n th? th<F4>ng di?p tr<EA>n m<E0>n h<EC>nh LCD
      |                                               ^
main.c(71): warning: no previous prototype for function 'EXTI0_IRQHandler' [-Wmissing-prototypes]
   71 | void EXTI0_IRQHandler(void) {
      |      ^
main.c(71): note: declare 'static' if the function is not intended to be used outside of this translation unit
   71 | void EXTI0_IRQHandler(void) {
      | ^
      | static 
main.c(79): warning: no previous prototype for function 'EXTI1_IRQHandler' [-Wmissing-prototypes]
   79 | void EXTI1_IRQHandler(void) {
      |      ^
main.c(79): note: declare 'static' if the function is not intended to be used outside of this translation unit
   79 | void EXTI1_IRQHandler(void) {
      | ^
      | static 
main.c(85): warning: no previous prototype for function 'TIM2_IRQHandler' [-Wmissing-prototypes]
   85 | void TIM2_IRQHandler(void)
      |      ^
main.c(85): note: declare 'static' if the function is not intended to be used outside of this translation unit
   85 | void TIM2_IRQHandler(void)
      | ^
      | static 
main.c(94): warning: no previous prototype for function 'TIM3_IRQHandler' [-Wmissing-prototypes]
   94 | void TIM3_IRQHandler(void) {
      |      ^
main.c(94): note: declare 'static' if the function is not intended to be used outside of this translation unit
   94 | void TIM3_IRQHandler(void) {
      | ^
      | static 
35 warnings generated.
compiling main.c...
i2c.c(1): warning: In file included from...
./i2c.h(4): warning: In file included from...
C:/Users/NGUYEN VIET DUC/AppData/Local/Arm/Packs/Keil/STM32F1xx_DFP/2.4.1/Device/Include\stm32f10x.h(18): warning: invalid UTF-8 in comment [-Winvalid-utf8]
   18 |   *              - To use or not the peripheral<92>s drivers in application code(i.e. 
      |                                                ^
C:/Users/NGUYEN VIET DUC/AppData/Local/Arm/Packs/Keil/STM32F1xx_DFP/2.4.1/Device/Include\stm32f10x.h(19): warning: invalid UTF-8 in comment [-Winvalid-utf8]
   19 |   *                code will be based on direct access to peripheral<92>s registers 
      |                                                                     ^
C:/Users/NGUYEN VIET DUC/AppData/Local/Arm/Packs/Keil/STM32F1xx_DFP/2.4.1/Device/Include\stm32f10x.h(26): warning: invalid UTF-8 in comment [-Winvalid-utf8]
   26 |   *           - Macros to access peripheral<92>s registers hardware
      |                                            ^
i2c.c(1): warning: In file included from...
./i2c.h(4): warning: In file included from...
C:/Users/NGUYEN VIET DUC/AppData/Local/Arm/Packs/Keil/STM32F1xx_DFP/2.4.1/Device/Include\stm32f10x.h(8347): warning: In file included from...
./RTE/Device/STM32F103C8\stm32f10x_conf.h(63): warning: In file included from...
C:/Users/NGUYEN VIET DUC/AppData/Local/Arm/Packs/Keil/STM32F1xx_DFP/2.4.1/Device/StdPeriph_Driver/inc\stm32f10x_gpio.h(31): warning: In file included from...
C:/Users/NGUYEN VIET DUC/AppData/Local/Arm/Packs/Keil/STM32F1xx_DFP/2.4.1/Device/Include\stm32f10x.h(18): warning: invalid UTF-8 in comment [-Winvalid-utf8]
   18 |   *              - To use or not the peripheral<92>s drivers in application code(i.e. 
      |                                                ^
C:/Users/NGUYEN VIET DUC/AppData/Local/Arm/Packs/Keil/STM32F1xx_DFP/2.4.1/Device/Include\stm32f10x.h(19): warning: invalid UTF-8 in comment [-Winvalid-utf8]
   19 |   *                code will be based on direct access to peripheral<92>s registers 
      |                                                                     ^
C:/Users/NGUYEN VIET DUC/AppData/Local/Arm/Packs/Keil/STM32F1xx_DFP/2.4.1/Device/Include\stm32f10x.h(26): warning: invalid UTF-8 in comment [-Winvalid-utf8]
   26 |   *           - Macros to access peripheral<92>s registers hardware
      |                                            ^
i2c.c(1): warning: In file included from...
./i2c.h(4): warning: In file included from...
C:/Users/NGUYEN VIET DUC/AppData/Local/Arm/Packs/Keil/STM32F1xx_DFP/2.4.1/Device/Include\stm32f10x.h(8347): warning: In file included from...
./RTE/Device/STM32F103C8\stm32f10x_conf.h(75): warning: In file included from...
C:/Users/NGUYEN VIET DUC/AppData/Local/Arm/Packs/Keil/STM32F1xx_DFP/2.4.1/Device/StdPeriph_Driver/inc\stm32f10x_rcc.h(31): warning: In file included from...
C:/Users/NGUYEN VIET DUC/AppData/Local/Arm/Packs/Keil/STM32F1xx_DFP/2.4.1/Device/Include\stm32f10x.h(18): warning: invalid UTF-8 in comment [-Winvalid-utf8]
   18 |   *              - To use or not the peripheral<92>s drivers in application code(i.e. 
      |                                                ^
C:/Users/NGUYEN VIET DUC/AppData/Local/Arm/Packs/Keil/STM32F1xx_DFP/2.4.1/Device/Include\stm32f10x.h(19): warning: invalid UTF-8 in comment [-Winvalid-utf8]
   19 |   *                code will be based on direct access to peripheral<92>s registers 
      |                                                                     ^
C:/Users/NGUYEN VIET DUC/AppData/Local/Arm/Packs/Keil/STM32F1xx_DFP/2.4.1/Device/Include\stm32f10x.h(26): warning: invalid UTF-8 in comment [-Winvalid-utf8]
   26 |   *           - Macros to access peripheral<92>s registers hardware
      |                                            ^
i2c.c(1): warning: In file included from...
./i2c.h(4): warning: In file included from...
C:/Users/NGUYEN VIET DUC/AppData/Local/Arm/Packs/Keil/STM32F1xx_DFP/2.4.1/Device/Include\stm32f10x.h(8347): warning: In file included from...
./RTE/Device/STM32F103C8\stm32f10x_conf.h(96): warning: In file included from...
C:/Users/NGUYEN VIET DUC/AppData/Local/Arm/Packs/Keil/STM32F1xx_DFP/2.4.1/Device/StdPeriph_Driver/inc\misc.h(31): warning: In file included from...
C:/Users/NGUYEN VIET DUC/AppData/Local/Arm/Packs/Keil/STM32F1xx_DFP/2.4.1/Device/Include\stm32f10x.h(18): warning: invalid UTF-8 in comment [-Winvalid-utf8]
   18 |   *              - To use or not the peripheral<92>s drivers in application code(i.e. 
      |                                                ^
C:/Users/NGUYEN VIET DUC/AppData/Local/Arm/Packs/Keil/STM32F1xx_DFP/2.4.1/Device/Include\stm32f10x.h(19): warning: invalid UTF-8 in comment [-Winvalid-utf8]
   19 |   *                code will be based on direct access to peripheral<92>s registers 
      |                                                                     ^
C:/Users/NGUYEN VIET DUC/AppData/Local/Arm/Packs/Keil/STM32F1xx_DFP/2.4.1/Device/Include\stm32f10x.h(26): warning: invalid UTF-8 in comment [-Winvalid-utf8]
   26 |   *           - Macros to access peripheral<92>s registers hardware
      |                                            ^
i2c.c(1): warning: In file included from...
./i2c.h(7): warning: invalid UTF-8 in comment [-Winvalid-utf8]
    7 | #include "gpio.h"  // <D0>ua gpio.h l<EA>n tr<EA>n systick.h v<EC> n<F3> du?c s? d?ng trong i2c.h
      |                       ^
./i2c.h(7): warning: invalid UTF-8 in comment [-Winvalid-utf8]
    7 | #include "gpio.h"  // <D0>ua gpio.h l<EA>n tr<EA>n systick.h v<EC> n<F3> du?c s? d?ng trong i2c.h
      |                                      ^
./i2c.h(7): warning: invalid UTF-8 in comment [-Winvalid-utf8]
    7 | #include "gpio.h"  // <D0>ua gpio.h l<EA>n tr<EA>n systick.h v<EC> n<F3> du?c s? d?ng trong i2c.h
      |                                              ^
./i2c.h(7): warning: invalid UTF-8 in comment [-Winvalid-utf8]
    7 | #include "gpio.h"  // <D0>ua gpio.h l<EA>n tr<EA>n systick.h v<EC> n<F3> du?c s? d?ng trong i2c.h
      |                                                               ^
./i2c.h(7): warning: invalid UTF-8 in comment [-Winvalid-utf8]
    7 | #include "gpio.h"  // <D0>ua gpio.h l<EA>n tr<EA>n systick.h v<EC> n<F3> du?c s? d?ng trong i2c.h
      |                                                                     ^
./i2c.h(9): warning: invalid UTF-8 in comment [-Winvalid-utf8]
    9 | // <D0>?nh nghia h?ng s? speed mode
      |    ^
./i2c.h(13): warning: invalid UTF-8 in comment [-Winvalid-utf8]
   13 | // <D0>?nh nghia h?ng s? ACK v<E0> NACK
      |    ^
./i2c.h(13): warning: invalid UTF-8 in comment [-Winvalid-utf8]
   13 | // <D0>?nh nghia h?ng s? ACK v<E0> NACK
      |                               ^
./i2c.h(19): warning: invalid UTF-8 in comment [-Winvalid-utf8]
   19 | // <D0>?nh nghia ki?u d? li?u v<E0> h?ng s? enum Status
      |    ^
./i2c.h(19): warning: invalid UTF-8 in comment [-Winvalid-utf8]
   19 | // <D0>?nh nghia ki?u d? li?u v<E0> h?ng s? enum Status
      |                                ^
./i2c.h(22): warning: invalid UTF-8 in comment [-Winvalid-utf8]
   22 | // <D0>?nh nghia c<E1>c h<E0>m API cho thu vi?n I2C
      |    ^
./i2c.h(22): warning: invalid UTF-8 in comment [-Winvalid-utf8]
   22 | // <D0>?nh nghia c<E1>c h<E0>m API cho thu vi?n I2C
      |                   ^
./i2c.h(22): warning: invalid UTF-8 in comment [-Winvalid-utf8]
   22 | // <D0>?nh nghia c<E1>c h<E0>m API cho thu vi?n I2C
      |                          ^
i2c.c(7): warning: invalid UTF-8 in comment [-Winvalid-utf8]
    7 |     // C?u h<EC>nh ch<E2>n SCL v<E0> SDA
      |             ^
i2c.c(7): warning: invalid UTF-8 in comment [-Winvalid-utf8]
    7 |     // C?u h<EC>nh ch<E2>n SCL v<E0> SDA
      |                      ^
i2c.c(7): warning: invalid UTF-8 in comment [-Winvalid-utf8]
    7 |     // C?u h<EC>nh ch<E2>n SCL v<E0> SDA
      |                                 ^
i2c.c(16): warning: invalid UTF-8 in comment [-Winvalid-utf8]
   16 |         I2C1->CR2 = 0x8;  // C<E0>i d?t t?n s? 8MHz
      |                               ^
i2c.c(17): warning: invalid UTF-8 in comment [-Winvalid-utf8]
   17 |         I2C1->CCR = speed_mode;  // C<E0>i d?t t?c d? truy?n
      |                                      ^
i2c.c(21): warning: invalid UTF-8 in comment [-Winvalid-utf8]
   21 |         I2C2->CR2 = 0x8;  // C<E0>i d?t t?n s? 8MHz
      |                               ^
i2c.c(22): warning: invalid UTF-8 in comment [-Winvalid-utf8]
   22 |         I2C2->CCR = speed_mode;  // C<E0>i d?t t?c d? truy?n
      |                                      ^
i2c.c(32): warning: invalid UTF-8 in comment [-Winvalid-utf8]
   32 |         while (!(I2C1->SR1 & I2C_SR1_SB));  // <D0>?i t?i khi tr?ng th<E1>i start du?c x<E1>c nh?n
      |                                                ^
i2c.c(32): warning: invalid UTF-8 in comment [-Winvalid-utf8]
   32 |         while (!(I2C1->SR1 & I2C_SR1_SB));  // <D0>?i t?i khi tr?ng th<E1>i start du?c x<E1>c nh?n
      |                                                                       ^
i2c.c(32): warning: invalid UTF-8 in comment [-Winvalid-utf8]
   32 |         while (!(I2C1->SR1 & I2C_SR1_SB));  // <D0>?i t?i khi tr?ng th<E1>i start du?c x<E1>c nh?n
      |                                                                                         ^
i2c.c(35): warning: invalid UTF-8 in comment [-Winvalid-utf8]
   35 |         while (!(I2C2->SR1 & I2C_SR1_SB));  // <D0>?i t?i khi tr?ng th<E1>i start du?c x<E1>c nh?n
      |                                                ^
i2c.c(35): warning: invalid UTF-8 in comment [-Winvalid-utf8]
   35 |         while (!(I2C2->SR1 & I2C_SR1_SB));  // <D0>?i t?i khi tr?ng th<E1>i start du?c x<E1>c nh?n
      |                                                                       ^
i2c.c(35): warning: invalid UTF-8 in comment [-Winvalid-utf8]
   35 |         while (!(I2C2->SR1 & I2C_SR1_SB));  // <D0>?i t?i khi tr?ng th<E1>i start du?c x<E1>c nh?n
      |                                                                                         ^
i2c.c(44): warning: invalid UTF-8 in comment [-Winvalid-utf8]
   44 |         while (!(I2C1->SR1 & I2C_SR1_ADDR));  // <D0>?i t?i khi tr?ng th<E1>i d?a ch? du?c x<E1>c nh?n
      |                                                  ^
i2c.c(44): warning: invalid UTF-8 in comment [-Winvalid-utf8]
   44 |         while (!(I2C1->SR1 & I2C_SR1_ADDR));  // <D0>?i t?i khi tr?ng th<E1>i d?a ch? du?c x<E1>c nh?n
      |                                                                         ^
i2c.c(44): warning: invalid UTF-8 in comment [-Winvalid-utf8]
   44 |         while (!(I2C1->SR1 & I2C_SR1_ADDR));  // <D0>?i t?i khi tr?ng th<E1>i d?a ch? du?c x<E1>c nh?n
      |                                                                                             ^
i2c.c(45): warning: invalid UTF-8 in comment [-Winvalid-utf8]
   45 |         (void) I2C1->SR2;  // <D0>?c SR2 d? clear di tr?ng th<E1>i d?a ch?
      |                               ^
i2c.c(45): warning: invalid UTF-8 in comment [-Winvalid-utf8]
   45 |         (void) I2C1->SR2;  // <D0>?c SR2 d? clear di tr?ng th<E1>i d?a ch?
      |                                                              ^
i2c.c(48): warning: invalid UTF-8 in comment [-Winvalid-utf8]
   48 |         while (!(I2C2->SR1 & I2C_SR1_ADDR));  // <D0>?i t?i khi tr?ng th<E1>i d?a ch? du?c x<E1>c nh?n
      |                                                  ^
i2c.c(48): warning: invalid UTF-8 in comment [-Winvalid-utf8]
   48 |         while (!(I2C2->SR1 & I2C_SR1_ADDR));  // <D0>?i t?i khi tr?ng th<E1>i d?a ch? du?c x<E1>c nh?n
      |                                                                         ^
i2c.c(48): warning: invalid UTF-8 in comment [-Winvalid-utf8]
   48 |         while (!(I2C2->SR1 & I2C_SR1_ADDR));  // <D0>?i t?i khi tr?ng th<E1>i d?a ch? du?c x<E1>c nh?n
      |                                                                                             ^
i2c.c(49): warning: invalid UTF-8 in comment [-Winvalid-utf8]
   49 |         (void) I2C2->SR2;  // <D0>?c SR2 d? clear di tr?ng th<E1>i d?a ch?
      |                               ^
i2c.c(49): warning: invalid UTF-8 in comment [-Winvalid-utf8]
   49 |         (void) I2C2->SR2;  // <D0>?c SR2 d? clear di tr?ng th<E1>i d?a ch?
      |                                                              ^
i2c.c(58): warning: invalid UTF-8 in comment [-Winvalid-utf8]
   58 |         while (!(I2C1->SR1 & I2C_SR1_TXE));  // <D0>?i t?i khi thanh ghi truy?n r?ng
      |                                                 ^
i2c.c(61): warning: invalid UTF-8 in comment [-Winvalid-utf8]
   61 |         while (!(I2C2->SR1 & I2C_SR1_TXE));  // <D0>?i t?i khi thanh ghi truy?n r?ng
      |                                                 ^
i2c.c(81): warning: unsafe buffer access [-Wunsafe-buffer-usage]
   81 |     while (data[i] != '\0') {
      |            ^~~~
i2c.c(82): warning: unsafe buffer access [-Wunsafe-buffer-usage]
   82 |         i2c_data(i2c, data[i]);
      |                       ^~~~
52 warnings generated.
compiling i2c.c...
gpio.c(1): warning: In file included from...
./gpio.h(3): warning: In file included from...
C:/Users/NGUYEN VIET DUC/AppData/Local/Arm/Packs/Keil/STM32F1xx_DFP/2.4.1/Device/Include\stm32f10x.h(18): warning: invalid UTF-8 in comment [-Winvalid-utf8]
   18 |   *              - To use or not the peripheral<92>s drivers in application code(i.e. 
      |                                                ^
C:/Users/NGUYEN VIET DUC/AppData/Local/Arm/Packs/Keil/STM32F1xx_DFP/2.4.1/Device/Include\stm32f10x.h(19): warning: invalid UTF-8 in comment [-Winvalid-utf8]
   19 |   *                code will be based on direct access to peripheral<92>s registers 
      |                                                                     ^
C:/Users/NGUYEN VIET DUC/AppData/Local/Arm/Packs/Keil/STM32F1xx_DFP/2.4.1/Device/Include\stm32f10x.h(26): warning: invalid UTF-8 in comment [-Winvalid-utf8]
   26 |   *           - Macros to access peripheral<92>s registers hardware
      |                                            ^
gpio.c(1): warning: In file included from...
./gpio.h(3): warning: In file included from...
C:/Users/NGUYEN VIET DUC/AppData/Local/Arm/Packs/Keil/STM32F1xx_DFP/2.4.1/Device/Include\stm32f10x.h(8347): warning: In file included from...
./RTE/Device/STM32F103C8\stm32f10x_conf.h(63): warning: In file included from...
C:/Users/NGUYEN VIET DUC/AppData/Local/Arm/Packs/Keil/STM32F1xx_DFP/2.4.1/Device/StdPeriph_Driver/inc\stm32f10x_gpio.h(31): warning: In file included from...
C:/Users/NGUYEN VIET DUC/AppData/Local/Arm/Packs/Keil/STM32F1xx_DFP/2.4.1/Device/Include\stm32f10x.h(18): warning: invalid UTF-8 in comment [-Winvalid-utf8]
   18 |   *              - To use or not the peripheral<92>s drivers in application code(i.e. 
      |                                                ^
C:/Users/NGUYEN VIET DUC/AppData/Local/Arm/Packs/Keil/STM32F1xx_DFP/2.4.1/Device/Include\stm32f10x.h(19): warning: invalid UTF-8 in comment [-Winvalid-utf8]
   19 |   *                code will be based on direct access to peripheral<92>s registers 
      |                                                                     ^
C:/Users/NGUYEN VIET DUC/AppData/Local/Arm/Packs/Keil/STM32F1xx_DFP/2.4.1/Device/Include\stm32f10x.h(26): warning: invalid UTF-8 in comment [-Winvalid-utf8]
   26 |   *           - Macros to access peripheral<92>s registers hardware
      |                                            ^
gpio.c(1): warning: In file included from...
./gpio.h(3): warning: In file included from...
C:/Users/NGUYEN VIET DUC/AppData/Local/Arm/Packs/Keil/STM32F1xx_DFP/2.4.1/Device/Include\stm32f10x.h(8347): warning: In file included from...
./RTE/Device/STM32F103C8\stm32f10x_conf.h(75): warning: In file included from...
C:/Users/NGUYEN VIET DUC/AppData/Local/Arm/Packs/Keil/STM32F1xx_DFP/2.4.1/Device/StdPeriph_Driver/inc\stm32f10x_rcc.h(31): warning: In file included from...
C:/Users/NGUYEN VIET DUC/AppData/Local/Arm/Packs/Keil/STM32F1xx_DFP/2.4.1/Device/Include\stm32f10x.h(18): warning: invalid UTF-8 in comment [-Winvalid-utf8]
   18 |   *              - To use or not the peripheral<92>s drivers in application code(i.e. 
      |                                                ^
C:/Users/NGUYEN VIET DUC/AppData/Local/Arm/Packs/Keil/STM32F1xx_DFP/2.4.1/Device/Include\stm32f10x.h(19): warning: invalid UTF-8 in comment [-Winvalid-utf8]
   19 |   *                code will be based on direct access to peripheral<92>s registers 
      |                                                                     ^
C:/Users/NGUYEN VIET DUC/AppData/Local/Arm/Packs/Keil/STM32F1xx_DFP/2.4.1/Device/Include\stm32f10x.h(26): warning: invalid UTF-8 in comment [-Winvalid-utf8]
   26 |   *           - Macros to access peripheral<92>s registers hardware
      |                                            ^
gpio.c(1): warning: In file included from...
./gpio.h(3): warning: In file included from...
C:/Users/NGUYEN VIET DUC/AppData/Local/Arm/Packs/Keil/STM32F1xx_DFP/2.4.1/Device/Include\stm32f10x.h(8347): warning: In file included from...
./RTE/Device/STM32F103C8\stm32f10x_conf.h(96): warning: In file included from...
C:/Users/NGUYEN VIET DUC/AppData/Local/Arm/Packs/Keil/STM32F1xx_DFP/2.4.1/Device/StdPeriph_Driver/inc\misc.h(31): warning: In file included from...
C:/Users/NGUYEN VIET DUC/AppData/Local/Arm/Packs/Keil/STM32F1xx_DFP/2.4.1/Device/Include\stm32f10x.h(18): warning: invalid UTF-8 in comment [-Winvalid-utf8]
   18 |   *              - To use or not the peripheral<92>s drivers in application code(i.e. 
      |                                                ^
C:/Users/NGUYEN VIET DUC/AppData/Local/Arm/Packs/Keil/STM32F1xx_DFP/2.4.1/Device/Include\stm32f10x.h(19): warning: invalid UTF-8 in comment [-Winvalid-utf8]
   19 |   *                code will be based on direct access to peripheral<92>s registers 
      |                                                                     ^
C:/Users/NGUYEN VIET DUC/AppData/Local/Arm/Packs/Keil/STM32F1xx_DFP/2.4.1/Device/Include\stm32f10x.h(26): warning: invalid UTF-8 in comment [-Winvalid-utf8]
   26 |   *           - Macros to access peripheral<92>s registers hardware
      |                                            ^
gpio.c(15): warning: invalid UTF-8 in comment [-Winvalid-utf8]
   15 |     // Thi?t l?p c?u h<EC>nh ch<E2>n GPIO
      |                       ^
gpio.c(15): warning: invalid UTF-8 in comment [-Winvalid-utf8]
   15 |     // Thi?t l?p c?u h<EC>nh ch<E2>n GPIO
      |                                ^
gpio.c(17): warning: invalid UTF-8 in comment [-Winvalid-utf8]
   17 |         // Ch<E2>n 0-7 s? d?ng thanh ghi CRL
      |              ^
gpio.c(19): warning: invalid UTF-8 in comment [-Winvalid-utf8]
   19 |             GPIOA->CRL &= ~(0xFU << (PIN * 4)); // clear 4 bit trong thanh ghi c?u h<EC>nh
      |                                                                                     ^
gpio.c(23): warning: invalid UTF-8 in comment [-Winvalid-utf8]
   23 |             GPIOB->CRL &= ~(0xFU << (PIN * 4)); // clear 4 bit trong thanh ghi c?u h<EC>nh
      |                                                                                     ^
gpio.c(27): warning: invalid UTF-8 in comment [-Winvalid-utf8]
   27 |             GPIOC->CRL &= ~(0xFU << (PIN * 4)); // clear 4 bit trong thanh ghi c?u h<EC>nh
      |                                                                                     ^
gpio.c(31): warning: invalid UTF-8 in comment [-Winvalid-utf8]
   31 |         // Ch<E2>n 8-15 s? d?ng thanh ghi CRH
      |              ^
gpio.c(33): warning: invalid UTF-8 in comment [-Winvalid-utf8]
   33 |             GPIOA->CRH &= ~(0xFU << ((PIN - 8) * 4)); // clear 4 bit trong thanh ghi c?u h<EC>nh
      |                                                                                           ^
gpio.c(37): warning: invalid UTF-8 in comment [-Winvalid-utf8]
   37 |             GPIOB->CRH &= ~(0xFU << ((PIN - 8) * 4)); // clear 4 bit trong thanh ghi c?u h<EC>nh
      |                                                                                           ^
gpio.c(41): warning: invalid UTF-8 in comment [-Winvalid-utf8]
   41 |             GPIOC->CRH &= ~(0xFU << ((PIN - 8) * 4)); // clear 4 bit trong thanh ghi c?u h<EC>nh
      |                                                                                           ^
gpio.c(97): warning: invalid UTF-8 in comment [-Winvalid-utf8]
   97 |     uint32_t pin_mask = (1 << PIN);  // Chuy?n d?i PIN th<E0>nh gi<E1> tr? bit
      |                                                          ^
gpio.c(97): warning: invalid UTF-8 in comment [-Winvalid-utf8]
   97 |     uint32_t pin_mask = (1 << PIN);  // Chuy?n d?i PIN th<E0>nh gi<E1> tr? bit
      |                                                                   ^
24 warnings generated.
compiling gpio.c...
lcd.c(1): warning: In file included from...
./lcd.h(4): warning: In file included from...
C:/Users/NGUYEN VIET DUC/AppData/Local/Arm/Packs/Keil/STM32F1xx_DFP/2.4.1/Device/Include\stm32f10x.h(18): warning: invalid UTF-8 in comment [-Winvalid-utf8]
   18 |   *              - To use or not the peripheral<92>s drivers in application code(i.e. 
      |                                                ^
C:/Users/NGUYEN VIET DUC/AppData/Local/Arm/Packs/Keil/STM32F1xx_DFP/2.4.1/Device/Include\stm32f10x.h(19): warning: invalid UTF-8 in comment [-Winvalid-utf8]
   19 |   *                code will be based on direct access to peripheral<92>s registers 
      |                                                                     ^
C:/Users/NGUYEN VIET DUC/AppData/Local/Arm/Packs/Keil/STM32F1xx_DFP/2.4.1/Device/Include\stm32f10x.h(26): warning: invalid UTF-8 in comment [-Winvalid-utf8]
   26 |   *           - Macros to access peripheral<92>s registers hardware
      |                                            ^
lcd.c(1): warning: In file included from...
./lcd.h(4): warning: In file included from...
C:/Users/NGUYEN VIET DUC/AppData/Local/Arm/Packs/Keil/STM32F1xx_DFP/2.4.1/Device/Include\stm32f10x.h(8347): warning: In file included from...
./RTE/Device/STM32F103C8\stm32f10x_conf.h(63): warning: In file included from...
C:/Users/NGUYEN VIET DUC/AppData/Local/Arm/Packs/Keil/STM32F1xx_DFP/2.4.1/Device/StdPeriph_Driver/inc\stm32f10x_gpio.h(31): warning: In file included from...
C:/Users/NGUYEN VIET DUC/AppData/Local/Arm/Packs/Keil/STM32F1xx_DFP/2.4.1/Device/Include\stm32f10x.h(18): warning: invalid UTF-8 in comment [-Winvalid-utf8]
   18 |   *              - To use or not the peripheral<92>s drivers in application code(i.e. 
      |                                                ^
C:/Users/NGUYEN VIET DUC/AppData/Local/Arm/Packs/Keil/STM32F1xx_DFP/2.4.1/Device/Include\stm32f10x.h(19): warning: invalid UTF-8 in comment [-Winvalid-utf8]
   19 |   *                code will be based on direct access to peripheral<92>s registers 
      |                                                                     ^
C:/Users/NGUYEN VIET DUC/AppData/Local/Arm/Packs/Keil/STM32F1xx_DFP/2.4.1/Device/Include\stm32f10x.h(26): warning: invalid UTF-8 in comment [-Winvalid-utf8]
   26 |   *           - Macros to access peripheral<92>s registers hardware
      |                                            ^
lcd.c(1): warning: In file included from...
./lcd.h(4): warning: In file included from...
C:/Users/NGUYEN VIET DUC/AppData/Local/Arm/Packs/Keil/STM32F1xx_DFP/2.4.1/Device/Include\stm32f10x.h(8347): warning: In file included from...
./RTE/Device/STM32F103C8\stm32f10x_conf.h(75): warning: In file included from...
C:/Users/NGUYEN VIET DUC/AppData/Local/Arm/Packs/Keil/STM32F1xx_DFP/2.4.1/Device/StdPeriph_Driver/inc\stm32f10x_rcc.h(31): warning: In file included from...
C:/Users/NGUYEN VIET DUC/AppData/Local/Arm/Packs/Keil/STM32F1xx_DFP/2.4.1/Device/Include\stm32f10x.h(18): warning: invalid UTF-8 in comment [-Winvalid-utf8]
   18 |   *              - To use or not the peripheral<92>s drivers in application code(i.e. 
      |                                                ^
C:/Users/NGUYEN VIET DUC/AppData/Local/Arm/Packs/Keil/STM32F1xx_DFP/2.4.1/Device/Include\stm32f10x.h(19): warning: invalid UTF-8 in comment [-Winvalid-utf8]
   19 |   *                code will be based on direct access to peripheral<92>s registers 
      |                                                                     ^
C:/Users/NGUYEN VIET DUC/AppData/Local/Arm/Packs/Keil/STM32F1xx_DFP/2.4.1/Device/Include\stm32f10x.h(26): warning: invalid UTF-8 in comment [-Winvalid-utf8]
   26 |   *           - Macros to access peripheral<92>s registers hardware
      |                                            ^
lcd.c(1): warning: In file included from...
./lcd.h(4): warning: In file included from...
C:/Users/NGUYEN VIET DUC/AppData/Local/Arm/Packs/Keil/STM32F1xx_DFP/2.4.1/Device/Include\stm32f10x.h(8347): warning: In file included from...
./RTE/Device/STM32F103C8\stm32f10x_conf.h(96): warning: In file included from...
C:/Users/NGUYEN VIET DUC/AppData/Local/Arm/Packs/Keil/STM32F1xx_DFP/2.4.1/Device/StdPeriph_Driver/inc\misc.h(31): warning: In file included from...
C:/Users/NGUYEN VIET DUC/AppData/Local/Arm/Packs/Keil/STM32F1xx_DFP/2.4.1/Device/Include\stm32f10x.h(18): warning: invalid UTF-8 in comment [-Winvalid-utf8]
   18 |   *              - To use or not the peripheral<92>s drivers in application code(i.e. 
      |                                                ^
C:/Users/NGUYEN VIET DUC/AppData/Local/Arm/Packs/Keil/STM32F1xx_DFP/2.4.1/Device/Include\stm32f10x.h(19): warning: invalid UTF-8 in comment [-Winvalid-utf8]
   19 |   *                code will be based on direct access to peripheral<92>s registers 
      |                                                                     ^
C:/Users/NGUYEN VIET DUC/AppData/Local/Arm/Packs/Keil/STM32F1xx_DFP/2.4.1/Device/Include\stm32f10x.h(26): warning: invalid UTF-8 in comment [-Winvalid-utf8]
   26 |   *           - Macros to access peripheral<92>s registers hardware
      |                                            ^
lcd.c(1): warning: In file included from...
./lcd.h(5): warning: In file included from...
./i2c.h(7): warning: invalid UTF-8 in comment [-Winvalid-utf8]
    7 | #include "gpio.h"  // <D0>ua gpio.h l<EA>n tr<EA>n systick.h v<EC> n<F3> du?c s? d?ng trong i2c.h
      |                       ^
./i2c.h(7): warning: invalid UTF-8 in comment [-Winvalid-utf8]
    7 | #include "gpio.h"  // <D0>ua gpio.h l<EA>n tr<EA>n systick.h v<EC> n<F3> du?c s? d?ng trong i2c.h
      |                                      ^
./i2c.h(7): warning: invalid UTF-8 in comment [-Winvalid-utf8]
    7 | #include "gpio.h"  // <D0>ua gpio.h l<EA>n tr<EA>n systick.h v<EC> n<F3> du?c s? d?ng trong i2c.h
      |                                              ^
./i2c.h(7): warning: invalid UTF-8 in comment [-Winvalid-utf8]
    7 | #include "gpio.h"  // <D0>ua gpio.h l<EA>n tr<EA>n systick.h v<EC> n<F3> du?c s? d?ng trong i2c.h
      |                                                               ^
./i2c.h(7): warning: invalid UTF-8 in comment [-Winvalid-utf8]
    7 | #include "gpio.h"  // <D0>ua gpio.h l<EA>n tr<EA>n systick.h v<EC> n<F3> du?c s? d?ng trong i2c.h
      |                                                                     ^
./i2c.h(9): warning: invalid UTF-8 in comment [-Winvalid-utf8]
    9 | // <D0>?nh nghia h?ng s? speed mode
      |    ^
./i2c.h(13): warning: invalid UTF-8 in comment [-Winvalid-utf8]
   13 | // <D0>?nh nghia h?ng s? ACK v<E0> NACK
      |    ^
./i2c.h(13): warning: invalid UTF-8 in comment [-Winvalid-utf8]
   13 | // <D0>?nh nghia h?ng s? ACK v<E0> NACK
      |                               ^
./i2c.h(19): warning: invalid UTF-8 in comment [-Winvalid-utf8]
   19 | // <D0>?nh nghia ki?u d? li?u v<E0> h?ng s? enum Status
      |    ^
./i2c.h(19): warning: invalid UTF-8 in comment [-Winvalid-utf8]
   19 | // <D0>?nh nghia ki?u d? li?u v<E0> h?ng s? enum Status
      |                                ^
./i2c.h(22): warning: invalid UTF-8 in comment [-Winvalid-utf8]
   22 | // <D0>?nh nghia c<E1>c h<E0>m API cho thu vi?n I2C
      |    ^
./i2c.h(22): warning: invalid UTF-8 in comment [-Winvalid-utf8]
   22 | // <D0>?nh nghia c<E1>c h<E0>m API cho thu vi?n I2C
      |                   ^
./i2c.h(22): warning: invalid UTF-8 in comment [-Winvalid-utf8]
   22 | // <D0>?nh nghia c<E1>c h<E0>m API cho thu vi?n I2C
      |                          ^
lcd.c(149): warning: implicit conversion loses integer precision: 'int' to 'unsigned char' [-Wimplicit-int-conversion]
  149 |         lcd_i2c_cmd(i2c,0x80 +pos + pos_0_16);
      |         ~~~~~~~~~~~     ~~~~~~~~~~^~~~~~~~~~
lcd.c(131): warning: unsafe buffer access [-Wunsafe-buffer-usage]
  131 |                 while(str[i])
      |                       ^~~
lcd.c(133): warning: unsafe buffer access [-Wunsafe-buffer-usage]
  133 |                         lcd_i2c_data(i2c, str[i]);
      |                                           ^~~
28 warnings generated.
compiling lcd.c...
uart.c(1): warning: In file included from...
./uart.h(8): warning: In file included from...
C:/Users/NGUYEN VIET DUC/AppData/Local/Arm/Packs/Keil/STM32F1xx_DFP/2.4.1/Device/Include\stm32f10x.h(18): warning: invalid UTF-8 in comment [-Winvalid-utf8]
   18 |   *              - To use or not the peripheral<92>s drivers in application code(i.e. 
      |                                                ^
C:/Users/NGUYEN VIET DUC/AppData/Local/Arm/Packs/Keil/STM32F1xx_DFP/2.4.1/Device/Include\stm32f10x.h(19): warning: invalid UTF-8 in comment [-Winvalid-utf8]
   19 |   *                code will be based on direct access to peripheral<92>s registers 
      |                                                                     ^
C:/Users/NGUYEN VIET DUC/AppData/Local/Arm/Packs/Keil/STM32F1xx_DFP/2.4.1/Device/Include\stm32f10x.h(26): warning: invalid UTF-8 in comment [-Winvalid-utf8]
   26 |   *           - Macros to access peripheral<92>s registers hardware
      |                                            ^
uart.c(1): warning: In file included from...
./uart.h(8): warning: In file included from...
C:/Users/NGUYEN VIET DUC/AppData/Local/Arm/Packs/Keil/STM32F1xx_DFP/2.4.1/Device/Include\stm32f10x.h(8347): warning: In file included from...
./RTE/Device/STM32F103C8\stm32f10x_conf.h(63): warning: In file included from...
C:/Users/NGUYEN VIET DUC/AppData/Local/Arm/Packs/Keil/STM32F1xx_DFP/2.4.1/Device/StdPeriph_Driver/inc\stm32f10x_gpio.h(31): warning: In file included from...
C:/Users/NGUYEN VIET DUC/AppData/Local/Arm/Packs/Keil/STM32F1xx_DFP/2.4.1/Device/Include\stm32f10x.h(18): warning: invalid UTF-8 in comment [-Winvalid-utf8]
   18 |   *              - To use or not the peripheral<92>s drivers in application code(i.e. 
      |                                                ^
C:/Users/NGUYEN VIET DUC/AppData/Local/Arm/Packs/Keil/STM32F1xx_DFP/2.4.1/Device/Include\stm32f10x.h(19): warning: invalid UTF-8 in comment [-Winvalid-utf8]
   19 |   *                code will be based on direct access to peripheral<92>s registers 
      |                                                                     ^
C:/Users/NGUYEN VIET DUC/AppData/Local/Arm/Packs/Keil/STM32F1xx_DFP/2.4.1/Device/Include\stm32f10x.h(26): warning: invalid UTF-8 in comment [-Winvalid-utf8]
   26 |   *           - Macros to access peripheral<92>s registers hardware
      |                                            ^
uart.c(1): warning: In file included from...
./uart.h(8): warning: In file included from...
C:/Users/NGUYEN VIET DUC/AppData/Local/Arm/Packs/Keil/STM32F1xx_DFP/2.4.1/Device/Include\stm32f10x.h(8347): warning: In file included from...
./RTE/Device/STM32F103C8\stm32f10x_conf.h(75): warning: In file included from...
C:/Users/NGUYEN VIET DUC/AppData/Local/Arm/Packs/Keil/STM32F1xx_DFP/2.4.1/Device/StdPeriph_Driver/inc\stm32f10x_rcc.h(31): warning: In file included from...
C:/Users/NGUYEN VIET DUC/AppData/Local/Arm/Packs/Keil/STM32F1xx_DFP/2.4.1/Device/Include\stm32f10x.h(18): warning: invalid UTF-8 in comment [-Winvalid-utf8]
   18 |   *              - To use or not the peripheral<92>s drivers in application code(i.e. 
      |                                                ^
C:/Users/NGUYEN VIET DUC/AppData/Local/Arm/Packs/Keil/STM32F1xx_DFP/2.4.1/Device/Include\stm32f10x.h(19): warning: invalid UTF-8 in comment [-Winvalid-utf8]
   19 |   *                code will be based on direct access to peripheral<92>s registers 
      |                                                                     ^
C:/Users/NGUYEN VIET DUC/AppData/Local/Arm/Packs/Keil/STM32F1xx_DFP/2.4.1/Device/Include\stm32f10x.h(26): warning: invalid UTF-8 in comment [-Winvalid-utf8]
   26 |   *           - Macros to access peripheral<92>s registers hardware
      |                                            ^
uart.c(1): warning: In file included from...
./uart.h(8): warning: In file included from...
C:/Users/NGUYEN VIET DUC/AppData/Local/Arm/Packs/Keil/STM32F1xx_DFP/2.4.1/Device/Include\stm32f10x.h(8347): warning: In file included from...
./RTE/Device/STM32F103C8\stm32f10x_conf.h(96): warning: In file included from...
C:/Users/NGUYEN VIET DUC/AppData/Local/Arm/Packs/Keil/STM32F1xx_DFP/2.4.1/Device/StdPeriph_Driver/inc\misc.h(31): warning: In file included from...
C:/Users/NGUYEN VIET DUC/AppData/Local/Arm/Packs/Keil/STM32F1xx_DFP/2.4.1/Device/Include\stm32f10x.h(18): warning: invalid UTF-8 in comment [-Winvalid-utf8]
   18 |   *              - To use or not the peripheral<92>s drivers in application code(i.e. 
      |                                                ^
C:/Users/NGUYEN VIET DUC/AppData/Local/Arm/Packs/Keil/STM32F1xx_DFP/2.4.1/Device/Include\stm32f10x.h(19): warning: invalid UTF-8 in comment [-Winvalid-utf8]
   19 |   *                code will be based on direct access to peripheral<92>s registers 
      |                                                                     ^
C:/Users/NGUYEN VIET DUC/AppData/Local/Arm/Packs/Keil/STM32F1xx_DFP/2.4.1/Device/Include\stm32f10x.h(26): warning: invalid UTF-8 in comment [-Winvalid-utf8]
   26 |   *           - Macros to access peripheral<92>s registers hardware
      |                                            ^
uart.c(16): warning: binary integer literals are a GNU extension [-Wgnu-binary-literal]
   16 |                 USART1->BRR = 0b1110101000110; 
      |                               ^
uart.c(19): warning: binary integer literals are a GNU extension [-Wgnu-binary-literal]
   19 |                 USART1->BRR = 0b000001001110001;
      |                               ^
uart.c(36): warning: binary integer literals are a GNU extension [-Wgnu-binary-literal]
   36 |                 USART2->BRR = 0b111010100011; 
      |                               ^
uart.c(39): warning: binary integer literals are a GNU extension [-Wgnu-binary-literal]
   39 |                 USART2->BRR = 0b100111000; 
      |                               ^
uart.c(54): warning: binary integer literals are a GNU extension [-Wgnu-binary-literal]
   54 |                 USART3->BRR = 0b111010100011; 
      |                               ^
uart.c(56): warning: binary integer literals are a GNU extension [-Wgnu-binary-literal]
   56 |                 USART3->BRR = 0b100111000;
      |                               ^
uart.c(92): warning: implicit conversion loses integer precision: 'volatile uint16_t' (aka 'volatile unsigned short') to 'char' [-Wimplicit-int-conversion]
   92 |         c = USART1->DR;
      |           ~ ~~~~~~~~^~
uart.c(97): warning: implicit conversion loses integer precision: 'volatile uint16_t' (aka 'volatile unsigned short') to 'char' [-Wimplicit-int-conversion]
   97 |         c = USART2->DR;
      |           ~ ~~~~~~~~^~
uart.c(102): warning: implicit conversion loses integer precision: 'volatile uint16_t' (aka 'volatile unsigned short') to 'char' [-Wimplicit-int-conversion]
  102 |         c = USART3->DR;
      |           ~ ~~~~~~~~^~
uart.c(98): warning: variable 'c' is used uninitialized whenever 'if' condition is false [-Wsometimes-uninitialized]
   98 |     } else if(usart == UART3) {
      |               ^~~~~~~~~~~~~~
uart.c(104): note: uninitialized use occurs here
  104 |     return c;
      |            ^
uart.c(98): note: remove the 'if' if its condition is always true
   98 |     } else if(usart == UART3) {
      |            ^~~~~~~~~~~~~~~~~~
uart.c(87): note: initialize the variable 'c' to silence this warning
   87 |     char c;
      |           ^
      |            = '\0'
uart.c(111): warning: unsafe buffer access [-Wunsafe-buffer-usage]
  111 |         while(str[i] != '\0')
      |               ^~~
uart.c(113): warning: unsafe buffer access [-Wunsafe-buffer-usage]
  113 |                 uart_tx(uart,str[i]);
      |                              ^~~
24 warnings generated.
compiling uart.c...
interrupt.c(1): warning: In file included from...
./interrupt.h(4): warning: In file included from...
C:/Users/NGUYEN VIET DUC/AppData/Local/Arm/Packs/Keil/STM32F1xx_DFP/2.4.1/Device/Include\stm32f10x.h(18): warning: invalid UTF-8 in comment [-Winvalid-utf8]
   18 |   *              - To use or not the peripheral<92>s drivers in application code(i.e. 
      |                                                ^
C:/Users/NGUYEN VIET DUC/AppData/Local/Arm/Packs/Keil/STM32F1xx_DFP/2.4.1/Device/Include\stm32f10x.h(19): warning: invalid UTF-8 in comment [-Winvalid-utf8]
   19 |   *                code will be based on direct access to peripheral<92>s registers 
      |                                                                     ^
C:/Users/NGUYEN VIET DUC/AppData/Local/Arm/Packs/Keil/STM32F1xx_DFP/2.4.1/Device/Include\stm32f10x.h(26): warning: invalid UTF-8 in comment [-Winvalid-utf8]
   26 |   *           - Macros to access peripheral<92>s registers hardware
      |                                            ^
interrupt.c(1): warning: In file included from...
./interrupt.h(4): warning: In file included from...
C:/Users/NGUYEN VIET DUC/AppData/Local/Arm/Packs/Keil/STM32F1xx_DFP/2.4.1/Device/Include\stm32f10x.h(8347): warning: In file included from...
./RTE/Device/STM32F103C8\stm32f10x_conf.h(63): warning: In file included from...
C:/Users/NGUYEN VIET DUC/AppData/Local/Arm/Packs/Keil/STM32F1xx_DFP/2.4.1/Device/StdPeriph_Driver/inc\stm32f10x_gpio.h(31): warning: In file included from...
C:/Users/NGUYEN VIET DUC/AppData/Local/Arm/Packs/Keil/STM32F1xx_DFP/2.4.1/Device/Include\stm32f10x.h(18): warning: invalid UTF-8 in comment [-Winvalid-utf8]
   18 |   *              - To use or not the peripheral<92>s drivers in application code(i.e. 
      |                                                ^
C:/Users/NGUYEN VIET DUC/AppData/Local/Arm/Packs/Keil/STM32F1xx_DFP/2.4.1/Device/Include\stm32f10x.h(19): warning: invalid UTF-8 in comment [-Winvalid-utf8]
   19 |   *                code will be based on direct access to peripheral<92>s registers 
      |                                                                     ^
C:/Users/NGUYEN VIET DUC/AppData/Local/Arm/Packs/Keil/STM32F1xx_DFP/2.4.1/Device/Include\stm32f10x.h(26): warning: invalid UTF-8 in comment [-Winvalid-utf8]
   26 |   *           - Macros to access peripheral<92>s registers hardware
      |                                            ^
interrupt.c(1): warning: In file included from...
./interrupt.h(4): warning: In file included from...
C:/Users/NGUYEN VIET DUC/AppData/Local/Arm/Packs/Keil/STM32F1xx_DFP/2.4.1/Device/Include\stm32f10x.h(8347): warning: In file included from...
./RTE/Device/STM32F103C8\stm32f10x_conf.h(75): warning: In file included from...
C:/Users/NGUYEN VIET DUC/AppData/Local/Arm/Packs/Keil/STM32F1xx_DFP/2.4.1/Device/StdPeriph_Driver/inc\stm32f10x_rcc.h(31): warning: In file included from...
C:/Users/NGUYEN VIET DUC/AppData/Local/Arm/Packs/Keil/STM32F1xx_DFP/2.4.1/Device/Include\stm32f10x.h(18): warning: invalid UTF-8 in comment [-Winvalid-utf8]
   18 |   *              - To use or not the peripheral<92>s drivers in application code(i.e. 
      |                                                ^
C:/Users/NGUYEN VIET DUC/AppData/Local/Arm/Packs/Keil/STM32F1xx_DFP/2.4.1/Device/Include\stm32f10x.h(19): warning: invalid UTF-8 in comment [-Winvalid-utf8]
   19 |   *                code will be based on direct access to peripheral<92>s registers 
      |                                                                     ^
C:/Users/NGUYEN VIET DUC/AppData/Local/Arm/Packs/Keil/STM32F1xx_DFP/2.4.1/Device/Include\stm32f10x.h(26): warning: invalid UTF-8 in comment [-Winvalid-utf8]
   26 |   *           - Macros to access peripheral<92>s registers hardware
      |                                            ^
interrupt.c(1): warning: In file included from...
./interrupt.h(4): warning: In file included from...
C:/Users/NGUYEN VIET DUC/AppData/Local/Arm/Packs/Keil/STM32F1xx_DFP/2.4.1/Device/Include\stm32f10x.h(8347): warning: In file included from...
./RTE/Device/STM32F103C8\stm32f10x_conf.h(96): warning: In file included from...
C:/Users/NGUYEN VIET DUC/AppData/Local/Arm/Packs/Keil/STM32F1xx_DFP/2.4.1/Device/StdPeriph_Driver/inc\misc.h(31): warning: In file included from...
C:/Users/NGUYEN VIET DUC/AppData/Local/Arm/Packs/Keil/STM32F1xx_DFP/2.4.1/Device/Include\stm32f10x.h(18): warning: invalid UTF-8 in comment [-Winvalid-utf8]
   18 |   *              - To use or not the peripheral<92>s drivers in application code(i.e. 
      |                                                ^
C:/Users/NGUYEN VIET DUC/AppData/Local/Arm/Packs/Keil/STM32F1xx_DFP/2.4.1/Device/Include\stm32f10x.h(19): warning: invalid UTF-8 in comment [-Winvalid-utf8]
   19 |   *                code will be based on direct access to peripheral<92>s registers 
      |                                                                     ^
C:/Users/NGUYEN VIET DUC/AppData/Local/Arm/Packs/Keil/STM32F1xx_DFP/2.4.1/Device/Include\stm32f10x.h(26): warning: invalid UTF-8 in comment [-Winvalid-utf8]
   26 |   *           - Macros to access peripheral<92>s registers hardware
      |                                            ^
interrupt.c(5): warning: a function declaration without a prototype is deprecated in all versions of C [-Wstrict-prototypes]
    5 | void intr_init(){
      |               ^
      |                void
13 warnings generated.
compiling interrupt.c...
mpu6050.c(48): warning: invalid UTF-8 in comment [-Winvalid-utf8]
   48 |         // XA_ST=0,YA_ST=0,ZA_ST=0, FS_SEL=0 -> <B1> 2g
      |                                                 ^
mpu6050.c(57): warning: invalid UTF-8 in comment [-Winvalid-utf8]
   57 |         // XG_ST=0,YG_ST=0,ZG_ST=0, FS_SEL=0 -> <B1> 250 <B0>/s
      |                                                 ^
mpu6050.c(57): warning: invalid UTF-8 in comment [-Winvalid-utf8]
   57 |         // XG_ST=0,YG_ST=0,ZG_ST=0, FS_SEL=0 -> <B1> 250 <B0>/s
      |                                                          ^
mpu6050.c(192): warning: ISO C requires a translation unit to contain at least one declaration [-Wempty-translation-unit]
  192 | } */
      |     ^
4 warnings generated.
compiling mpu6050.c...
C:/Users/NGUYEN VIET DUC/AppData/Local/Arm/Packs/Keil/STM32F1xx_DFP/2.4.1/Device/StdPeriph_Driver/src/misc.c(23): warning: In file included from...
C:/Users/NGUYEN VIET DUC/AppData/Local/Arm/Packs/Keil/STM32F1xx_DFP/2.4.1/Device/StdPeriph_Driver/inc\misc.h(31): warning: In file included from...
C:/Users/NGUYEN VIET DUC/AppData/Local/Arm/Packs/Keil/STM32F1xx_DFP/2.4.1/Device/Include\stm32f10x.h(18): warning: invalid UTF-8 in comment [-Winvalid-utf8]
   18 |   *              - To use or not the peripheral<92>s drivers in application code(i.e. 
      |                                                ^
C:/Users/NGUYEN VIET DUC/AppData/Local/Arm/Packs/Keil/STM32F1xx_DFP/2.4.1/Device/Include\stm32f10x.h(19): warning: invalid UTF-8 in comment [-Winvalid-utf8]
   19 |   *                code will be based on direct access to peripheral<92>s registers 
      |                                                                     ^
C:/Users/NGUYEN VIET DUC/AppData/Local/Arm/Packs/Keil/STM32F1xx_DFP/2.4.1/Device/Include\stm32f10x.h(26): warning: invalid UTF-8 in comment [-Winvalid-utf8]
   26 |   *           - Macros to access peripheral<92>s registers hardware
      |                                            ^
C:/Users/NGUYEN VIET DUC/AppData/Local/Arm/Packs/Keil/STM32F1xx_DFP/2.4.1/Device/StdPeriph_Driver/src/misc.c(23): warning: In file included from...
C:/Users/NGUYEN VIET DUC/AppData/Local/Arm/Packs/Keil/STM32F1xx_DFP/2.4.1/Device/StdPeriph_Driver/inc\misc.h(31): warning: In file included from...
C:/Users/NGUYEN VIET DUC/AppData/Local/Arm/Packs/Keil/STM32F1xx_DFP/2.4.1/Device/Include\stm32f10x.h(8347): warning: In file included from...
./RTE/Device/STM32F103C8\stm32f10x_conf.h(63): warning: In file included from...
C:/Users/NGUYEN VIET DUC/AppData/Local/Arm/Packs/Keil/STM32F1xx_DFP/2.4.1/Device/StdPeriph_Driver/inc\stm32f10x_gpio.h(31): warning: In file included from...
C:/Users/NGUYEN VIET DUC/AppData/Local/Arm/Packs/Keil/STM32F1xx_DFP/2.4.1/Device/Include\stm32f10x.h(18): warning: invalid UTF-8 in comment [-Winvalid-utf8]
   18 |   *              - To use or not the peripheral<92>s drivers in application code(i.e. 
      |                                                ^
C:/Users/NGUYEN VIET DUC/AppData/Local/Arm/Packs/Keil/STM32F1xx_DFP/2.4.1/Device/Include\stm32f10x.h(19): warning: invalid UTF-8 in comment [-Winvalid-utf8]
   19 |   *                code will be based on direct access to peripheral<92>s registers 
      |                                                                     ^
C:/Users/NGUYEN VIET DUC/AppData/Local/Arm/Packs/Keil/STM32F1xx_DFP/2.4.1/Device/Include\stm32f10x.h(26): warning: invalid UTF-8 in comment [-Winvalid-utf8]
   26 |   *           - Macros to access peripheral<92>s registers hardware
      |                                            ^
C:/Users/NGUYEN VIET DUC/AppData/Local/Arm/Packs/Keil/STM32F1xx_DFP/2.4.1/Device/StdPeriph_Driver/src/misc.c(23): warning: In file included from...
C:/Users/NGUYEN VIET DUC/AppData/Local/Arm/Packs/Keil/STM32F1xx_DFP/2.4.1/Device/StdPeriph_Driver/inc\misc.h(31): warning: In file included from...
C:/Users/NGUYEN VIET DUC/AppData/Local/Arm/Packs/Keil/STM32F1xx_DFP/2.4.1/Device/Include\stm32f10x.h(8347): warning: In file included from...
./RTE/Device/STM32F103C8\stm32f10x_conf.h(75): warning: In file included from...
C:/Users/NGUYEN VIET DUC/AppData/Local/Arm/Packs/Keil/STM32F1xx_DFP/2.4.1/Device/StdPeriph_Driver/inc\stm32f10x_rcc.h(31): warning: In file included from...
C:/Users/NGUYEN VIET DUC/AppData/Local/Arm/Packs/Keil/STM32F1xx_DFP/2.4.1/Device/Include\stm32f10x.h(18): warning: invalid UTF-8 in comment [-Winvalid-utf8]
   18 |   *              - To use or not the peripheral<92>s drivers in application code(i.e. 
      |                                                ^
C:/Users/NGUYEN VIET DUC/AppData/Local/Arm/Packs/Keil/STM32F1xx_DFP/2.4.1/Device/Include\stm32f10x.h(19): warning: invalid UTF-8 in comment [-Winvalid-utf8]
   19 |   *                code will be based on direct access to peripheral<92>s registers 
      |                                                                     ^
C:/Users/NGUYEN VIET DUC/AppData/Local/Arm/Packs/Keil/STM32F1xx_DFP/2.4.1/Device/Include\stm32f10x.h(26): warning: invalid UTF-8 in comment [-Winvalid-utf8]
   26 |   *           - Macros to access peripheral<92>s registers hardware
      |                                            ^
C:/Users/NGUYEN VIET DUC/AppData/Local/Arm/Packs/Keil/STM32F1xx_DFP/2.4.1/Device/StdPeriph_Driver/src/misc.c(131): warning: implicit conversion loses integer precision: 'uint32_t' (aka 'unsigned int') to 'uint8_t' (aka 'unsigned char') [-Wimplicit-int-conversion]
  131 |     NVIC->IP[NVIC_InitStruct->NVIC_IRQChannel] = tmppriority;
      |                                                ~ ^~~~~~~~~~~
C:/Users/NGUYEN VIET DUC/AppData/Local/Arm/Packs/Keil/STM32F1xx_DFP/2.4.1/Device/StdPeriph_Driver/src/misc.c(131): warning: unsafe buffer access [-Wunsafe-buffer-usage]
  131 |     NVIC->IP[NVIC_InitStruct->NVIC_IRQChannel] = tmppriority;
      |     ^~~~~~~~
C:/Users/NGUYEN VIET DUC/AppData/Local/Arm/Packs/ARM/CMSIS/5.9.0/CMSIS/Core/Include\core_cm3.h(1392): note: expanded from macro 'NVIC'
 1392 | #define NVIC                ((NVIC_Type      *)     NVIC_BASE     )   /*!< NVIC configuration struct */
      |                             ^
C:/Users/NGUYEN VIET DUC/AppData/Local/Arm/Packs/Keil/STM32F1xx_DFP/2.4.1/Device/StdPeriph_Driver/src/misc.c(134): warning: unsafe buffer access [-Wunsafe-buffer-usage]
  134 |     NVIC->ISER[NVIC_InitStruct->NVIC_IRQChannel >> 0x05] =
      |     ^~~~~~~~~~
C:/Users/NGUYEN VIET DUC/AppData/Local/Arm/Packs/ARM/CMSIS/5.9.0/CMSIS/Core/Include\core_cm3.h(1392): note: expanded from macro 'NVIC'
 1392 | #define NVIC                ((NVIC_Type      *)     NVIC_BASE     )   /*!< NVIC configuration struct */
      |                             ^
C:/Users/NGUYEN VIET DUC/AppData/Local/Arm/Packs/Keil/STM32F1xx_DFP/2.4.1/Device/StdPeriph_Driver/src/misc.c(140): warning: unsafe buffer access [-Wunsafe-buffer-usage]
  140 |     NVIC->ICER[NVIC_InitStruct->NVIC_IRQChannel >> 0x05] =
      |     ^~~~~~~~~~
C:/Users/NGUYEN VIET DUC/AppData/Local/Arm/Packs/ARM/CMSIS/5.9.0/CMSIS/Core/Include\core_cm3.h(1392): note: expanded from macro 'NVIC'
 1392 | #define NVIC                ((NVIC_Type      *)     NVIC_BASE     )   /*!< NVIC configuration struct */
      |                             ^
13 warnings generated.
compiling misc.c...
C:/Users/NGUYEN VIET DUC/AppData/Local/Arm/Packs/Keil/STM32F1xx_DFP/2.4.1/Device/StdPeriph_Driver/src/stm32f10x_gpio.c(22): warning: In file included from...
C:/Users/NGUYEN VIET DUC/AppData/Local/Arm/Packs/Keil/STM32F1xx_DFP/2.4.1/Device/StdPeriph_Driver/inc\stm32f10x_gpio.h(31): warning: In file included from...
C:/Users/NGUYEN VIET DUC/AppData/Local/Arm/Packs/Keil/STM32F1xx_DFP/2.4.1/Device/Include\stm32f10x.h(18): warning: invalid UTF-8 in comment [-Winvalid-utf8]
   18 |   *              - To use or not the peripheral<92>s drivers in application code(i.e. 
      |                                                ^
C:/Users/NGUYEN VIET DUC/AppData/Local/Arm/Packs/Keil/STM32F1xx_DFP/2.4.1/Device/Include\stm32f10x.h(19): warning: invalid UTF-8 in comment [-Winvalid-utf8]
   19 |   *                code will be based on direct access to peripheral<92>s registers 
      |                                                                     ^
C:/Users/NGUYEN VIET DUC/AppData/Local/Arm/Packs/Keil/STM32F1xx_DFP/2.4.1/Device/Include\stm32f10x.h(26): warning: invalid UTF-8 in comment [-Winvalid-utf8]
   26 |   *           - Macros to access peripheral<92>s registers hardware
      |                                            ^
C:/Users/NGUYEN VIET DUC/AppData/Local/Arm/Packs/Keil/STM32F1xx_DFP/2.4.1/Device/StdPeriph_Driver/src/stm32f10x_gpio.c(22): warning: In file included from...
C:/Users/NGUYEN VIET DUC/AppData/Local/Arm/Packs/Keil/STM32F1xx_DFP/2.4.1/Device/StdPeriph_Driver/inc\stm32f10x_gpio.h(31): warning: In file included from...
C:/Users/NGUYEN VIET DUC/AppData/Local/Arm/Packs/Keil/STM32F1xx_DFP/2.4.1/Device/Include\stm32f10x.h(8347): warning: In file included from...
./RTE/Device/STM32F103C8\stm32f10x_conf.h(75): warning: In file included from...
C:/Users/NGUYEN VIET DUC/AppData/Local/Arm/Packs/Keil/STM32F1xx_DFP/2.4.1/Device/StdPeriph_Driver/inc\stm32f10x_rcc.h(31): warning: In file included from...
C:/Users/NGUYEN VIET DUC/AppData/Local/Arm/Packs/Keil/STM32F1xx_DFP/2.4.1/Device/Include\stm32f10x.h(18): warning: invalid UTF-8 in comment [-Winvalid-utf8]
   18 |   *              - To use or not the peripheral<92>s drivers in application code(i.e. 
      |                                                ^
C:/Users/NGUYEN VIET DUC/AppData/Local/Arm/Packs/Keil/STM32F1xx_DFP/2.4.1/Device/Include\stm32f10x.h(19): warning: invalid UTF-8 in comment [-Winvalid-utf8]
   19 |   *                code will be based on direct access to peripheral<92>s registers 
      |                                                                     ^
C:/Users/NGUYEN VIET DUC/AppData/Local/Arm/Packs/Keil/STM32F1xx_DFP/2.4.1/Device/Include\stm32f10x.h(26): warning: invalid UTF-8 in comment [-Winvalid-utf8]
   26 |   *           - Macros to access peripheral<92>s registers hardware
      |                                            ^
C:/Users/NGUYEN VIET DUC/AppData/Local/Arm/Packs/Keil/STM32F1xx_DFP/2.4.1/Device/StdPeriph_Driver/src/stm32f10x_gpio.c(22): warning: In file included from...
C:/Users/NGUYEN VIET DUC/AppData/Local/Arm/Packs/Keil/STM32F1xx_DFP/2.4.1/Device/StdPeriph_Driver/inc\stm32f10x_gpio.h(31): warning: In file included from...
C:/Users/NGUYEN VIET DUC/AppData/Local/Arm/Packs/Keil/STM32F1xx_DFP/2.4.1/Device/Include\stm32f10x.h(8347): warning: In file included from...
./RTE/Device/STM32F103C8\stm32f10x_conf.h(96): warning: In file included from...
C:/Users/NGUYEN VIET DUC/AppData/Local/Arm/Packs/Keil/STM32F1xx_DFP/2.4.1/Device/StdPeriph_Driver/inc\misc.h(31): warning: In file included from...
C:/Users/NGUYEN VIET DUC/AppData/Local/Arm/Packs/Keil/STM32F1xx_DFP/2.4.1/Device/Include\stm32f10x.h(18): warning: invalid UTF-8 in comment [-Winvalid-utf8]
   18 |   *              - To use or not the peripheral<92>s drivers in application code(i.e. 
      |                                                ^
C:/Users/NGUYEN VIET DUC/AppData/Local/Arm/Packs/Keil/STM32F1xx_DFP/2.4.1/Device/Include\stm32f10x.h(19): warning: invalid UTF-8 in comment [-Winvalid-utf8]
   19 |   *                code will be based on direct access to peripheral<92>s registers 
      |                                                                     ^
C:/Users/NGUYEN VIET DUC/AppData/Local/Arm/Packs/Keil/STM32F1xx_DFP/2.4.1/Device/Include\stm32f10x.h(26): warning: invalid UTF-8 in comment [-Winvalid-utf8]
   26 |   *           - Macros to access peripheral<92>s registers hardware
      |                                            ^
C:/Users/NGUYEN VIET DUC/AppData/Local/Arm/Packs/Keil/STM32F1xx_DFP/2.4.1/Device/StdPeriph_Driver/src/stm32f10x_gpio.c(616): warning: unsafe buffer access [-Wunsafe-buffer-usage]
  616 |   AFIO->EXTICR[GPIO_PinSource >> 0x02] &= ~tmp;
      |   ^~~~~~~~~~~~
C:/Users/NGUYEN VIET DUC/AppData/Local/Arm/Packs/Keil/STM32F1xx_DFP/2.4.1/Device/Include\stm32f10x.h(1414): note: expanded from macro 'AFIO'
 1414 | #define AFIO                ((AFIO_TypeDef *) AFIO_BASE)
      |                             ^
C:/Users/NGUYEN VIET DUC/AppData/Local/Arm/Packs/Keil/STM32F1xx_DFP/2.4.1/Device/StdPeriph_Driver/src/stm32f10x_gpio.c(617): warning: unsafe buffer access [-Wunsafe-buffer-usage]
  617 |   AFIO->EXTICR[GPIO_PinSource >> 0x02] |= (((uint32_t)GPIO_PortSource) << (0x04 * (GPIO_PinSource & (uint8_t)0x03)));
      |   ^~~~~~~~~~~~
C:/Users/NGUYEN VIET DUC/AppData/Local/Arm/Packs/Keil/STM32F1xx_DFP/2.4.1/Device/Include\stm32f10x.h(1414): note: expanded from macro 'AFIO'
 1414 | #define AFIO                ((AFIO_TypeDef *) AFIO_BASE)
      |                             ^
11 warnings generated.
compiling stm32f10x_gpio.c...
C:/Users/NGUYEN VIET DUC/AppData/Local/Arm/Packs/Keil/STM32F1xx_DFP/2.4.1/Device/StdPeriph_Driver/src/stm32f10x_rcc.c(22): warning: In file included from...
C:/Users/NGUYEN VIET DUC/AppData/Local/Arm/Packs/Keil/STM32F1xx_DFP/2.4.1/Device/StdPeriph_Driver/inc\stm32f10x_rcc.h(31): warning: In file included from...
C:/Users/NGUYEN VIET DUC/AppData/Local/Arm/Packs/Keil/STM32F1xx_DFP/2.4.1/Device/Include\stm32f10x.h(18): warning: invalid UTF-8 in comment [-Winvalid-utf8]
   18 |   *              - To use or not the peripheral<92>s drivers in application code(i.e. 
      |                                                ^
C:/Users/NGUYEN VIET DUC/AppData/Local/Arm/Packs/Keil/STM32F1xx_DFP/2.4.1/Device/Include\stm32f10x.h(19): warning: invalid UTF-8 in comment [-Winvalid-utf8]
   19 |   *                code will be based on direct access to peripheral<92>s registers 
      |                                                                     ^
C:/Users/NGUYEN VIET DUC/AppData/Local/Arm/Packs/Keil/STM32F1xx_DFP/2.4.1/Device/Include\stm32f10x.h(26): warning: invalid UTF-8 in comment [-Winvalid-utf8]
   26 |   *           - Macros to access peripheral<92>s registers hardware
      |                                            ^
C:/Users/NGUYEN VIET DUC/AppData/Local/Arm/Packs/Keil/STM32F1xx_DFP/2.4.1/Device/StdPeriph_Driver/src/stm32f10x_rcc.c(22): warning: In file included from...
C:/Users/NGUYEN VIET DUC/AppData/Local/Arm/Packs/Keil/STM32F1xx_DFP/2.4.1/Device/StdPeriph_Driver/inc\stm32f10x_rcc.h(31): warning: In file included from...
C:/Users/NGUYEN VIET DUC/AppData/Local/Arm/Packs/Keil/STM32F1xx_DFP/2.4.1/Device/Include\stm32f10x.h(8347): warning: In file included from...
./RTE/Device/STM32F103C8\stm32f10x_conf.h(63): warning: In file included from...
C:/Users/NGUYEN VIET DUC/AppData/Local/Arm/Packs/Keil/STM32F1xx_DFP/2.4.1/Device/StdPeriph_Driver/inc\stm32f10x_gpio.h(31): warning: In file included from...
C:/Users/NGUYEN VIET DUC/AppData/Local/Arm/Packs/Keil/STM32F1xx_DFP/2.4.1/Device/Include\stm32f10x.h(18): warning: invalid UTF-8 in comment [-Winvalid-utf8]
   18 |   *              - To use or not the peripheral<92>s drivers in application code(i.e. 
      |                                                ^
C:/Users/NGUYEN VIET DUC/AppData/Local/Arm/Packs/Keil/STM32F1xx_DFP/2.4.1/Device/Include\stm32f10x.h(19): warning: invalid UTF-8 in comment [-Winvalid-utf8]
   19 |   *                code will be based on direct access to peripheral<92>s registers 
      |                                                                     ^
C:/Users/NGUYEN VIET DUC/AppData/Local/Arm/Packs/Keil/STM32F1xx_DFP/2.4.1/Device/Include\stm32f10x.h(26): warning: invalid UTF-8 in comment [-Winvalid-utf8]
   26 |   *           - Macros to access peripheral<92>s registers hardware
      |                                            ^
C:/Users/NGUYEN VIET DUC/AppData/Local/Arm/Packs/Keil/STM32F1xx_DFP/2.4.1/Device/StdPeriph_Driver/src/stm32f10x_rcc.c(22): warning: In file included from...
C:/Users/NGUYEN VIET DUC/AppData/Local/Arm/Packs/Keil/STM32F1xx_DFP/2.4.1/Device/StdPeriph_Driver/inc\stm32f10x_rcc.h(31): warning: In file included from...
C:/Users/NGUYEN VIET DUC/AppData/Local/Arm/Packs/Keil/STM32F1xx_DFP/2.4.1/Device/Include\stm32f10x.h(8347): warning: In file included from...
./RTE/Device/STM32F103C8\stm32f10x_conf.h(96): warning: In file included from...
C:/Users/NGUYEN VIET DUC/AppData/Local/Arm/Packs/Keil/STM32F1xx_DFP/2.4.1/Device/StdPeriph_Driver/inc\misc.h(31): warning: In file included from...
C:/Users/NGUYEN VIET DUC/AppData/Local/Arm/Packs/Keil/STM32F1xx_DFP/2.4.1/Device/Include\stm32f10x.h(18): warning: invalid UTF-8 in comment [-Winvalid-utf8]
   18 |   *              - To use or not the peripheral<92>s drivers in application code(i.e. 
      |                                                ^
C:/Users/NGUYEN VIET DUC/AppData/Local/Arm/Packs/Keil/STM32F1xx_DFP/2.4.1/Device/Include\stm32f10x.h(19): warning: invalid UTF-8 in comment [-Winvalid-utf8]
   19 |   *                code will be based on direct access to peripheral<92>s registers 
      |                                                                     ^
C:/Users/NGUYEN VIET DUC/AppData/Local/Arm/Packs/Keil/STM32F1xx_DFP/2.4.1/Device/Include\stm32f10x.h(26): warning: invalid UTF-8 in comment [-Winvalid-utf8]
   26 |   *           - Macros to access peripheral<92>s registers hardware
      |                                            ^
C:/Users/NGUYEN VIET DUC/AppData/Local/Arm/Packs/Keil/STM32F1xx_DFP/2.4.1/Device/StdPeriph_Driver/src/stm32f10x_rcc.c(1010): warning: unsafe buffer access [-Wunsafe-buffer-usage]
 1010 |   presc = APBAHBPrescTable[tmp];
      |           ^~~~~~~~~~~~~~~~
C:/Users/NGUYEN VIET DUC/AppData/Local/Arm/Packs/Keil/STM32F1xx_DFP/2.4.1/Device/StdPeriph_Driver/src/stm32f10x_rcc.c(1016): warning: unsafe buffer access [-Wunsafe-buffer-usage]
 1016 |   presc = APBAHBPrescTable[tmp];
      |           ^~~~~~~~~~~~~~~~
C:/Users/NGUYEN VIET DUC/AppData/Local/Arm/Packs/Keil/STM32F1xx_DFP/2.4.1/Device/StdPeriph_Driver/src/stm32f10x_rcc.c(1022): warning: unsafe buffer access [-Wunsafe-buffer-usage]
 1022 |   presc = APBAHBPrescTable[tmp];
      |           ^~~~~~~~~~~~~~~~
C:/Users/NGUYEN VIET DUC/AppData/Local/Arm/Packs/Keil/STM32F1xx_DFP/2.4.1/Device/StdPeriph_Driver/src/stm32f10x_rcc.c(1028): warning: unsafe buffer access [-Wunsafe-buffer-usage]
 1028 |   presc = ADCPrescTable[tmp];
      |           ^~~~~~~~~~~~~
13 warnings generated.
compiling stm32f10x_rcc.c...
assembling startup_stm32f10x_md.s...
RTE/Device/STM32F103C8/system_stm32f10x.c(64): warning: In file included from...
C:/Users/NGUYEN VIET DUC/AppData/Local/Arm/Packs/Keil/STM32F1xx_DFP/2.4.1/Device/Include\stm32f10x.h(18): warning: invalid UTF-8 in comment [-Winvalid-utf8]
   18 |   *              - To use or not the peripheral<92>s drivers in application code(i.e. 
      |                                                ^
C:/Users/NGUYEN VIET DUC/AppData/Local/Arm/Packs/Keil/STM32F1xx_DFP/2.4.1/Device/Include\stm32f10x.h(19): warning: invalid UTF-8 in comment [-Winvalid-utf8]
   19 |   *                code will be based on direct access to peripheral<92>s registers 
      |                                                                     ^
C:/Users/NGUYEN VIET DUC/AppData/Local/Arm/Packs/Keil/STM32F1xx_DFP/2.4.1/Device/Include\stm32f10x.h(26): warning: invalid UTF-8 in comment [-Winvalid-utf8]
   26 |   *           - Macros to access peripheral<92>s registers hardware
      |                                            ^
RTE/Device/STM32F103C8/system_stm32f10x.c(64): warning: In file included from...
C:/Users/NGUYEN VIET DUC/AppData/Local/Arm/Packs/Keil/STM32F1xx_DFP/2.4.1/Device/Include\stm32f10x.h(8347): warning: In file included from...
./RTE/Device/STM32F103C8\stm32f10x_conf.h(63): warning: In file included from...
C:/Users/NGUYEN VIET DUC/AppData/Local/Arm/Packs/Keil/STM32F1xx_DFP/2.4.1/Device/StdPeriph_Driver/inc\stm32f10x_gpio.h(31): warning: In file included from...
C:/Users/NGUYEN VIET DUC/AppData/Local/Arm/Packs/Keil/STM32F1xx_DFP/2.4.1/Device/Include\stm32f10x.h(18): warning: invalid UTF-8 in comment [-Winvalid-utf8]
   18 |   *              - To use or not the peripheral<92>s drivers in application code(i.e. 
      |                                                ^
C:/Users/NGUYEN VIET DUC/AppData/Local/Arm/Packs/Keil/STM32F1xx_DFP/2.4.1/Device/Include\stm32f10x.h(19): warning: invalid UTF-8 in comment [-Winvalid-utf8]
   19 |   *                code will be based on direct access to peripheral<92>s registers 
      |                                                                     ^
C:/Users/NGUYEN VIET DUC/AppData/Local/Arm/Packs/Keil/STM32F1xx_DFP/2.4.1/Device/Include\stm32f10x.h(26): warning: invalid UTF-8 in comment [-Winvalid-utf8]
   26 |   *           - Macros to access peripheral<92>s registers hardware
      |                                            ^
RTE/Device/STM32F103C8/system_stm32f10x.c(64): warning: In file included from...
C:/Users/NGUYEN VIET DUC/AppData/Local/Arm/Packs/Keil/STM32F1xx_DFP/2.4.1/Device/Include\stm32f10x.h(8347): warning: In file included from...
./RTE/Device/STM32F103C8\stm32f10x_conf.h(75): warning: In file included from...
C:/Users/NGUYEN VIET DUC/AppData/Local/Arm/Packs/Keil/STM32F1xx_DFP/2.4.1/Device/StdPeriph_Driver/inc\stm32f10x_rcc.h(31): warning: In file included from...
C:/Users/NGUYEN VIET DUC/AppData/Local/Arm/Packs/Keil/STM32F1xx_DFP/2.4.1/Device/Include\stm32f10x.h(18): warning: invalid UTF-8 in comment [-Winvalid-utf8]
   18 |   *              - To use or not the peripheral<92>s drivers in application code(i.e. 
      |                                                ^
C:/Users/NGUYEN VIET DUC/AppData/Local/Arm/Packs/Keil/STM32F1xx_DFP/2.4.1/Device/Include\stm32f10x.h(19): warning: invalid UTF-8 in comment [-Winvalid-utf8]
   19 |   *                code will be based on direct access to peripheral<92>s registers 
      |                                                                     ^
C:/Users/NGUYEN VIET DUC/AppData/Local/Arm/Packs/Keil/STM32F1xx_DFP/2.4.1/Device/Include\stm32f10x.h(26): warning: invalid UTF-8 in comment [-Winvalid-utf8]
   26 |   *           - Macros to access peripheral<92>s registers hardware
      |                                            ^
RTE/Device/STM32F103C8/system_stm32f10x.c(64): warning: In file included from...
C:/Users/NGUYEN VIET DUC/AppData/Local/Arm/Packs/Keil/STM32F1xx_DFP/2.4.1/Device/Include\stm32f10x.h(8347): warning: In file included from...
./RTE/Device/STM32F103C8\stm32f10x_conf.h(96): warning: In file included from...
C:/Users/NGUYEN VIET DUC/AppData/Local/Arm/Packs/Keil/STM32F1xx_DFP/2.4.1/Device/StdPeriph_Driver/inc\misc.h(31): warning: In file included from...
C:/Users/NGUYEN VIET DUC/AppData/Local/Arm/Packs/Keil/STM32F1xx_DFP/2.4.1/Device/Include\stm32f10x.h(18): warning: invalid UTF-8 in comment [-Winvalid-utf8]
   18 |   *              - To use or not the peripheral<92>s drivers in application code(i.e. 
      |                                                ^
C:/Users/NGUYEN VIET DUC/AppData/Local/Arm/Packs/Keil/STM32F1xx_DFP/2.4.1/Device/Include\stm32f10x.h(19): warning: invalid UTF-8 in comment [-Winvalid-utf8]
   19 |   *                code will be based on direct access to peripheral<92>s registers 
      |                                                                     ^
C:/Users/NGUYEN VIET DUC/AppData/Local/Arm/Packs/Keil/STM32F1xx_DFP/2.4.1/Device/Include\stm32f10x.h(26): warning: invalid UTF-8 in comment [-Winvalid-utf8]
   26 |   *           - Macros to access peripheral<92>s registers hardware
      |                                            ^
RTE/Device/STM32F103C8/system_stm32f10x.c(166): warning: no previous extern declaration for non-static variable 'AHBPrescTable' [-Wmissing-variable-declarations]
  166 | __I uint8_t AHBPrescTable[16] = {0, 0, 0, 0, 0, 0, 0, 0, 1, 2, 3, 4, 6, 7, 8, 9};
      |             ^
RTE/Device/STM32F103C8/system_stm32f10x.c(166): note: declare 'static' if the variable is not intended to be used outside of this translation unit
  166 | __I uint8_t AHBPrescTable[16] = {0, 0, 0, 0, 0, 0, 0, 0, 1, 2, 3, 4, 6, 7, 8, 9};
      |     ^
RTE/Device/STM32F103C8/system_stm32f10x.c(408): warning: unsafe buffer access [-Wunsafe-buffer-usage]
  408 |   tmp = AHBPrescTable[((RCC->CFGR & RCC_CFGR_HPRE) >> 4)];
      |         ^~~~~~~~~~~~~
14 warnings generated.
compiling system_stm32f10x.c...
linking...
Program Size: Code=4788 RO-data=268 RW-data=4 ZI-data=1648  
FromELF: creating hex file...
".\Objects\fall_detect.axf" - 0 Error(s), 272 Warning(s).

<h2>Software Packages used:</h2>

Package Vendor: ARM
                http://www.keil.com/pack/ARM.CMSIS.5.9.0.pack
                ARM::CMSIS@5.9.0
                CMSIS (Common Microcontroller Software Interface Standard)
   * Component: CORE Version: 5.6.0

Package Vendor: Keil
                https://www.keil.com/pack/Keil.STM32F1xx_DFP.2.4.1.pack
                Keil::STM32F1xx_DFP@2.4.1
                STMicroelectronics STM32F1 Series Device Support, Drivers and Examples
   * Component: Startup Version: 1.0.0
   * Component: Framework Version: 3.6.0
   * Component: GPIO Version: 3.6.0
   * Component: RCC Version: 3.6.0

<h2>Collection of Component include folders:</h2>
  ./RTE/Device/STM32F103C8
  ./RTE/_Target_1
  C:/Users/NGUYEN VIET DUC/AppData/Local/Arm/Packs/ARM/CMSIS/5.9.0/CMSIS/Core/Include
  C:/Users/NGUYEN VIET DUC/AppData/Local/Arm/Packs/Keil/STM32F1xx_DFP/2.4.1/Device/Include
  C:/Users/NGUYEN VIET DUC/AppData/Local/Arm/Packs/Keil/STM32F1xx_DFP/2.4.1/Device/StdPeriph_Driver/inc

<h2>Collection of Component Files used:</h2>

   * Component: ARM::CMSIS:CORE@5.6.0

   * Component: Keil::Device:Startup@1.0.0
      Include file:  RTE_Driver/Config/RTE_Device.h
      Source file:   Device/Source/ARM/STM32F1xx_OPT.s
      Source file:   Device/Source/system_stm32f10x.c
      Source file:   Device/Source/ARM/startup_stm32f10x_md.s

   * Component: Keil::Device:StdPeriph Drivers:Framework@3.6.0
      Source file:   Device/StdPeriph_Driver/templates/stm32f10x_conf.h
      Include file:  Device/StdPeriph_Driver/templates/stm32f10x_it.h
      Include file:  Device/StdPeriph_Driver/inc/misc.h
      Source file:   Device/StdPeriph_Driver/templates/stm32f10x_it.c
      Source file:   Device/StdPeriph_Driver/src/misc.c

   * Component: Keil::Device:StdPeriph Drivers:GPIO@3.6.0
      Source file:   Device/StdPeriph_Driver/src/stm32f10x_gpio.c
      Include file:  Device/StdPeriph_Driver/inc/stm32f10x_gpio.h

   * Component: Keil::Device:StdPeriph Drivers:RCC@3.6.0
      Include file:  Device/StdPeriph_Driver/inc/stm32f10x_rcc.h
      Source file:   Device/StdPeriph_Driver/src/stm32f10x_rcc.c
Build Time Elapsed:  00:00:04
</pre>
</body>
</html>
