Component: Arm Compiler for Embedded 6.21 Tool: armlink [5ec1fa00]

==============================================================================

Section Cross References

    main.o(.text.SystemClock_Config) refers to system_stm32f10x.o(.text.SystemCoreClockUpdate) for SystemCoreClockUpdate
    main.o(.ARM.exidx.text.SystemClock_Config) refers to main.o(.text.SystemClock_Config) for [Anonymous Symbol]
    main.o(.text.main) refers to main.o(.text.SystemClock_Config) for SystemClock_Config
    main.o(.text.main) refers to timer.o(.text.timer_init) for timer_init
    main.o(.text.main) refers to i2c.o(.text.i2c_init) for i2c_init
    main.o(.text.main) refers to lcd.o(.text.lcd_i2c_init) for lcd_i2c_init
    main.o(.text.main) refers to mpu6050.o(.text.MPU6050_Init) for MPU6050_Init
    main.o(.text.main) refers to button.o(.text.button_init) for button_init
    main.o(.text.main) refers to led.o(.text.led_init) for led_init
    main.o(.text.main) refers to interrupt.o(.text.intr_init) for intr_init
    main.o(.text.main) refers to mpu6050.o(.text.MPU6050_Read_Accel) for MPU6050_Read_Accel
    main.o(.text.main) refers to main.o(.rodata.str1.1) for .L.str
    main.o(.text.main) refers to snprintf.o(.text) for snprintf
    main.o(.text.main) refers to lcd.o(.text.lcd_i2c_msg) for lcd_i2c_msg
    main.o(.text.main) refers to timer.o(.text.delay_ms) for delay_ms
    main.o(.text.main) refers to lcd.o(.text.lcd_i2c_cmd) for lcd_i2c_cmd
    main.o(.text.main) refers to main.o(.bss.STATE) for STATE
    main.o(.text.main) refers to main.o(.bss.LEDG) for LEDG
    main.o(.text.main) refers to led.o(.text.led_on) for led_on
    main.o(.text.main) refers to led.o(.text.led_off) for led_off
    main.o(.text.main) refers to main.o(.data.FALL) for FALL
    main.o(.text.main) refers to main.o(.bss.LEDR) for LEDR
    main.o(.ARM.exidx.text.main) refers to main.o(.text.main) for [Anonymous Symbol]
    main.o(.text.EXTI0_IRQHandler) refers to main.o(.bss.STATE) for STATE
    main.o(.ARM.exidx.text.EXTI0_IRQHandler) refers to main.o(.text.EXTI0_IRQHandler) for [Anonymous Symbol]
    main.o(.text.EXTI1_IRQHandler) refers to main.o(.data.FALL) for FALL
    main.o(.ARM.exidx.text.EXTI1_IRQHandler) refers to main.o(.text.EXTI1_IRQHandler) for [Anonymous Symbol]
    main.o(.text.TIM2_IRQHandler) refers to main.o(.bss.LEDG) for LEDG
    main.o(.ARM.exidx.text.TIM2_IRQHandler) refers to main.o(.text.TIM2_IRQHandler) for [Anonymous Symbol]
    main.o(.text.TIM3_IRQHandler) refers to main.o(.bss.LEDR) for LEDR
    main.o(.ARM.exidx.text.TIM3_IRQHandler) refers to main.o(.text.TIM3_IRQHandler) for [Anonymous Symbol]
    main.o(.text.EXTI3_IRQHandler) refers to main.o(.data.FALL) for FALL
    main.o(.ARM.exidx.text.EXTI3_IRQHandler) refers to main.o(.text.EXTI3_IRQHandler) for [Anonymous Symbol]
    led.o(.text.led_init) refers to gpio.o(.text.gpio_init) for gpio_init
    led.o(.ARM.exidx.text.led_init) refers to led.o(.text.led_init) for [Anonymous Symbol]
    led.o(.text.led_on) refers to gpio.o(.text.gpio_write) for gpio_write
    led.o(.ARM.exidx.text.led_on) refers to led.o(.text.led_on) for [Anonymous Symbol]
    led.o(.ARM.exidx.text.led_off) refers to led.o(.text.led_off) for [Anonymous Symbol]
    led.o(.text.led_blinked) refers to led.o(.text.led_on) for led_on
    led.o(.text.led_blinked) refers to timer.o(.text.delay_ms) for delay_ms
    led.o(.text.led_blinked) refers to led.o(.text.led_off) for led_off
    led.o(.ARM.exidx.text.led_blinked) refers to led.o(.text.led_blinked) for [Anonymous Symbol]
    button.o(.text.button_init) refers to gpio.o(.text.gpio_init) for gpio_init
    button.o(.ARM.exidx.text.button_init) refers to button.o(.text.button_init) for [Anonymous Symbol]
    button.o(.text.button_read) refers to gpio.o(.text.gpio_read) for gpio_read
    button.o(.ARM.exidx.text.button_read) refers to button.o(.text.button_read) for [Anonymous Symbol]
    gpio.o(.ARM.exidx.text.gpio_init) refers to gpio.o(.text.gpio_init) for [Anonymous Symbol]
    gpio.o(.ARM.exidx.text.gpio_write) refers to gpio.o(.text.gpio_write) for [Anonymous Symbol]
    gpio.o(.ARM.exidx.text.gpio_read) refers to gpio.o(.text.gpio_read) for [Anonymous Symbol]
    timer.o(.text.timer_init) refers to system_stm32f10x.o(.data.SystemCoreClock) for SystemCoreClock
    timer.o(.ARM.exidx.text.timer_init) refers to timer.o(.text.timer_init) for [Anonymous Symbol]
    timer.o(.ARM.exidx.text.delay_us) refers to timer.o(.text.delay_us) for [Anonymous Symbol]
    timer.o(.text.delay_ms) refers to timer.o(.text.delay_us) for delay_us
    timer.o(.ARM.exidx.text.delay_ms) refers to timer.o(.text.delay_ms) for [Anonymous Symbol]
    i2c.o(.text.i2c_init) refers to gpio.o(.text.gpio_init) for gpio_init
    i2c.o(.ARM.exidx.text.i2c_init) refers to i2c.o(.text.i2c_init) for [Anonymous Symbol]
    i2c.o(.ARM.exidx.text.i2c_start) refers to i2c.o(.text.i2c_start) for [Anonymous Symbol]
[...]
    ../clib/printf.c                         0x00000000   Number         0  _printf_fp_dec_accurate.o ABSOLUTE
    ../clib/printf.c                         0x00000000   Number         0  _printf_fp_hex.o ABSOLUTE
    ../clib/printf.c                         0x00000000   Number         0  __printf_nopercent.o ABSOLUTE
    ../clib/printf.c                         0x00000000   Number         0  _printf_char.o ABSOLUTE
    ../clib/printf.c                         0x00000000   Number         0  _printf_wchar.o ABSOLUTE
    ../clib/printf.c                         0x00000000   Number         0  _printf_fp_infnan.o ABSOLUTE
    ../clib/printf_percent.s                 0x00000000   Number         0  _printf_c.o ABSOLUTE
    ../clib/printf_percent.s                 0x00000000   Number         0  _printf_s.o ABSOLUTE
    ../clib/printf_percent.s                 0x00000000   Number         0  _printf_n.o ABSOLUTE
    ../clib/printf_percent.s                 0x00000000   Number         0  _printf_x.o ABSOLUTE
    ../clib/printf_percent.s                 0x00000000   Number         0  _printf_p.o ABSOLUTE
    ../clib/printf_percent.s                 0x00000000   Number         0  _printf_o.o ABSOLUTE
    ../clib/printf_percent.s                 0x00000000   Number         0  _printf_i.o ABSOLUTE
    ../clib/printf_percent.s                 0x00000000   Number         0  _printf_d.o ABSOLUTE
    ../clib/printf_percent.s                 0x00000000   Number         0  _printf_u.o ABSOLUTE
    ../clib/printf_percent.s                 0x00000000   Number         0  _printf_f.o ABSOLUTE
    ../clib/printf_percent.s                 0x00000000   Number         0  _printf_e.o ABSOLUTE
    ../clib/printf_percent.s                 0x00000000   Number         0  _printf_g.o ABSOLUTE
    ../clib/printf_percent.s                 0x00000000   Number         0  _printf_a.o ABSOLUTE
    ../clib/printf_percent.s                 0x00000000   Number         0  _printf_percent.o ABSOLUTE
    ../clib/printf_percent.s                 0x00000000   Number         0  _printf_lli.o ABSOLUTE
    ../clib/printf_percent.s                 0x00000000   Number         0  _printf_lld.o ABSOLUTE
    ../clib/printf_percent.s                 0x00000000   Number         0  _printf_llu.o ABSOLUTE
    ../clib/printf_percent.s                 0x00000000   Number         0  _printf_ll.o ABSOLUTE
    ../clib/printf_percent.s                 0x00000000   Number         0  _printf_l.o ABSOLUTE
    ../clib/printf_percent.s                 0x00000000   Number         0  _printf_lc.o ABSOLUTE
    ../clib/printf_percent.s                 0x00000000   Number         0  _printf_ls.o ABSOLUTE
    ../clib/printf_percent.s                 0x00000000   Number         0  _printf_llo.o ABSOLUTE
    ../clib/printf_percent.s                 0x00000000   Number         0  _printf_llx.o ABSOLUTE
    ../clib/printf_percent.s                 0x00000000   Number         0  _printf_percent_end.o ABSOLUTE
    ../clib/signal.c                         0x00000000   Number         0  defsig_rtmem_outer.o ABSOLUTE
    ../clib/signal.c                         0x00000000   Number         0  defsig_rtmem_formal.o ABSOLUTE
    ../clib/signal.c                         0x00000000   Number         0  defsig_exit.o ABSOLUTE
    ../clib/signal.c                         0x00000000   Number         0  defsig_rtmem_inner.o ABSOLUTE
    ../clib/signal.c                         0x00000000   Number         0  __raise.o ABSOLUTE
    ../clib/signal.c                         0x00000000   Number         0  defsig_general.o ABSOLUTE
    ../clib/signal.c                         0x00000000   Number         0  defsig_abrt_inner.o ABSOLUTE
    ../clib/signal.c                         0x00000000   Number         0  defsig_fpe_inner.o ABSOLUTE
    ../clib/signal.c                         0x00000000   Number         0  defsig_rtred_inner.o ABSOLUTE
    ../clib/signal.c                         0x00000000   Number         0  defsig_stak_inner.o ABSOLUTE
    ../clib/signal.c                         0x00000000   Number         0  defsig_pvfn_inner.o ABSOLUTE
    ../clib/signal.c                         0x00000000   Number         0  defsig_cppl_inner.o ABSOLUTE
    ../clib/signal.c                         0x00000000   Number         0  defsig_segv_inner.o ABSOLUTE
    ../clib/signal.c                         0x00000000   Number         0  defsig_other.o ABSOLUTE
    ../clib/signal.s                         0x00000000   Number         0  defsig.o ABSOLUTE
    ../clib/stdlib.c                         0x00000000   Number         0  exit.o ABSOLUTE
    ../fplib/daddsub.s                       0x00000000   Number         0  daddsub_clz.o ABSOLUTE
    ../fplib/dcheck1.s                       0x00000000   Number         0  dcheck1.o ABSOLUTE
    ../fplib/dcmp.s                          0x00000000   Number         0  dcmp.o ABSOLUTE
    ../fplib/dcmpi.s                         0x00000000   Number         0  dcmpi.o ABSOLUTE
    ../fplib/ddiv.s                          0x00000000   Number         0  ddiv.o ABSOLUTE
    ../fplib/deqf.s                          0x00000000   Number         0  deqf.o ABSOLUTE
    ../fplib/dflt.s                          0x00000000   Number         0  dflt_clz.o ABSOLUTE
    ../fplib/dgeqf.s                         0x00000000   Number         0  dgeqf.o ABSOLUTE
    ../fplib/dleqf.s                         0x00000000   Number         0  dleqf.o ABSOLUTE
    ../fplib/dmul.s                          0x00000000   Number         0  dmul.o ABSOLUTE
    ../fplib/dnaninf.s                       0x00000000   Number         0  dnaninf.o ABSOLUTE
    ../fplib/dretinf.s                       0x00000000   Number         0  dretinf.o ABSOLUTE
    ../fplib/drleqf.s                        0x00000000   Number         0  drleqf.o ABSOLUTE
    ../fplib/dsqrt.s                         0x00000000   Number         0  dsqrt_noumaal.o ABSOLUTE
    ../fplib/fpinit.s                        0x00000000   Number         0  fpinit.o ABSOLUTE
    ../fplib/fpinit_empty.s                  0x00000000   Number         0  fpinit_empty.o ABSOLUTE
    ../fplib/istatus.s                       0x00000000   Number         0  istatus.o ABSOLUTE
    ../fplib/printf1.s                       0x00000000   Number         0  printf1.o ABSOLUTE
    ../fplib/printf2.s                       0x00000000   Number         0  printf2.o ABSOLUTE
    ../fplib/printf2a.s                      0x00000000   Number         0  printf2a.o ABSOLUTE
    ../fplib/printf2b.s                      0x00000000   Number         0  printf2b.o ABSOLUTE
    ../fplib/retnan.s                        0x00000000   Number         0  retnan.o ABSOLUTE
    ../fplib/scalbn.s                        0x00000000   Number         0  scalbn.o ABSOLUTE
    ../fplib/trapv.s                         0x00000000   Number         0  trapv.o ABSOLUTE
    ../fplib/usenofp.s                       0x00000000   Number         0  usenofp.o ABSOLUTE
    ../mathlib/atan.c                        0x00000000   Number         0  atan.o ABSOLUTE
    ../mathlib/atan2.c                       0x00000000   Number         0  atan2.o ABSOLUTE
    ../mathlib/dunder.c                      0x00000000   Number         0  dunder.o ABSOLUTE
    ../mathlib/fpclassify.c                  0x00000000   Number         0  fpclassify.o ABSOLUTE
    ../mathlib/poly.c                        0x00000000   Number         0  poly.o ABSOLUTE
    ../mathlib/pow.c                         0x00000000   Number         0  pow.o ABSOLUTE
    ../mathlib/qnan.c                        0x00000000   Number         0  qnan.o ABSOLUTE
    ../mathlib/sqrt.c                        0x00000000   Number         0  sqrt.o ABSOLUTE
    RTE/Device/STM32F103C8/startup_stm32f10x_md.s 0x00000000   Number         0  startup_stm32f10x_md.o ABSOLUTE
    button.c                                 0x00000000   Number         0  button.o ABSOLUTE
    dc.s                                     0x00000000   Number         0  dc.o ABSOLUTE
    gpio.c                                   0x00000000   Number         0  gpio.o ABSOLUTE
    i2c.c                                    0x00000000   Number         0  i2c.o ABSOLUTE
    interrupt.c                              0x00000000   Number         0  interrupt.o ABSOLUTE
    lcd.c                                    0x00000000   Number         0  lcd.o ABSOLUTE
    led.c                                    0x00000000   Number         0  led.o ABSOLUTE
    main.c                                   0x00000000   Number         0  main.o ABSOLUTE
    misc.c                                   0x00000000   Number         0  misc.o ABSOLUTE
    mpu6050.c                                0x00000000   Number         0  mpu6050.o ABSOLUTE
    stm32f10x_gpio.c                         0x00000000   Number         0  stm32f10x_gpio.o ABSOLUTE
    stm32f10x_rcc.c                          0x00000000   Number         0  stm32f10x_rcc.o ABSOLUTE
    system_stm32f10x.c                       0x00000000   Number         0  system_stm32f10x.o ABSOLUTE
    timer.c                                  0x00000000   Number         0  timer.o ABSOLUTE
    uart.c                                   0x00000000   Number         0  uart.o ABSOLUTE
    RESET                                    0x08000000   Section      236  startup_stm32f10x_md.o(RESET)
    !!!main                                  0x080000ec   Section        8  __main.o(!!!main)
    !!!scatter                               0x080000f4   Section       92  __scatter.o(!!!scatter)
    !!handler_copy                           0x08000150   Section       26  __scatter_copy.o(!!handler_copy)
    !!handler_null                           0x0800016c   Section        2  __scatter.o(!!handler_null)
    !!handler_zi                             0x08000170   Section       28  __scatter_zi.o(!!handler_zi)
    .ARM.Collect$$_printf_percent$$00000000  0x0800018c   Section        0  _printf_percent.o(.ARM.Collect$$_printf_percent$$00000000)
    .ARM.Collect$$_printf_percent$$00000001  0x0800018c   Section        6  _printf_n.o(.ARM.Collect$$_printf_percent$$00000001)
    .ARM.Collect$$_printf_percent$$00000002  0x08000192   Section        6  _printf_p.o(.ARM.Collect$$_printf_percent$$00000002)
    .ARM.Collect$$_printf_percent$$00000003  0x08000198   Section        6  _printf_f.o(.ARM.Collect$$_printf_percent$$00000003)
    .ARM.Collect$$_printf_percent$$00000004  0x0800019e   Section        6  _printf_e.o(.ARM.Collect$$_printf_percent$$00000004)
    .ARM.Collect$$_printf_percent$$00000005  0x080001a4   Section        6  _printf_g.o(.ARM.Collect$$_printf_percent$$00000005)
    .ARM.Collect$$_printf_percent$$00000006  0x080001aa   Section        6  _printf_a.o(.ARM.Collect$$_printf_percent$$00000006)
    .ARM.Collect$$_printf_percent$$00000007  0x080001b0   Section       10  _printf_ll.o(.ARM.Collect$$_printf_percent$$00000007)
    .ARM.Collect$$_printf_percent$$00000008  0x080001ba   Section        6  _printf_i.o(.ARM.Collect$$_printf_percent$$00000008)
    .ARM.Collect$$_printf_percent$$00000009  0x080001c0   Section        6  _printf_d.o(.ARM.Collect$$_printf_percent$$00000009)
    .ARM.Collect$$_printf_percent$$0000000A  0x080001c6   Section        6  _printf_u.o(.ARM.Collect$$_printf_percent$$0000000A)
    .ARM.Collect$$_printf_percent$$0000000B  0x080001cc   Section        6  _printf_o.o(.ARM.Collect$$_printf_percent$$0000000B)
    .ARM.Collect$$_printf_percent$$0000000C  0x080001d2   Section        6  _printf_x.o(.ARM.Collect$$_printf_percent$$0000000C)
    .ARM.Collect$$_printf_percent$$0000000D  0x080001d8   Section        6  _printf_lli.o(.ARM.Collect$$_printf_percent$$0000000D)
    .ARM.Collect$$_printf_percent$$0000000E  0x080001de   Section        6  _printf_lld.o(.ARM.Collect$$_printf_percent$$0000000E)
    .ARM.Collect$$_printf_percent$$0000000F  0x080001e4   Section        6  _printf_llu.o(.ARM.Collect$$_printf_percent$$0000000F)
    .ARM.Collect$$_printf_percent$$00000010  0x080001ea   Section        6  _printf_llo.o(.ARM.Collect$$_printf_percent$$00000010)
    .ARM.Collect$$_printf_percent$$00000011  0x080001f0   Section        6  _printf_llx.o(.ARM.Collect$$_printf_percent$$00000011)
    .ARM.Collect$$_printf_percent$$00000012  0x080001f6   Section       10  _printf_l.o(.ARM.Collect$$_printf_percent$$00000012)
    .ARM.Collect$$_printf_percent$$00000013  0x08000200   Section        6  _printf_c.o(.ARM.Collect$$_printf_percent$$00000013)
    .ARM.Collect$$_printf_percent$$00000014  0x08000206   Section        6  _printf_s.o(.ARM.Collect$$_printf_percent$$00000014)
    .ARM.Collect$$_printf_percent$$00000015  0x0800020c   Section        6  _printf_lc.o(.ARM.Collect$$_printf_percent$$00000015)
    .ARM.Collect$$_printf_percent$$00000016  0x08000212   Section        6  _printf_ls.o(.ARM.Collect$$_printf_percent$$00000016)
    .ARM.Collect$$_printf_percent$$00000017  0x08000218   Section        4  _printf_percent_end.o(.ARM.Collect$$_printf_percent$$00000017)
    .ARM.Collect$$libinit$$00000000          0x0800021c   Section        2  libinit.o(.ARM.Collect$$libinit$$00000000)
    .ARM.Collect$$libinit$$00000002          0x0800021e   Section        0  libinit2.o(.ARM.Collect$$libinit$$00000002)
    .ARM.Collect$$libinit$$00000004          0x0800021e   Section        0  libinit2.o(.ARM.Collect$$libinit$$00000004)
    .ARM.Collect$$libinit$$00000006          0x0800021e   Section        0  libinit2.o(.ARM.Collect$$libinit$$00000006)
    .ARM.Collect$$libinit$$0000000C          0x0800021e   Section        0  libinit2.o(.ARM.Collect$$libinit$$0000000C)
    .ARM.Collect$$libinit$$0000000E          0x0800021e   Section        0  libinit2.o(.ARM.Collect$$libinit$$0000000E)
    .ARM.Collect$$libinit$$00000010          0x0800021e   Section        0  libinit2.o(.ARM.Collect$$libinit$$00000010)
    .ARM.Collect$$libinit$$00000011          0x0800021e   Section        6  libinit2.o(.ARM.Collect$$libinit$$00000011)
    .ARM.Collect$$libinit$$00000013          0x08000224   Section        0  libinit2.o(.ARM.Collect$$libinit$$00000013)
    .ARM.Collect$$libinit$$00000014          0x08000224   Section       12  libinit2.o(.ARM.Collect$$libinit$$00000014)
    .ARM.Collect$$libinit$$00000015          0x08000230   Section        0  libinit2.o(.ARM.Collect$$libinit$$00000015)
    .ARM.Collect$$libinit$$00000017          0x08000230   Section        0  libinit2.o(.ARM.Collect$$libinit$$00000017)
    .ARM.Collect$$libinit$$00000018          0x08000230   Section       10  libinit2.o(.ARM.Collect$$libinit$$00000018)
    .ARM.Collect$$libinit$$00000019          0x0800023a   Section        0  libinit2.o(.ARM.Collect$$libinit$$00000019)
    .ARM.Collect$$libinit$$0000001B          0x0800023a   Section        0  libinit2.o(.ARM.Collect$$libinit$$0000001B)
    .ARM.Collect$$libinit$$0000001D          0x0800023a   Section        0  libinit2.o(.ARM.Collect$$libinit$$0000001D)
    .ARM.Collect$$libinit$$0000001F          0x0800023a   Section        0  libinit2.o(.ARM.Collect$$libinit$$0000001F)
    .ARM.Collect$$libinit$$00000021          0x0800023a   Section        0  libinit2.o(.ARM.Collect$$libinit$$00000021)
    .ARM.Collect$$libinit$$00000023          0x0800023a   Section        0  libinit2.o(.ARM.Collect$$libinit$$00000023)
    .ARM.Collect$$libinit$$00000025          0x0800023a   Section        0  libinit2.o(.ARM.Collect$$libinit$$00000025)
    .ARM.Collect$$libinit$$00000027          0x0800023a   Section        0  libinit2.o(.ARM.Collect$$libinit$$00000027)
    .ARM.Collect$$libinit$$0000002E          0x0800023a   Section        0  libinit2.o(.ARM.Collect$$libinit$$0000002E)
    .ARM.Collect$$libinit$$00000030          0x0800023a   Section        0  libinit2.o(.ARM.Collect$$libinit$$00000030)
    .ARM.Collect$$libinit$$00000032          0x0800023a   Section        0  libinit2.o(.ARM.Collect$$libinit$$00000032)
    .ARM.Collect$$libinit$$00000034          0x0800023a   Section        0  libinit2.o(.ARM.Collect$$libinit$$00000034)
    .ARM.Collect$$libinit$$00000035          0x0800023a   Section        2  libinit2.o(.ARM.Collect$$libinit$$00000035)
    .ARM.Collect$$libshutdown$$00000000      0x0800023c   Section        2  libshutdown.o(.ARM.Collect$$libshutdown$$00000000)
    .ARM.Collect$$libshutdown$$00000002      0x0800023e   Section        0  libshutdown2.o(.ARM.Collect$$libshutdown$$00000002)
    .ARM.Collect$$libshutdown$$00000004      0x0800023e   Section        0  libshutdown2.o(.ARM.Collect$$libshutdown$$00000004)
    .ARM.Collect$$libshutdown$$00000007      0x0800023e   Section        0  libshutdown2.o(.ARM.Collect$$libshutdown$$00000007)
    .ARM.Collect$$libshutdown$$0000000A      0x0800023e   Section        0  libshutdown2.o(.ARM.Collect$$libshutdown$$0000000A)
    .ARM.Collect$$libshutdown$$0000000C      0x0800023e   Section        0  libshutdown2.o(.ARM.Collect$$libshutdown$$0000000C)
    .ARM.Collect$$libshutdown$$0000000F      0x0800023e   Section        0  libshutdown2.o(.ARM.Collect$$libshutdown$$0000000F)
    .ARM.Collect$$libshutdown$$00000010      0x0800023e   Section        2  libshutdown2.o(.ARM.Collect$$libshutdown$$00000010)
    .ARM.Collect$$rtentry$$00000000          0x08000240   Section        0  __rtentry.o(.ARM.Collect$$rtentry$$00000000)
    .ARM.Collect$$rtentry$$00000002          0x08000240   Section        0  __rtentry2.o(.ARM.Collect$$rtentry$$00000002)
    .ARM.Collect$$rtentry$$00000004          0x08000240   Section        6  __rtentry4.o(.ARM.Collect$$rtentry$$00000004)
    .ARM.Collect$$rtentry$$00000009          0x08000246   Section        0  __rtentry2.o(.ARM.Collect$$rtentry$$00000009)
    .ARM.Collect$$rtentry$$0000000A          0x08000246   Section        4  __rtentry2.o(.ARM.Collect$$rtentry$$0000000A)
    .ARM.Collect$$rtentry$$0000000C          0x0800024a   Section        0  __rtentry2.o(.ARM.Collect$$rtentry$$0000000C)
    .ARM.Collect$$rtentry$$0000000D          0x0800024a   Section        8  __rtentry2.o(.ARM.Collect$$rtentry$$0000000D)
    .ARM.Collect$$rtexit$$00000000           0x08000252   Section        2  rtexit.o(.ARM.Collect$$rtexit$$00000000)
    .ARM.Collect$$rtexit$$00000002           0x08000254   Section        0  rtexit2.o(.ARM.Collect$$rtexit$$00000002)
    .ARM.Collect$$rtexit$$00000003           0x08000254   Section        4  rtexit2.o(.ARM.Collect$$rtexit$$00000003)
    .ARM.Collect$$rtexit$$00000004           0x08000258   Section        6  rtexit2.o(.ARM.Collect$$rtexit$$00000004)
    .text                                    0x08000260   Section       64  startup_stm32f10x_md.o(.text)
    .text                                    0x080002a0   Section        0  snprintf.o(.text)
    .text                                    0x080002e0   Section        0  heapauxi.o(.text)
    .text                                    0x080002e6   Section        0  _printf_pad.o(.text)
    .text                                    0x08000334   Section        0  _printf_truncate.o(.text)
    .text                                    0x08000358   Section        0  _printf_str.o(.text)
    .text                                    0x080003ac   Section        0  _printf_dec.o(.text)
    .text                                    0x08000424   Section        0  _printf_charcount.o(.text)
    _printf_input_char                       0x0800044d   Thumb Code    10  _printf_char_common.o(.text)
    .text                                    0x0800044c   Section        0  _printf_char_common.o(.text)
    .text                                    0x0800047c   Section        0  _snputc.o(.text)
    .text                                    0x0800048c   Section        0  _printf_wctomb.o(.text)
    .text                                    0x08000548   Section        0  _printf_longlong_dec.o(.text)
    _printf_longlong_oct_internal            0x080005c5   Thumb Code     0  _printf_oct_int_ll.o(.text)
    .text                                    0x080005c4   Section        0  _printf_oct_int_ll.o(.text)
    _printf_hex_common                       0x08000635   Thumb Code     0  _printf_hex_int_ll_ptr.o(.text)
    .text                                    0x08000634   Section        0  _printf_hex_int_ll_ptr.o(.text)
    .text                                    0x080006c8   Section        0  __printf_flags_ss_wp.o(.text)
    .text                                    0x08000850   Section      138  lludiv10.o(.text)
    .text                                    0x080008da   Section        0  _printf_intcommon.o(.text)
    _fp_digits                               0x0800098d   Thumb Code   432  _printf_fp_dec.o(.text)
    .text                                    0x0800098c   Section        0  _printf_fp_dec.o(.text)
    .text                                    0x08000da8   Section        0  _printf_fp_hex.o(.text)
    .text                                    0x080010a4   Section        0  _printf_char.o(.text)
    .text                                    0x080010d0   Section        0  _printf_wchar.o(.text)
    .text                                    0x080010fc   Section        0  _c16rtomb.o(.text)
    .text                                    0x08001144   Section        8  libspace.o(.text)
    .text                                    0x0800114c   Section       74  sys_stackheap_outer.o(.text)
    .text                                    0x08001198   Section       16  rt_ctype_table.o(.text)
    .text                                    0x080011a8   Section        8  rt_locale_intlibspace.o(.text)
    .text                                    0x080011b0   Section        0  _printf_fp_infnan.o(.text)
    .text                                    0x08001230   Section        0  bigflt0.o(.text)
    .text                                    0x08001314   Section        0  exit.o(.text)
    .text                                    0x08001328   Section      128  strcmpv7m.o(.text)
    .text                                    0x080013a8   Section        0  sys_exit.o(.text)
    .text                                    0x080013b4   Section        2  use_no_semi.o(.text)
    .text                                    0x080013b6   Section        0  indicate_semi.o(.text)
    [Anonymous Symbol]                       0x080013b8   Section        0  main.o(.text.EXTI0_IRQHandler)
    [Anonymous Symbol]                       0x080013f0   Section        0  main.o(.text.EXTI1_IRQHandler)
    [Anonymous Symbol]                       0x08001428   Section        0  main.o(.text.EXTI3_IRQHandler)
    [Anonymous Symbol]                       0x08001460   Section        0  mpu6050.o(.text.MPU6050_Init)
    [Anonymous Symbol]                       0x080014c8   Section        0  mpu6050.o(.text.MPU6050_ReadReg)
    [Anonymous Symbol]                       0x0800152c   Section        0  mpu6050.o(.text.MPU6050_Read_Accel)
    [Anonymous Symbol]                       0x08001620   Section        0  mpu6050.o(.text.MPU6050_WriteReg)
    SetSysClock                              0x08001669   Thumb Code     8  system_stm32f10x.o(.text.SetSysClock)
    [Anonymous Symbol]                       0x08001668   Section        0  system_stm32f10x.o(.text.SetSysClock)
    SetSysClockTo72                          0x08001671   Thumb Code   290  system_stm32f10x.o(.text.SetSysClockTo72)
    [Anonymous Symbol]                       0x08001670   Section        0  system_stm32f10x.o(.text.SetSysClockTo72)
    [Anonymous Symbol]                       0x08001794   Section        0  main.o(.text.SystemClock_Config)
    [Anonymous Symbol]                       0x08001868   Section        0  system_stm32f10x.o(.text.SystemCoreClockUpdate)
    [Anonymous Symbol]                       0x0800198c   Section        0  system_stm32f10x.o(.text.SystemInit)
    [Anonymous Symbol]                       0x080019f4   Section        0  main.o(.text.TIM2_IRQHandler)
    [Anonymous Symbol]                       0x08001a28   Section        0  main.o(.text.TIM3_IRQHandler)
    __NVIC_EnableIRQ                         0x08001a61   Thumb Code    48  interrupt.o(.text.__NVIC_EnableIRQ)
    [Anonymous Symbol]                       0x08001a60   Section        0  interrupt.o(.text.__NVIC_EnableIRQ)
    __NVIC_SetPriority                       0x08001a91   Thumb Code    66  interrupt.o(.text.__NVIC_SetPriority)
    [Anonymous Symbol]                       0x08001a90   Section        0  interrupt.o(.text.__NVIC_SetPriority)
    [Anonymous Symbol]                       0x08001ad4   Section        0  lcd.o(.text.add_slave)
    [Anonymous Symbol]                       0x08001af4   Section        0  button.o(.text.button_init)
    [Anonymous Symbol]                       0x08001b30   Section        0  timer.o(.text.delay_ms)
    [Anonymous Symbol]                       0x08001b5c   Section        0  timer.o(.text.delay_us)
    [Anonymous Symbol]                       0x08001b88   Section        0  gpio.o(.text.gpio_init)
    [Anonymous Symbol]                       0x08001e24   Section        0  gpio.o(.text.gpio_write)
    [Anonymous Symbol]                       0x08001f08   Section        0  i2c.o(.text.i2c_add)
    [Anonymous Symbol]                       0x08001f9c   Section        0  i2c.o(.text.i2c_data)
    [Anonymous Symbol]                       0x0800200c   Section        0  i2c.o(.text.i2c_init)
    [Anonymous Symbol]                       0x080020f4   Section        0  i2c.o(.text.i2c_read)
    [Anonymous Symbol]                       0x080021c0   Section        0  i2c.o(.text.i2c_start)
    [Anonymous Symbol]                       0x0800222c   Section        0  i2c.o(.text.i2c_stop)
    [Anonymous Symbol]                       0x08002270   Section        0  interrupt.o(.text.intr_init)
    [Anonymous Symbol]                       0x0800238c   Section        0  lcd.o(.text.lcd_i2c_cmd)
    [Anonymous Symbol]                       0x08002430   Section        0  lcd.o(.text.lcd_i2c_data)
    [Anonymous Symbol]                       0x080024d4   Section        0  lcd.o(.text.lcd_i2c_init)
    [Anonymous Symbol]                       0x0800263c   Section        0  lcd.o(.text.lcd_i2c_msg)
    [Anonymous Symbol]                       0x080026a4   Section        0  lcd.o(.text.lcd_i2c_send)
    [Anonymous Symbol]                       0x080026e0   Section        0  led.o(.text.led_init)
    [Anonymous Symbol]                       0x08002710   Section        0  led.o(.text.led_off)
    [Anonymous Symbol]                       0x0800273c   Section        0  led.o(.text.led_on)
    [Anonymous Symbol]                       0x08002768   Section        0  main.o(.text.main)
    [Anonymous Symbol]                       0x0800288c   Section        0  timer.o(.text.timer_init)
    [Anonymous Symbol]                       0x08002994   Section        0  lcd.o(.text.trans_slave)
    CL$$btod_d2e                             0x080029ca   Section       62  btod.o(CL$$btod_d2e)
    CL$$btod_d2e_denorm_low                  0x08002a08   Section       70  btod.o(CL$$btod_d2e_denorm_low)
    CL$$btod_d2e_norm_op1                    0x08002a4e   Section       96  btod.o(CL$$btod_d2e_norm_op1)
    CL$$btod_div_common                      0x08002ab0   Section      824  btod.o(CL$$btod_div_common)
    CL$$btod_e2e                             0x08002de8   Section      220  btod.o(CL$$btod_e2e)
    CL$$btod_ediv                            0x08002ec4   Section       42  btod.o(CL$$btod_ediv)
    CL$$btod_emul                            0x08002eee   Section       42  btod.o(CL$$btod_emul)
    CL$$btod_mult_common                     0x08002f18   Section      580  btod.o(CL$$btod_mult_common)
    i.__ARM_fpclassify                       0x0800315c   Section        0  fpclassify.o(i.__ARM_fpclassify)
    i._is_digit                              0x08003184   Section        0  __printf_wp.o(i._is_digit)
    locale$$code                             0x08003194   Section       44  lc_numeric_c.o(locale$$code)
    locale$$code                             0x080031c0   Section       44  lc_ctype_c.o(locale$$code)
    x$fpl$ddiv                               0x080031ec   Section      692  ddiv.o(x$fpl$ddiv)
    ddiv_entry                               0x080031f3   Thumb Code     0  ddiv.o(x$fpl$ddiv)
    x$fpl$dflt                               0x080034a0   Section       46  dflt_clz.o(x$fpl$dflt)
    x$fpl$dnaninf                            0x080034ce   Section      156  dnaninf.o(x$fpl$dnaninf)
    x$fpl$dretinf                            0x0800356a   Section       12  dretinf.o(x$fpl$dretinf)
    x$fpl$printf1                            0x08003576   Section        4  printf1.o(x$fpl$printf1)
    x$fpl$printf2                            0x0800357a   Section        4  printf2.o(x$fpl$printf2)
    x$fpl$usenofp                            0x0800357e   Section        0  usenofp.o(x$fpl$usenofp)
    initial_mbstate                          0x08003580   Data           8  _printf_wctomb.o(.constdata)
    .constdata                               0x08003580   Section        8  _printf_wctomb.o(.constdata)
    uc_hextab                                0x08003588   Data          20  _printf_hex_int_ll_ptr.o(.constdata)
    .constdata                               0x08003588   Section       40  _printf_hex_int_ll_ptr.o(.constdata)
    lc_hextab                                0x0800359c   Data          20  _printf_hex_int_ll_ptr.o(.constdata)
    maptable                                 0x080035b0   Data          17  __printf_flags_ss_wp.o(.constdata)
    .constdata                               0x080035b0   Section       17  __printf_flags_ss_wp.o(.constdata)
    lc_hextab                                0x080035c1   Data          19  _printf_fp_hex.o(.constdata)
    .constdata                               0x080035c1   Section       38  _printf_fp_hex.o(.constdata)
    uc_hextab                                0x080035d4   Data          19  _printf_fp_hex.o(.constdata)
    tenpwrs_x                                0x080035e8   Data          60  bigflt0.o(.constdata)
    .constdata                               0x080035e8   Section      148  bigflt0.o(.constdata)
    tenpwrs_i                                0x08003624   Data          64  bigflt0.o(.constdata)
    .L.str                                   0x0800368c   Data          26  main.o(.rodata.str1.1)
    [Anonymous Symbol]                       0x0800368c   Section        0  main.o(.rodata.str1.1)
    locale$$data                             0x080036c8   Section       28  lc_numeric_c.o(locale$$data)
    __lcnum_c_name                           0x080036cc   Data           2  lc_numeric_c.o(locale$$data)
    __lcnum_c_start                          0x080036d4   Data           0  lc_numeric_c.o(locale$$data)
    __lcnum_c_point                          0x080036e0   Data           0  lc_numeric_c.o(locale$$data)
    __lcnum_c_thousands                      0x080036e2   Data           0  lc_numeric_c.o(locale$$data)
    __lcnum_c_grouping                       0x080036e3   Data           0  lc_numeric_c.o(locale$$data)
    __lcnum_c_end                            0x080036e4   Data           0  lc_numeric_c.o(locale$$data)
    locale$$data                             0x080036e4   Section      272  lc_ctype_c.o(locale$$data)
    __lcctype_c_name                         0x080036e8   Data           2  lc_ctype_c.o(locale$$data)
    __lcctype_c_start                        0x080036f0   Data           0  lc_ctype_c.o(locale$$data)
    __lcctype_c_end                          0x080037f4   Data           0  lc_ctype_c.o(locale$$data)
    .bss                                     0x20000008   Section       96  libspace.o(.bss)
    Heap_Mem                                 0x20000078   Data         512  startup_stm32f10x_md.o(HEAP)
    HEAP                                     0x20000078   Section      512  startup_stm32f10x_md.o(HEAP)
    Stack_Mem                                0x20000278   Data        1024  startup_stm32f10x_md.o(STACK)
    STACK                                    0x20000278   Section     1024  startup_stm32f10x_md.o(STACK)
    __initial_sp                             0x20000678   Data           0  startup_stm32f10x_md.o(STACK)

    Global Symbols

    Symbol Name                              Value     Ov Type        Size  Object(Section)

    BuildAttributes$$THM_ISAv4$P$D$K$B$S$PE$A:L22UL41UL21$X:L11$S22US41US21$IEEE1$IW$~IW$USESV6$~STKCKD$USESV7$~SHL$OTIME$ROPI$IEEEX$EBA8$UX$STANDARDLIB$REQ8$PRES8$EABIv2 0x00000000   Number         0  anon$$obj.o ABSOLUTE
    __fp_init_empty                          0x00000000   Number         0  fpinit_empty.o ABSOLUTE
    _printf_flags                            0x00000000   Number         0  printf_stubs.o ABSOLUTE
    _printf_return_value                     0x00000000   Number         0  printf_stubs.o ABSOLUTE
    _printf_sizespec                         0x00000000   Number         0  printf_stubs.o ABSOLUTE
    _printf_widthprec                        0x00000000   Number         0  printf_stubs.o ABSOLUTE
    __ARM_exceptions_init                     - Undefined Weak Reference
    __alloca_initialize                       - Undefined Weak Reference
    __arm_preinit_                            - Undefined Weak Reference
    __arm_relocate_pie_                       - Undefined Weak Reference
    __cpp_initialize__aeabi_                  - Undefined Weak Reference
    __cxa_finalize                            - Undefined Weak Reference
    __sigvec_lookup                           - Undefined Weak Reference
    _atexit_init                              - Undefined Weak Reference
    _call_atexit_fns                          - Undefined Weak Reference
    _clock_init                               - Undefined Weak Reference
    _fp_trap_init                             - Undefined Weak Reference
    _fp_trap_shutdown                         - Undefined Weak Reference
    _get_lc_collate                           - Undefined Weak Reference
    _get_lc_monetary                          - Undefined Weak Reference
    _get_lc_time                              - Undefined Weak Reference
    _getenv_init                              - Undefined Weak Reference
    _handle_redirection                       - Undefined Weak Reference
    _init_alloc                               - Undefined Weak Reference
    _init_user_alloc                          - Undefined Weak Reference
    _initio                                   - Undefined Weak Reference
    _printf_mbtowc                            - Undefined Weak Reference
    _printf_wc                                - Undefined Weak Reference
    _rand_init                                - Undefined Weak Reference
    _signal_finish                            - Undefined Weak Reference
    _signal_init                              - Undefined Weak Reference
    _terminate_alloc                          - Undefined Weak Reference
    _terminate_user_alloc                     - Undefined Weak Reference
    _terminateio                              - Undefined Weak Reference
    __Vectors_Size                           0x000000ec   Number         0  startup_stm32f10x_md.o ABSOLUTE
    __Vectors                                0x08000000   Data           4  startup_stm32f10x_md.o(RESET)
    __Vectors_End                            0x080000ec   Data           0  startup_stm32f10x_md.o(RESET)
    __main                                   0x080000ed   Thumb Code     8  __main.o(!!!main)
    __scatterload                            0x080000f5   Thumb Code     0  __scatter.o(!!!scatter)
    __scatterload_rt2                        0x080000f5   Thumb Code    84  __scatter.o(!!!scatter)
    __scatterload_rt2_thumb_only             0x080000f5   Thumb Code     0  __scatter.o(!!!scatter)
    __scatterload_loop                       0x080000ff   Thumb Code     0  __scatter.o(!!!scatter)
    __scatterload_copy                       0x08000151   Thumb Code    26  __scatter_copy.o(!!handler_copy)
    __scatterload_null                       0x0800016d   Thumb Code     2  __scatter.o(!!handler_null)
    __scatterload_zeroinit                   0x08000171   Thumb Code    28  __scatter_zi.o(!!handler_zi)
    _printf_n                                0x0800018d   Thumb Code     0  _printf_n.o(.ARM.Collect$$_printf_percent$$00000001)
    _printf_percent                          0x0800018d   Thumb Code     0  _printf_percent.o(.ARM.Collect$$_printf_percent$$00000000)
    _printf_p                                0x08000193   Thumb Code     0  _printf_p.o(.ARM.Collect$$_printf_percent$$00000002)
    _printf_f                                0x08000199   Thumb Code     0  _printf_f.o(.ARM.Collect$$_printf_percent$$00000003)
    _printf_e                                0x0800019f   Thumb Code     0  _printf_e.o(.ARM.Collect$$_printf_percent$$00000004)
    _printf_g                                0x080001a5   Thumb Code     0  _printf_g.o(.ARM.Collect$$_printf_percent$$00000005)
    _printf_a                                0x080001ab   Thumb Code     0  _printf_a.o(.ARM.Collect$$_printf_percent$$00000006)
    _printf_ll                               0x080001b1   Thumb Code     0  _printf_ll.o(.ARM.Collect$$_printf_percent$$00000007)
    _printf_i                                0x080001bb   Thumb Code     0  _printf_i.o(.ARM.Collect$$_printf_percent$$00000008)
    _printf_d                                0x080001c1   Thumb Code     0  _printf_d.o(.ARM.Collect$$_printf_percent$$00000009)
    _printf_u                                0x080001c7   Thumb Code     0  _printf_u.o(.ARM.Collect$$_printf_percent$$0000000A)
    _printf_o                                0x080001cd   Thumb Code     0  _printf_o.o(.ARM.Collect$$_printf_percent$$0000000B)
    _printf_x                                0x080001d3   Thumb Code     0  _printf_x.o(.ARM.Collect$$_printf_percent$$0000000C)
    _printf_lli                              0x080001d9   Thumb Code     0  _printf_lli.o(.ARM.Collect$$_printf_percent$$0000000D)
    _printf_lld                              0x080001df   Thumb Code     0  _printf_lld.o(.ARM.Collect$$_printf_percent$$0000000E)
    _printf_llu                              0x080001e5   Thumb Code     0  _printf_llu.o(.ARM.Collect$$_printf_percent$$0000000F)
    _printf_llo                              0x080001eb   Thumb Code     0  _printf_llo.o(.ARM.Collect$$_printf_percent$$00000010)
    _printf_llx                              0x080001f1   Thumb Code     0  _printf_llx.o(.ARM.Collect$$_printf_percent$$00000011)
    _printf_l                                0x080001f7   Thumb Code     0  _printf_l.o(.ARM.Collect$$_printf_percent$$00000012)
    _printf_c                                0x08000201   Thumb Code     0  _printf_c.o(.ARM.Collect$$_printf_percent$$00000013)
    _printf_s                                0x08000207   Thumb Code     0  _printf_s.o(.ARM.Collect$$_printf_percent$$00000014)
    _printf_lc                               0x0800020d   Thumb Code     0  _printf_lc.o(.ARM.Collect$$_printf_percent$$00000015)
    _printf_ls                               0x08000213   Thumb Code     0  _printf_ls.o(.ARM.Collect$$_printf_percent$$00000016)
    _printf_percent_end                      0x08000219   Thumb Code     0  _printf_percent_end.o(.ARM.Collect$$_printf_percent$$00000017)
    __rt_lib_init                            0x0800021d   Thumb Code     0  libinit.o(.ARM.Collect$$libinit$$00000000)
    __rt_lib_init_fp_1                       0x0800021f   Thumb Code     0  libinit2.o(.ARM.Collect$$libinit$$00000002)
    __rt_lib_init_heap_1                     0x0800021f   Thumb Code     0  libinit2.o(.ARM.Collect$$libinit$$0000000C)
    __rt_lib_init_lc_common                  0x0800021f   Thumb Code     0  libinit2.o(.ARM.Collect$$libinit$$00000011)
    __rt_lib_init_preinit_1                  0x0800021f   Thumb Code     0  libinit2.o(.ARM.Collect$$libinit$$00000006)
    __rt_lib_init_rand_1                     0x0800021f   Thumb Code     0  libinit2.o(.ARM.Collect$$libinit$$00000010)
    __rt_lib_init_relocate_pie_1             0x0800021f   Thumb Code     0  libinit2.o(.ARM.Collect$$libinit$$00000004)
    __rt_lib_init_user_alloc_1               0x0800021f   Thumb Code     0  libinit2.o(.ARM.Collect$$libinit$$0000000E)
    __rt_lib_init_lc_collate_1               0x08000225   Thumb Code     0  libinit2.o(.ARM.Collect$$libinit$$00000013)
    __rt_lib_init_lc_ctype_2                 0x08000225   Thumb Code     0  libinit2.o(.ARM.Collect$$libinit$$00000014)
    __rt_lib_init_lc_ctype_1                 0x08000231   Thumb Code     0  libinit2.o(.ARM.Collect$$libinit$$00000015)
    __rt_lib_init_lc_monetary_1              0x08000231   Thumb Code     0  libinit2.o(.ARM.Collect$$libinit$$00000017)
    __rt_lib_init_lc_numeric_2               0x08000231   Thumb Code     0  libinit2.o(.ARM.Collect$$libinit$$00000018)
    __rt_lib_init_alloca_1                   0x0800023b   Thumb Code     0  libinit2.o(.ARM.Collect$$libinit$$00000030)
    __rt_lib_init_argv_1                     0x0800023b   Thumb Code     0  libinit2.o(.ARM.Collect$$libinit$$0000002E)
    __rt_lib_init_atexit_1                   0x0800023b   Thumb Code     0  libinit2.o(.ARM.Collect$$libinit$$0000001D)
    __rt_lib_init_clock_1                    0x0800023b   Thumb Code     0  libinit2.o(.ARM.Collect$$libinit$$00000023)
    __rt_lib_init_cpp_1                      0x0800023b   Thumb Code     0  libinit2.o(.ARM.Collect$$libinit$$00000034)
    __rt_lib_init_exceptions_1               0x0800023b   Thumb Code     0  libinit2.o(.ARM.Collect$$libinit$$00000032)
    __rt_lib_init_fp_trap_1                  0x0800023b   Thumb Code     0  libinit2.o(.ARM.Collect$$libinit$$00000021)
    __rt_lib_init_getenv_1                   0x0800023b   Thumb Code     0  libinit2.o(.ARM.Collect$$libinit$$00000025)
    __rt_lib_init_lc_numeric_1               0x0800023b   Thumb Code     0  libinit2.o(.ARM.Collect$$libinit$$00000019)
    __rt_lib_init_lc_time_1                  0x0800023b   Thumb Code     0  libinit2.o(.ARM.Collect$$libinit$$0000001B)
    __rt_lib_init_return                     0x0800023b   Thumb Code     0  libinit2.o(.ARM.Collect$$libinit$$00000035)
    __rt_lib_init_signal_1                   0x0800023b   Thumb Code     0  libinit2.o(.ARM.Collect$$libinit$$0000001F)
    __rt_lib_init_stdio_1                    0x0800023b   Thumb Code     0  libinit2.o(.ARM.Collect$$libinit$$00000027)
    __rt_lib_shutdown                        0x0800023d   Thumb Code     0  libshutdown.o(.ARM.Collect$$libshutdown$$00000000)
    __rt_lib_shutdown_cpp_1                  0x0800023f   Thumb Code     0  libshutdown2.o(.ARM.Collect$$libshutdown$$00000002)
    __rt_lib_shutdown_fp_trap_1              0x0800023f   Thumb Code     0  libshutdown2.o(.ARM.Collect$$libshutdown$$00000007)
    __rt_lib_shutdown_heap_1                 0x0800023f   Thumb Code     0  libshutdown2.o(.ARM.Collect$$libshutdown$$0000000F)
    __rt_lib_shutdown_return                 0x0800023f   Thumb Code     0  libshutdown2.o(.ARM.Collect$$libshutdown$$00000010)
    __rt_lib_shutdown_signal_1               0x0800023f   Thumb Code     0  libshutdown2.o(.ARM.Collect$$libshutdown$$0000000A)
    __rt_lib_shutdown_stdio_1                0x0800023f   Thumb Code     0  libshutdown2.o(.ARM.Collect$$libshutdown$$00000004)
    __rt_lib_shutdown_user_alloc_1           0x0800023f   Thumb Code     0  libshutdown2.o(.ARM.Collect$$libshutdown$$0000000C)
    __rt_entry                               0x08000241   Thumb Code     0  __rtentry.o(.ARM.Collect$$rtentry$$00000000)
    __rt_entry_presh_1                       0x08000241   Thumb Code     0  __rtentry2.o(.ARM.Collect$$rtentry$$00000002)
    __rt_entry_sh                            0x08000241   Thumb Code     0  __rtentry4.o(.ARM.Collect$$rtentry$$00000004)
    __rt_entry_li                            0x08000247   Thumb Code     0  __rtentry2.o(.ARM.Collect$$rtentry$$0000000A)
    __rt_entry_postsh_1                      0x08000247   Thumb Code     0  __rtentry2.o(.ARM.Collect$$rtentry$$00000009)
    __rt_entry_main                          0x0800024b   Thumb Code     0  __rtentry2.o(.ARM.Collect$$rtentry$$0000000D)
    __rt_entry_postli_1                      0x0800024b   Thumb Code     0  __rtentry2.o(.ARM.Collect$$rtentry$$0000000C)
    __rt_exit                                0x08000253   Thumb Code     0  rtexit.o(.ARM.Collect$$rtexit$$00000000)
    __rt_exit_ls                             0x08000255   Thumb Code     0  rtexit2.o(.ARM.Collect$$rtexit$$00000003)
    __rt_exit_prels_1                        0x08000255   Thumb Code     0  rtexit2.o(.ARM.Collect$$rtexit$$00000002)
    __rt_exit_exit                           0x08000259   Thumb Code     0  rtexit2.o(.ARM.Collect$$rtexit$$00000004)
    Reset_Handler                            0x08000261   Thumb Code     8  startup_stm32f10x_md.o(.text)
    NMI_Handler                              0x08000269   Thumb Code     2  startup_stm32f10x_md.o(.text)
    HardFault_Handler                        0x0800026b   Thumb Code     2  startup_stm32f10x_md.o(.text)
    MemManage_Handler                        0x0800026d   Thumb Code     2  startup_stm32f10x_md.o(.text)
    BusFault_Handler                         0x0800026f   Thumb Code     2  startup_stm32f10x_md.o(.text)
    UsageFault_Handler                       0x08000271   Thumb Code     2  startup_stm32f10x_md.o(.text)
    SVC_Handler                              0x08000273   Thumb Code     2  startup_stm32f10x_md.o(.text)
    DebugMon_Handler                         0x08000275   Thumb Code     2  startup_stm32f10x_md.o(.text)
    PendSV_Handler                           0x08000277   Thumb Code     2  startup_stm32f10x_md.o(.text)
    SysTick_Handler                          0x08000279   Thumb Code     2  startup_stm32f10x_md.o(.text)
    ADC1_2_IRQHandler                        0x0800027b   Thumb Code     0  startup_stm32f10x_md.o(.text)
    CAN1_RX1_IRQHandler                      0x0800027b   Thumb Code     0  startup_stm32f10x_md.o(.text)
    CAN1_SCE_IRQHandler                      0x0800027b   Thumb Code     0  startup_stm32f10x_md.o(.text)
    DMA1_Channel1_IRQHandler                 0x0800027b   Thumb Code     0  startup_stm32f10x_md.o(.text)
    DMA1_Channel2_IRQHandler                 0x0800027b   Thumb Code     0  startup_stm32f10x_md.o(.text)
    DMA1_Channel3_IRQHandler                 0x0800027b   Thumb Code     0  startup_stm32f10x_md.o(.text)
    DMA1_Channel4_IRQHandler                 0x0800027b   Thumb Code     0  startup_stm32f10x_md.o(.text)
    DMA1_Channel5_IRQHandler                 0x0800027b   Thumb Code     0  startup_stm32f10x_md.o(.text)
    DMA1_Channel6_IRQHandler                 0x0800027b   Thumb Code     0  startup_stm32f10x_md.o(.text)
    DMA1_Channel7_IRQHandler                 0x0800027b   Thumb Code     0  startup_stm32f10x_md.o(.text)
    EXTI15_10_IRQHandler                     0x0800027b   Thumb Code     0  startup_stm32f10x_md.o(.text)
    EXTI2_IRQHandler                         0x0800027b   Thumb Code     0  startup_stm32f10x_md.o(.text)
    EXTI4_IRQHandler                         0x0800027b   Thumb Code     0  startup_stm32f10x_md.o(.text)
    EXTI9_5_IRQHandler                       0x0800027b   Thumb Code     0  startup_stm32f10x_md.o(.text)
    FLASH_IRQHandler                         0x0800027b   Thumb Code     0  startup_stm32f10x_md.o(.text)
    I2C1_ER_IRQHandler                       0x0800027b   Thumb Code     0  startup_stm32f10x_md.o(.text)
    I2C1_EV_IRQHandler                       0x0800027b   Thumb Code     0  startup_stm32f10x_md.o(.text)
    I2C2_ER_IRQHandler                       0x0800027b   Thumb Code     0  startup_stm32f10x_md.o(.text)
    I2C2_EV_IRQHandler                       0x0800027b   Thumb Code     0  startup_stm32f10x_md.o(.text)
    PVD_IRQHandler                           0x0800027b   Thumb Code     0  startup_stm32f10x_md.o(.text)
    RCC_IRQHandler                           0x0800027b   Thumb Code     0  startup_stm32f10x_md.o(.text)
    RTCAlarm_IRQHandler                      0x0800027b   Thumb Code     0  startup_stm32f10x_md.o(.text)
    RTC_IRQHandler                           0x0800027b   Thumb Code     0  startup_stm32f10x_md.o(.text)
    SPI1_IRQHandler                          0x0800027b   Thumb Code     0  startup_stm32f10x_md.o(.text)
    SPI2_IRQHandler                          0x0800027b   Thumb Code     0  startup_stm32f10x_md.o(.text)
    TAMPER_IRQHandler                        0x0800027b   Thumb Code     0  startup_stm32f10x_md.o(.text)
    TIM1_BRK_IRQHandler                      0x0800027b   Thumb Code     0  startup_stm32f10x_md.o(.text)
    TIM1_CC_IRQHandler                       0x0800027b   Thumb Code     0  startup_stm32f10x_md.o(.text)
    TIM1_TRG_COM_IRQHandler                  0x0800027b   Thumb Code     0  startup_stm32f10x_md.o(.text)
    TIM1_UP_IRQHandler                       0x0800027b   Thumb Code     0  startup_stm32f10x_md.o(.text)
    TIM4_IRQHandler                          0x0800027b   Thumb Code     0  startup_stm32f10x_md.o(.text)
    USART1_IRQHandler                        0x0800027b   Thumb Code     0  startup_stm32f10x_md.o(.text)
    USART2_IRQHandler                        0x0800027b   Thumb Code     0  startup_stm32f10x_md.o(.text)
    USART3_IRQHandler                        0x0800027b   Thumb Code     0  startup_stm32f10x_md.o(.text)
    USBWakeUp_IRQHandler                     0x0800027b   Thumb Code     0  startup_stm32f10x_md.o(.text)
    USB_HP_CAN1_TX_IRQHandler                0x0800027b   Thumb Code     0  startup_stm32f10x_md.o(.text)
    USB_LP_CAN1_RX0_IRQHandler               0x0800027b   Thumb Code     0  startup_stm32f10x_md.o(.text)
    WWDG_IRQHandler                          0x0800027b   Thumb Code     0  startup_stm32f10x_md.o(.text)
    __user_initial_stackheap                 0x0800027d   Thumb Code     0  startup_stm32f10x_md.o(.text)
    snprintf                                 0x080002a1   Thumb Code    58  snprintf.o(.text)
    __use_two_region_memory                  0x080002e1   Thumb Code     2  heapauxi.o(.text)
    __rt_heap_escrow$2region                 0x080002e3   Thumb Code     2  heapauxi.o(.text)
    __rt_heap_expand$2region                 0x080002e5   Thumb Code     2  heapauxi.o(.text)
    _printf_pre_padding                      0x080002e7   Thumb Code    44  _printf_pad.o(.text)
    _printf_post_padding                     0x08000313   Thumb Code    34  _printf_pad.o(.text)
    _printf_truncate_signed                  0x08000335   Thumb Code    18  _printf_truncate.o(.text)
    _printf_truncate_unsigned                0x08000347   Thumb Code    18  _printf_truncate.o(.text)
    _printf_str                              0x08000359   Thumb Code    82  _printf_str.o(.text)
    _printf_int_dec                          0x080003ad   Thumb Code   104  _printf_dec.o(.text)
    _printf_charcount                        0x08000425   Thumb Code    40  _printf_charcount.o(.text)
    _printf_char_common                      0x08000457   Thumb Code    32  _printf_char_common.o(.text)
    _snputc                                  0x0800047d   Thumb Code    16  _snputc.o(.text)
    _printf_wctomb                           0x0800048d   Thumb Code   182  _printf_wctomb.o(.text)
    _printf_longlong_dec                     0x08000549   Thumb Code   108  _printf_longlong_dec.o(.text)
    _printf_longlong_oct                     0x080005c5   Thumb Code    68  _printf_oct_int_ll.o(.text)
    _printf_int_oct                          0x08000609   Thumb Code    24  _printf_oct_int_ll.o(.text)
    _printf_ll_oct                           0x08000621   Thumb Code    12  _printf_oct_int_ll.o(.text)
    _printf_longlong_hex                     0x08000635   Thumb Code    86  _printf_hex_int_ll_ptr.o(.text)
    _printf_int_hex                          0x0800068b   Thumb Code    28  _printf_hex_int_ll_ptr.o(.text)
    _printf_ll_hex                           0x080006a7   Thumb Code    12  _printf_hex_int_ll_ptr.o(.text)
    _printf_hex_ptr                          0x080006b3   Thumb Code    18  _printf_hex_int_ll_ptr.o(.text)
    __printf                                 0x080006c9   Thumb Code   388  __printf_flags_ss_wp.o(.text)
    _ll_udiv10                               0x08000851   Thumb Code   138  lludiv10.o(.text)
    _printf_int_common                       0x080008db   Thumb Code   178  _printf_intcommon.o(.text)
    _printf_fp_dec_real                      0x08000b3d   Thumb Code   620  _printf_fp_dec.o(.text)
    _printf_fp_hex_real                      0x08000da9   Thumb Code   756  _printf_fp_hex.o(.text)
    _printf_cs_common                        0x080010a5   Thumb Code    20  _printf_char.o(.text)
    _printf_char                             0x080010b9   Thumb Code    16  _printf_char.o(.text)
    _printf_string                           0x080010c9   Thumb Code     8  _printf_char.o(.text)
    _printf_lcs_common                       0x080010d1   Thumb Code    20  _printf_wchar.o(.text)
    _printf_wchar                            0x080010e5   Thumb Code    16  _printf_wchar.o(.text)
    _printf_wstring                          0x080010f5   Thumb Code     8  _printf_wchar.o(.text)
    _c16rtomb                                0x080010fd   Thumb Code    72  _c16rtomb.o(.text)
    _wcrtomb                                 0x080010fd   Thumb Code     0  _c16rtomb.o(.text)
    __user_libspace                          0x08001145   Thumb Code     8  libspace.o(.text)
    __user_perproc_libspace                  0x08001145   Thumb Code     0  libspace.o(.text)
    __user_perthread_libspace                0x08001145   Thumb Code     0  libspace.o(.text)
    __user_setup_stackheap                   0x0800114d   Thumb Code    74  sys_stackheap_outer.o(.text)
    __rt_ctype_table                         0x08001199   Thumb Code    16  rt_ctype_table.o(.text)
    __rt_locale                              0x080011a9   Thumb Code     8  rt_locale_intlibspace.o(.text)
    _printf_fp_infnan                        0x080011b1   Thumb Code   112  _printf_fp_infnan.o(.text)
    _btod_etento                             0x08001231   Thumb Code   224  bigflt0.o(.text)
    exit                                     0x08001315   Thumb Code    18  exit.o(.text)
    strcmp                                   0x08001329   Thumb Code   128  strcmpv7m.o(.text)
    _sys_exit                                0x080013a9   Thumb Code     8  sys_exit.o(.text)
    __I$use$semihosting                      0x080013b5   Thumb Code     0  use_no_semi.o(.text)
    __use_no_semihosting_swi                 0x080013b5   Thumb Code     2  use_no_semi.o(.text)
    __semihosting_library_function           0x080013b7   Thumb Code     0  indicate_semi.o(.text)
    EXTI0_IRQHandler                         0x080013b9   Thumb Code    54  main.o(.text.EXTI0_IRQHandler)
    EXTI1_IRQHandler                         0x080013f1   Thumb Code    56  main.o(.text.EXTI1_IRQHandler)
    EXTI3_IRQHandler                         0x08001429   Thumb Code    56  main.o(.text.EXTI3_IRQHandler)
    MPU6050_Init                             0x08001461   Thumb Code   102  mpu6050.o(.text.MPU6050_Init)
    MPU6050_ReadReg                          0x080014c9   Thumb Code    98  mpu6050.o(.text.MPU6050_ReadReg)
    MPU6050_Read_Accel                       0x0800152d   Thumb Code   244  mpu6050.o(.text.MPU6050_Read_Accel)
    MPU6050_WriteReg                         0x08001621   Thumb Code    72  mpu6050.o(.text.MPU6050_WriteReg)
    SystemClock_Config                       0x08001795   Thumb Code   210  main.o(.text.SystemClock_Config)
    SystemCoreClockUpdate                    0x08001869   Thumb Code   290  system_stm32f10x.o(.text.SystemCoreClockUpdate)
    SystemInit                               0x0800198d   Thumb Code   102  system_stm32f10x.o(.text.SystemInit)
    TIM2_IRQHandler                          0x080019f5   Thumb Code    50  main.o(.text.TIM2_IRQHandler)
    TIM3_IRQHandler                          0x08001a29   Thumb Code    54  main.o(.text.TIM3_IRQHandler)
    add_slave                                0x08001ad5   Thumb Code    30  lcd.o(.text.add_slave)
    button_init                              0x08001af5   Thumb Code    60  button.o(.text.button_init)
    delay_ms                                 0x08001b31   Thumb Code    44  timer.o(.text.delay_ms)
    delay_us                                 0x08001b5d   Thumb Code    42  timer.o(.text.delay_us)
    gpio_init                                0x08001b89   Thumb Code   668  gpio.o(.text.gpio_init)
    gpio_write                               0x08001e25   Thumb Code   228  gpio.o(.text.gpio_write)
    i2c_add                                  0x08001f09   Thumb Code   148  i2c.o(.text.i2c_add)
    i2c_data                                 0x08001f9d   Thumb Code   112  i2c.o(.text.i2c_data)
    i2c_init                                 0x0800200d   Thumb Code   230  i2c.o(.text.i2c_init)
    i2c_read                                 0x080020f5   Thumb Code   202  i2c.o(.text.i2c_read)
    i2c_start                                0x080021c1   Thumb Code   108  i2c.o(.text.i2c_start)
    i2c_stop                                 0x0800222d   Thumb Code    68  i2c.o(.text.i2c_stop)
    intr_init                                0x08002271   Thumb Code   284  interrupt.o(.text.intr_init)
    lcd_i2c_cmd                              0x0800238d   Thumb Code   162  lcd.o(.text.lcd_i2c_cmd)
    lcd_i2c_data                             0x08002431   Thumb Code   162  lcd.o(.text.lcd_i2c_data)
    lcd_i2c_init                             0x080024d5   Thumb Code   358  lcd.o(.text.lcd_i2c_init)
    lcd_i2c_msg                              0x0800263d   Thumb Code   104  lcd.o(.text.lcd_i2c_msg)
    lcd_i2c_send                             0x080026a5   Thumb Code    58  lcd.o(.text.lcd_i2c_send)
    led_init                                 0x080026e1   Thumb Code    46  led.o(.text.led_init)
    led_off                                  0x08002711   Thumb Code    44  led.o(.text.led_off)
    led_on                                   0x0800273d   Thumb Code    42  led.o(.text.led_on)
    main                                     0x08002769   Thumb Code   292  main.o(.text.main)
    timer_init                               0x0800288d   Thumb Code   262  timer.o(.text.timer_init)
    trans_slave                              0x08002995   Thumb Code    54  lcd.o(.text.trans_slave)
    _btod_d2e                                0x080029cb   Thumb Code    62  btod.o(CL$$btod_d2e)
    _d2e_denorm_low                          0x08002a09   Thumb Code    70  btod.o(CL$$btod_d2e_denorm_low)
    _d2e_norm_op1                            0x08002a4f   Thumb Code    96  btod.o(CL$$btod_d2e_norm_op1)
    __btod_div_common                        0x08002ab1   Thumb Code   696  btod.o(CL$$btod_div_common)
    _e2e                                     0x08002de9   Thumb Code   220  btod.o(CL$$btod_e2e)
    _btod_ediv                               0x08002ec5   Thumb Code    42  btod.o(CL$$btod_ediv)
    _btod_emul                               0x08002eef   Thumb Code    42  btod.o(CL$$btod_emul)
    __btod_mult_common                       0x08002f19   Thumb Code   580  btod.o(CL$$btod_mult_common)
    __ARM_fpclassify                         0x0800315d   Thumb Code    40  fpclassify.o(i.__ARM_fpclassify)
    _is_digit                                0x08003185   Thumb Code    14  __printf_wp.o(i._is_digit)
    _get_lc_numeric                          0x08003195   Thumb Code    44  lc_numeric_c.o(locale$$code)
    _get_lc_ctype                            0x080031c1   Thumb Code    44  lc_ctype_c.o(locale$$code)
    __aeabi_ddiv                             0x080031ed   Thumb Code     0  ddiv.o(x$fpl$ddiv)
    _ddiv                                    0x080031ed   Thumb Code   556  ddiv.o(x$fpl$ddiv)
    __aeabi_i2d                              0x080034a1   Thumb Code     0  dflt_clz.o(x$fpl$dflt)
    _dflt                                    0x080034a1   Thumb Code    46  dflt_clz.o(x$fpl$dflt)
    __fpl_dnaninf                            0x080034cf   Thumb Code   156  dnaninf.o(x$fpl$dnaninf)
    __fpl_dretinf                            0x0800356b   Thumb Code    12  dretinf.o(x$fpl$dretinf)
    _printf_fp_dec                           0x08003577   Thumb Code     4  printf1.o(x$fpl$printf1)
    _printf_fp_hex                           0x0800357b   Thumb Code     4  printf2.o(x$fpl$printf2)
    __I$use$fp                               0x0800357e   Number         0  usenofp.o(x$fpl$usenofp)
    AHBPrescTable                            0x0800367c   Data          16  system_stm32f10x.o(.rodata.AHBPrescTable)
    Region$$Table$$Base                      0x080036a8   Number         0  anon$$obj.o(Region$$Table)
    Region$$Table$$Limit                     0x080036c8   Number         0  anon$$obj.o(Region$$Table)
    __ctype                                  0x080036f1   Data           0  lc_ctype_c.o(locale$$data)
    FALL                                     0x20000000   Data           4  main.o(.data.FALL)
    SystemCoreClock                          0x20000004   Data           4  system_stm32f10x.o(.data.SystemCoreClock)
    __libspace_start                         0x20000008   Data          96  libspace.o(.bss)
    LEDG                                     0x20000068   Data           4  main.o(.bss.LEDG)
    __temporary_stack_top$libspace           0x20000068   Data           0  libspace.o(.bss)
    LEDR                                     0x2000006c   Data           4  main.o(.bss.LEDR)
    STATE                                    0x20000070   Data           4  main.o(.bss.STATE)



==============================================================================

Memory Map of the image

  Image Entry point : 0x08000261

  Load Region LR_1 (Base: 0x08000000, Size: 0x000037fc, Max: 0xffffffff, ABSOLUTE)

    Execution Region ER_RO (Exec base: 0x08000000, Load base: 0x08000000, Size: 0x000037f4, Max: 0xffffffff, ABSOLUTE)

    Exec Addr    Load Addr    Size         Type   Attr      Idx    E Section Name        Object

    0x08000000   0x08000000   0x000000ec   Data   RO          312    RESET               startup_stm32f10x_md.o
    0x080000ec   0x080000ec   0x00000008   Code   RO          342  * !!!main             c_w.l(__main.o)
    0x080000f4   0x080000f4   0x0000005c   Code   RO          765    !!!scatter          c_w.l(__scatter.o)
    0x08000150   0x08000150   0x0000001a   Code   RO          769    !!handler_copy      c_w.l(__scatter_copy.o)
    0x0800016a   0x0800016a   0x00000002   PAD
    0x0800016c   0x0800016c   0x00000002   Code   RO          766    !!handler_null      c_w.l(__scatter.o)
    0x0800016e   0x0800016e   0x00000002   PAD
    0x08000170   0x08000170   0x0000001c   Code   RO          771    !!handler_zi        c_w.l(__scatter_zi.o)
    0x0800018c   0x0800018c   0x00000000   Code   RO          466    .ARM.Collect$$_printf_percent$$00000000  c_w.l(_printf_percent.o)
    0x0800018c   0x0800018c   0x00000006   Code   RO          455    .ARM.Collect$$_printf_percent$$00000001  c_w.l(_printf_n.o)
    0x08000192   0x08000192   0x00000006   Code   RO          457    .ARM.Collect$$_printf_percent$$00000002  c_w.l(_printf_p.o)
    0x08000198   0x08000198   0x00000006   Code   RO          462    .ARM.Collect$$_printf_percent$$00000003  c_w.l(_printf_f.o)
    0x0800019e   0x0800019e   0x00000006   Code   RO          463    .ARM.Collect$$_printf_percent$$00000004  c_w.l(_printf_e.o)
    0x080001a4   0x080001a4   0x00000006   Code   RO          464    .ARM.Collect$$_printf_percent$$00000005  c_w.l(_printf_g.o)
    0x080001aa   0x080001aa   0x00000006   Code   RO          465    .ARM.Collect$$_printf_percent$$00000006  c_w.l(_printf_a.o)
    0x080001b0   0x080001b0   0x0000000a   Code   RO          470    .ARM.Collect$$_printf_percent$$00000007  c_w.l(_printf_ll.o)
    0x080001ba   0x080001ba   0x00000006   Code   RO          459    .ARM.Collect$$_printf_percent$$00000008  c_w.l(_printf_i.o)
    0x080001c0   0x080001c0   0x00000006   Code   RO          460    .ARM.Collect$$_printf_percent$$00000009  c_w.l(_printf_d.o)
    0x080001c6   0x080001c6   0x00000006   Code   RO          461    .ARM.Collect$$_printf_percent$$0000000A  c_w.l(_printf_u.o)
    0x080001cc   0x080001cc   0x00000006   Code   RO          458    .ARM.Collect$$_printf_percent$$0000000B  c_w.l(_printf_o.o)
    0x080001d2   0x080001d2   0x00000006   Code   RO          456    .ARM.Collect$$_printf_percent$$0000000C  c_w.l(_printf_x.o)
    0x080001d8   0x080001d8   0x00000006   Code   RO          467    .ARM.Collect$$_printf_percent$$0000000D  c_w.l(_printf_lli.o)
    0x080001de   0x080001de   0x00000006   Code   RO          468    .ARM.Collect$$_printf_percent$$0000000E  c_w.l(_printf_lld.o)
    0x080001e4   0x080001e4   0x00000006   Code   RO          469    .ARM.Collect$$_printf_percent$$0000000F  c_w.l(_printf_llu.o)
    0x080001ea   0x080001ea   0x00000006   Code   RO          474    .ARM.Collect$$_printf_percent$$00000010  c_w.l(_printf_llo.o)
    0x080001f0   0x080001f0   0x00000006   Code   RO          475    .ARM.Collect$$_printf_percent$$00000011  c_w.l(_printf_llx.o)
    0x080001f6   0x080001f6   0x0000000a   Code   RO          471    .ARM.Collect$$_printf_percent$$00000012  c_w.l(_printf_l.o)
    0x08000200   0x08000200   0x00000006   Code   RO          453    .ARM.Collect$$_printf_percent$$00000013  c_w.l(_printf_c.o)
    0x08000206   0x08000206   0x00000006   Code   RO          454    .ARM.Collect$$_printf_percent$$00000014  c_w.l(_printf_s.o)
    0x0800020c   0x0800020c   0x00000006   Code   RO          472    .ARM.Collect$$_printf_percent$$00000015  c_w.l(_printf_lc.o)
    0x08000212   0x08000212   0x00000006   Code   RO          473    .ARM.Collect$$_printf_percent$$00000016  c_w.l(_printf_ls.o)
    0x08000218   0x08000218   0x00000004   Code   RO          557    .ARM.Collect$$_printf_percent$$00000017  c_w.l(_printf_percent_end.o)
    0x0800021c   0x0800021c   0x00000002   Code   RO          615    .ARM.Collect$$libinit$$00000000  c_w.l(libinit.o)
    0x0800021e   0x0800021e   0x00000000   Code   RO          630    .ARM.Collect$$libinit$$00000002  c_w.l(libinit2.o)
    0x0800021e   0x0800021e   0x00000000   Code   RO          632    .ARM.Collect$$libinit$$00000004  c_w.l(libinit2.o)
    0x0800021e   0x0800021e   0x00000000   Code   RO          634    .ARM.Collect$$libinit$$00000006  c_w.l(libinit2.o)
    0x0800021e   0x0800021e   0x00000000   Code   RO          637    .ARM.Collect$$libinit$$0000000C  c_w.l(libinit2.o)
    0x0800021e   0x0800021e   0x00000000   Code   RO          639    .ARM.Collect$$libinit$$0000000E  c_w.l(libinit2.o)
    0x0800021e   0x0800021e   0x00000000   Code   RO          641    .ARM.Collect$$libinit$$00000010  c_w.l(libinit2.o)
    0x0800021e   0x0800021e   0x00000006   Code   RO          642    .ARM.Collect$$libinit$$00000011  c_w.l(libinit2.o)
    0x08000224   0x08000224   0x00000000   Code   RO          644    .ARM.Collect$$libinit$$00000013  c_w.l(libinit2.o)
    0x08000224   0x08000224   0x0000000c   Code   RO          645    .ARM.Collect$$libinit$$00000014  c_w.l(libinit2.o)
    0x08000230   0x08000230   0x00000000   Code   RO          646    .ARM.Collect$$libinit$$00000015  c_w.l(libinit2.o)
    0x08000230   0x08000230   0x00000000   Code   RO          648    .ARM.Collect$$libinit$$00000017  c_w.l(libinit2.o)
    0x08000230   0x08000230   0x0000000a   Code   RO          649    .ARM.Collect$$libinit$$00000018  c_w.l(libinit2.o)
    0x0800023a   0x0800023a   0x00000000   Code   RO          650    .ARM.Collect$$libinit$$00000019  c_w.l(libinit2.o)
    0x0800023a   0x0800023a   0x00000000   Code   RO          652    .ARM.Collect$$libinit$$0000001B  c_w.l(libinit2.o)
    0x0800023a   0x0800023a   0x00000000   Code   RO          654    .ARM.Collect$$libinit$$0000001D  c_w.l(libinit2.o)
    0x0800023a   0x0800023a   0x00000000   Code   RO          656    .ARM.Collect$$libinit$$0000001F  c_w.l(libinit2.o)
    0x0800023a   0x0800023a   0x00000000   Code   RO          658    .ARM.Collect$$libinit$$00000021  c_w.l(libinit2.o)
    0x0800023a   0x0800023a   0x00000000   Code   RO          660    .ARM.Collect$$libinit$$00000023  c_w.l(libinit2.o)
    0x0800023a   0x0800023a   0x00000000   Code   RO          662    .ARM.Collect$$libinit$$00000025  c_w.l(libinit2.o)
    0x0800023a   0x0800023a   0x00000000   Code   RO          664    .ARM.Collect$$libinit$$00000027  c_w.l(libinit2.o)
    0x0800023a   0x0800023a   0x00000000   Code   RO          668    .ARM.Collect$$libinit$$0000002E  c_w.l(libinit2.o)
    0x0800023a   0x0800023a   0x00000000   Code   RO          670    .ARM.Collect$$libinit$$00000030  c_w.l(libinit2.o)
    0x0800023a   0x0800023a   0x00000000   Code   RO          672    .ARM.Collect$$libinit$$00000032  c_w.l(libinit2.o)
    0x0800023a   0x0800023a   0x00000000   Code   RO          674    .ARM.Collect$$libinit$$00000034  c_w.l(libinit2.o)
    0x0800023a   0x0800023a   0x00000002   Code   RO          675    .ARM.Collect$$libinit$$00000035  c_w.l(libinit2.o)
    0x0800023c   0x0800023c   0x00000002   Code   RO          701    .ARM.Collect$$libshutdown$$00000000  c_w.l(libshutdown.o)
    0x0800023e   0x0800023e   0x00000000   Code   RO          716    .ARM.Collect$$libshutdown$$00000002  c_w.l(libshutdown2.o)
    0x0800023e   0x0800023e   0x00000000   Code   RO          718    .ARM.Collect$$libshutdown$$00000004  c_w.l(libshutdown2.o)
    0x0800023e   0x0800023e   0x00000000   Code   RO          721    .ARM.Collect$$libshutdown$$00000007  c_w.l(libshutdown2.o)
    0x0800023e   0x0800023e   0x00000000   Code   RO          724    .ARM.Collect$$libshutdown$$0000000A  c_w.l(libshutdown2.o)
    0x0800023e   0x0800023e   0x00000000   Code   RO          726    .ARM.Collect$$libshutdown$$0000000C  c_w.l(libshutdown2.o)
    0x0800023e   0x0800023e   0x00000000   Code   RO          729    .ARM.Collect$$libshutdown$$0000000F  c_w.l(libshutdown2.o)
    0x0800023e   0x0800023e   0x00000002   Code   RO          730    .ARM.Collect$$libshutdown$$00000010  c_w.l(libshutdown2.o)
    0x08000240   0x08000240   0x00000000   Code   RO          382    .ARM.Collect$$rtentry$$00000000  c_w.l(__rtentry.o)
    0x08000240   0x08000240   0x00000000   Code   RO          521    .ARM.Collect$$rtentry$$00000002  c_w.l(__rtentry2.o)
    0x08000240   0x08000240   0x00000006   Code   RO          533    .ARM.Collect$$rtentry$$00000004  c_w.l(__rtentry4.o)
    0x08000246   0x08000246   0x00000000   Code   RO          523    .ARM.Collect$$rtentry$$00000009  c_w.l(__rtentry2.o)
    0x08000246   0x08000246   0x00000004   Code   RO          524    .ARM.Collect$$rtentry$$0000000A  c_w.l(__rtentry2.o)
    0x0800024a   0x0800024a   0x00000000   Code   RO          526    .ARM.Collect$$rtentry$$0000000C  c_w.l(__rtentry2.o)
    0x0800024a   0x0800024a   0x00000008   Code   RO          527    .ARM.Collect$$rtentry$$0000000D  c_w.l(__rtentry2.o)
    0x08000252   0x08000252   0x00000002   Code   RO          620    .ARM.Collect$$rtexit$$00000000  c_w.l(rtexit.o)
    0x08000254   0x08000254   0x00000000   Code   RO          679    .ARM.Collect$$rtexit$$00000002  c_w.l(rtexit2.o)
    0x08000254   0x08000254   0x00000004   Code   RO          680    .ARM.Collect$$rtexit$$00000003  c_w.l(rtexit2.o)
    0x08000258   0x08000258   0x00000006   Code   RO          681    .ARM.Collect$$rtexit$$00000004  c_w.l(rtexit2.o)
    0x0800025e   0x0800025e   0x00000002   PAD
    0x08000260   0x08000260   0x00000040   Code   RO          313  * .text               startup_stm32f10x_md.o
    0x080002a0   0x080002a0   0x00000040   Code   RO          338    .text               c_w.l(snprintf.o)
    0x080002e0   0x080002e0   0x00000006   Code   RO          340    .text               c_w.l(heapauxi.o)
    0x080002e6   0x080002e6   0x0000004e   Code   RO          387    .text               c_w.l(_printf_pad.o)
    0x08000334   0x08000334   0x00000024   Code   RO          389    .text               c_w.l(_printf_truncate.o)
    0x08000358   0x08000358   0x00000052   Code   RO          391    .text               c_w.l(_printf_str.o)
    0x080003aa   0x080003aa   0x00000002   PAD
    0x080003ac   0x080003ac   0x00000078   Code   RO          393    .text               c_w.l(_printf_dec.o)
    0x08000424   0x08000424   0x00000028   Code   RO          395    .text               c_w.l(_printf_charcount.o)
    0x0800044c   0x0800044c   0x00000030   Code   RO          397    .text               c_w.l(_printf_char_common.o)
    0x0800047c   0x0800047c   0x00000010   Code   RO          399    .text               c_w.l(_snputc.o)
    0x0800048c   0x0800048c   0x000000bc   Code   RO          401    .text               c_w.l(_printf_wctomb.o)
    0x08000548   0x08000548   0x0000007c   Code   RO          404    .text               c_w.l(_printf_longlong_dec.o)
    0x080005c4   0x080005c4   0x00000070   Code   RO          410    .text               c_w.l(_printf_oct_int_ll.o)
    0x08000634   0x08000634   0x00000094   Code   RO          430    .text               c_w.l(_printf_hex_int_ll_ptr.o)
    0x080006c8   0x080006c8   0x00000188   Code   RO          450    .text               c_w.l(__printf_flags_ss_wp.o)
    0x08000850   0x08000850   0x0000008a   Code   RO          540    .text               c_w.l(lludiv10.o)
    0x080008da   0x080008da   0x000000b2   Code   RO          542    .text               c_w.l(_printf_intcommon.o)
    0x0800098c   0x0800098c   0x0000041c   Code   RO          544    .text               c_w.l(_printf_fp_dec.o)
    0x08000da8   0x08000da8   0x000002fc   Code   RO          548    .text               c_w.l(_printf_fp_hex.o)
    0x080010a4   0x080010a4   0x0000002c   Code   RO          553    .text               c_w.l(_printf_char.o)
    0x080010d0   0x080010d0   0x0000002c   Code   RO          555    .text               c_w.l(_printf_wchar.o)
    0x080010fc   0x080010fc   0x00000048   Code   RO          558    .text               c_w.l(_c16rtomb.o)
    0x08001144   0x08001144   0x00000008   Code   RO          564    .text               c_w.l(libspace.o)
    0x0800114c   0x0800114c   0x0000004a   Code   RO          567    .text               c_w.l(sys_stackheap_outer.o)
    0x08001196   0x08001196   0x00000002   PAD
    0x08001198   0x08001198   0x00000010   Code   RO          569    .text               c_w.l(rt_ctype_table.o)
    0x080011a8   0x080011a8   0x00000008   Code   RO          574    .text               c_w.l(rt_locale_intlibspace.o)
    0x080011b0   0x080011b0   0x00000080   Code   RO          576    .text               c_w.l(_printf_fp_infnan.o)
    0x08001230   0x08001230   0x000000e4   Code   RO          578    .text               c_w.l(bigflt0.o)
    0x08001314   0x08001314   0x00000012   Code   RO          608    .text               c_w.l(exit.o)
    0x08001326   0x08001326   0x00000002   PAD
    0x08001328   0x08001328   0x00000080   Code   RO          627    .text               c_w.l(strcmpv7m.o)
    0x080013a8   0x080013a8   0x0000000c   Code   RO          691    .text               c_w.l(sys_exit.o)
    0x080013b4   0x080013b4   0x00000002   Code   RO          706    .text               c_w.l(use_no_semi.o)
    0x080013b6   0x080013b6   0x00000000   Code   RO          708    .text               c_w.l(indicate_semi.o)
    0x080013b6   0x080013b6   0x00000002   PAD
    0x080013b8   0x080013b8   0x00000036   Code   RO            6    .text.EXTI0_IRQHandler  main.o
    0x080013ee   0x080013ee   0x00000002   PAD
    0x080013f0   0x080013f0   0x00000038   Code   RO            8    .text.EXTI1_IRQHandler  main.o
    0x08001428   0x08001428   0x00000038   Code   RO           14    .text.EXTI3_IRQHandler  main.o
    0x08001460   0x08001460   0x00000066   Code   RO          151    .text.MPU6050_Init  mpu6050.o
    0x080014c6   0x080014c6   0x00000002   PAD
    0x080014c8   0x080014c8   0x00000062   Code   RO          153    .text.MPU6050_ReadReg  mpu6050.o
    0x0800152a   0x0800152a   0x00000002   PAD
    0x0800152c   0x0800152c   0x000000f4   Code   RO          157    .text.MPU6050_Read_Accel  mpu6050.o
    0x08001620   0x08001620   0x00000048   Code   RO          155    .text.MPU6050_WriteReg  mpu6050.o
    0x08001668   0x08001668   0x00000008   Code   RO          322    .text.SetSysClock   system_stm32f10x.o
    0x08001670   0x08001670   0x00000122   Code   RO          326    .text.SetSysClockTo72  system_stm32f10x.o
    0x08001792   0x08001792   0x00000002   PAD
    0x08001794   0x08001794   0x000000d2   Code   RO            2    .text.SystemClock_Config  main.o
    0x08001866   0x08001866   0x00000002   PAD
    0x08001868   0x08001868   0x00000122   Code   RO          324    .text.SystemCoreClockUpdate  system_stm32f10x.o
    0x0800198a   0x0800198a   0x00000002   PAD
    0x0800198c   0x0800198c   0x00000066   Code   RO          320    .text.SystemInit    system_stm32f10x.o
    0x080019f2   0x080019f2   0x00000002   PAD
    0x080019f4   0x080019f4   0x00000032   Code   RO           10    .text.TIM2_IRQHandler  main.o
    0x08001a26   0x08001a26   0x00000002   PAD
    0x08001a28   0x08001a28   0x00000036   Code   RO           12    .text.TIM3_IRQHandler  main.o
    0x08001a5e   0x08001a5e   0x00000002   PAD
    0x08001a60   0x08001a60   0x00000030   Code   RO          142    .text.__NVIC_EnableIRQ  interrupt.o
    0x08001a90   0x08001a90   0x00000042   Code   RO          140    .text.__NVIC_SetPriority  interrupt.o
    0x08001ad2   0x08001ad2   0x00000002   PAD
    0x08001ad4   0x08001ad4   0x0000001e   Code   RO          102    .text.add_slave     lcd.o
    0x08001af2   0x08001af2   0x00000002   PAD
    0x08001af4   0x08001af4   0x0000003c   Code   RO           44    .text.button_init   button.o
    0x08001b30   0x08001b30   0x0000002c   Code   RO           72    .text.delay_ms      timer.o
    0x08001b5c   0x08001b5c   0x0000002a   Code   RO           70    .text.delay_us      timer.o
    0x08001b86   0x08001b86   0x00000002   PAD
    0x08001b88   0x08001b88   0x0000029c   Code   RO           55    .text.gpio_init     gpio.o
    0x08001e24   0x08001e24   0x000000e4   Code   RO           57    .text.gpio_write    gpio.o
    0x08001f08   0x08001f08   0x00000094   Code   RO           85    .text.i2c_add       i2c.o
    0x08001f9c   0x08001f9c   0x00000070   Code   RO           87    .text.i2c_data      i2c.o
    0x0800200c   0x0800200c   0x000000e6   Code   RO           81    .text.i2c_init      i2c.o
    0x080020f2   0x080020f2   0x00000002   PAD
    0x080020f4   0x080020f4   0x000000ca   Code   RO           93    .text.i2c_read      i2c.o
    0x080021be   0x080021be   0x00000002   PAD
    0x080021c0   0x080021c0   0x0000006c   Code   RO           83    .text.i2c_start     i2c.o
    0x0800222c   0x0800222c   0x00000044   Code   RO           89    .text.i2c_stop      i2c.o
    0x08002270   0x08002270   0x0000011c   Code   RO          138    .text.intr_init     interrupt.o
    0x0800238c   0x0800238c   0x000000a2   Code   RO          108    .text.lcd_i2c_cmd   lcd.o
    0x0800242e   0x0800242e   0x00000002   PAD
    0x08002430   0x08002430   0x000000a2   Code   RO          106    .text.lcd_i2c_data  lcd.o
    0x080024d2   0x080024d2   0x00000002   PAD
    0x080024d4   0x080024d4   0x00000166   Code   RO          110    .text.lcd_i2c_init  lcd.o
    0x0800263a   0x0800263a   0x00000002   PAD
    0x0800263c   0x0800263c   0x00000068   Code   RO          114    .text.lcd_i2c_msg   lcd.o
    0x080026a4   0x080026a4   0x0000003a   Code   RO          112    .text.lcd_i2c_send  lcd.o
    0x080026de   0x080026de   0x00000002   PAD
    0x080026e0   0x080026e0   0x0000002e   Code   RO           29    .text.led_init      led.o
    0x0800270e   0x0800270e   0x00000002   PAD
    0x08002710   0x08002710   0x0000002c   Code   RO           33    .text.led_off       led.o
    0x0800273c   0x0800273c   0x0000002a   Code   RO           31    .text.led_on        led.o
    0x08002766   0x08002766   0x00000002   PAD
    0x08002768   0x08002768   0x00000124   Code   RO            4    .text.main          main.o
    0x0800288c   0x0800288c   0x00000106   Code   RO           68    .text.timer_init    timer.o
    0x08002992   0x08002992   0x00000002   PAD
    0x08002994   0x08002994   0x00000036   Code   RO          104    .text.trans_slave   lcd.o
    0x080029ca   0x080029ca   0x0000003e   Code   RO          581    CL$$btod_d2e        c_w.l(btod.o)
    0x08002a08   0x08002a08   0x00000046   Code   RO          583    CL$$btod_d2e_denorm_low  c_w.l(btod.o)
    0x08002a4e   0x08002a4e   0x00000060   Code   RO          582    CL$$btod_d2e_norm_op1  c_w.l(btod.o)
    0x08002aae   0x08002aae   0x00000002   PAD
    0x08002ab0   0x08002ab0   0x00000338   Code   RO          591    CL$$btod_div_common  c_w.l(btod.o)
    0x08002de8   0x08002de8   0x000000dc   Code   RO          588    CL$$btod_e2e        c_w.l(btod.o)
    0x08002ec4   0x08002ec4   0x0000002a   Code   RO          585    CL$$btod_ediv       c_w.l(btod.o)
    0x08002eee   0x08002eee   0x0000002a   Code   RO          584    CL$$btod_emul       c_w.l(btod.o)
    0x08002f18   0x08002f18   0x00000244   Code   RO          590    CL$$btod_mult_common  c_w.l(btod.o)
    0x0800315c   0x0800315c   0x00000028   Code   RO          515    i.__ARM_fpclassify  m_ws.l(fpclassify.o)
    0x08003184   0x08003184   0x0000000e   Code   RO          443    i._is_digit         c_w.l(__printf_wp.o)
    0x08003192   0x08003192   0x00000002   PAD
    0x08003194   0x08003194   0x0000002c   Code   RO          606    locale$$code        c_w.l(lc_numeric_c.o)
    0x080031c0   0x080031c0   0x0000002c   Code   RO          625    locale$$code        c_w.l(lc_ctype_c.o)
    0x080031ec   0x080031ec   0x000002b4   Code   RO          353    x$fpl$ddiv          fz_ws.l(ddiv.o)
    0x080034a0   0x080034a0   0x0000002e   Code   RO          357    x$fpl$dflt          fz_ws.l(dflt_clz.o)
    0x080034ce   0x080034ce   0x0000009c   Code   RO          482    x$fpl$dnaninf       fz_ws.l(dnaninf.o)
    0x0800356a   0x0800356a   0x0000000c   Code   RO          484    x$fpl$dretinf       fz_ws.l(dretinf.o)
    0x08003576   0x08003576   0x00000004   Code   RO          490    x$fpl$printf1       fz_ws.l(printf1.o)
    0x0800357a   0x0800357a   0x00000004   Code   RO          492    x$fpl$printf2       fz_ws.l(printf2.o)
    0x0800357e   0x0800357e   0x00000000   Code   RO          500    x$fpl$usenofp       fz_ws.l(usenofp.o)
    0x0800357e   0x0800357e   0x00000002   PAD
    0x08003580   0x08003580   0x00000008   Data   RO          402    .constdata          c_w.l(_printf_wctomb.o)
    0x08003588   0x08003588   0x00000028   Data   RO          431    .constdata          c_w.l(_printf_hex_int_ll_ptr.o)
    0x080035b0   0x080035b0   0x00000011   Data   RO          451    .constdata          c_w.l(__printf_flags_ss_wp.o)
    0x080035c1   0x080035c1   0x00000026   Data   RO          549    .constdata          c_w.l(_printf_fp_hex.o)
    0x080035e7   0x080035e7   0x00000001   PAD
    0x080035e8   0x080035e8   0x00000094   Data   RO          579    .constdata          c_w.l(bigflt0.o)
    0x0800367c   0x0800367c   0x00000010   Data   RO          329    .rodata.AHBPrescTable  system_stm32f10x.o
    0x0800368c   0x0800368c   0x0000001a   Data   RO           20    .rodata.str1.1      main.o
    0x080036a6   0x080036a6   0x00000002   PAD
    0x080036a8   0x080036a8   0x00000020   Data   RO          764    Region$$Table       anon$$obj.o
    0x080036c8   0x080036c8   0x0000001c   Data   RO          605    locale$$data        c_w.l(lc_numeric_c.o)
    0x080036e4   0x080036e4   0x00000110   Data   RO          624    locale$$data        c_w.l(lc_ctype_c.o)


    Execution Region ER_RW (Exec base: 0x20000000, Load base: 0x080037f4, Size: 0x00000008, Max: 0xffffffff, ABSOLUTE)

    Exec Addr    Load Addr    Size         Type   Attr      Idx    E Section Name        Object

    0x20000000   0x080037f4   0x00000004   Data   RW           17    .data.FALL          main.o
    0x20000004   0x080037f8   0x00000004   Data   RW          328    .data.SystemCoreClock  system_stm32f10x.o


    Execution Region ER_ZI (Exec base: 0x20000008, Load base: 0x080037fc, Size: 0x00000670, Max: 0xffffffff, ABSOLUTE)

    Exec Addr    Load Addr    Size         Type   Attr      Idx    E Section Name        Object

    0x20000008        -       0x00000060   Zero   RW          565    .bss                c_w.l(libspace.o)
    0x20000068        -       0x00000004   Zero   RW           18    .bss.LEDG           main.o
    0x2000006c        -       0x00000004   Zero   RW           19    .bss.LEDR           main.o
    0x20000070        -       0x00000004   Zero   RW           16    .bss.STATE          main.o
    0x20000074   0x080037fc   0x00000004   PAD
    0x20000078        -       0x00000200   Zero   RW          311    HEAP                startup_stm32f10x_md.o
    0x20000278        -       0x00000400   Zero   RW          310    STACK               startup_stm32f10x_md.o


==============================================================================

Image component sizes


      Code (inc. data)   RO Data    RW Data    ZI Data      Debug   Object Name

        60          0          0          0          0        737   button.o
       896          0          0          0          0       2146   gpio.o
       868          0          0          0          0       2838   i2c.o
       398          0          0          0          0       3902   interrupt.o
       928          0          0          0          0       1898   lcd.o
       132          0          0          0          0       1229   led.o
       772          0         26          4         12       3757   main.o
       516          0          0          0          0       3743   mpu6050.o
        64         26        236          0       1536        840   startup_stm32f10x_md.o
       690          0         16          4          0       2890   system_stm32f10x.o
       348          0          0          0          0       2187   timer.o

    ----------------------------------------------------------------------
      5714         26        312          8       1552      26167   Object Totals
         0          0         32          0          0          0   (incl. Generated)
        42          0          2          0          4          0   (incl. Padding)

    ----------------------------------------------------------------------

      Code (inc. data)   RO Data    RW Data    ZI Data      Debug   Library Member Name

         8          0          0          0          0         68   __main.o
       392          4         17          0          0         92   __printf_flags_ss_wp.o
        14          0          0          0          0         68   __printf_wp.o
         0          0          0          0          0          0   __rtentry.o
        12          0          0          0          0          0   __rtentry2.o
         6          0          0          0          0          0   __rtentry4.o
        94          8          0          0          0          0   __scatter.o
        26          0          0          0          0          0   __scatter_copy.o
        28          0          0          0          0          0   __scatter_zi.o
        72          0          0          0          0         96   _c16rtomb.o
         6          0          0          0          0          0   _printf_a.o
         6          0          0          0          0          0   _printf_c.o
        44          0          0          0          0        108   _printf_char.o
        48          6          0          0          0         96   _printf_char_common.o
        40          0          0          0          0         68   _printf_charcount.o
         6          0          0          0          0          0   _printf_d.o
       120         16          0          0          0         92   _printf_dec.o
         6          0          0          0          0          0   _printf_e.o
         6          0          0          0          0          0   _printf_f.o
      1052          0          0          0          0        148   _printf_fp_dec.o
       764          8         38          0          0        100   _printf_fp_hex.o
       128         16          0          0          0         84   _printf_fp_infnan.o
         6          0          0          0          0          0   _printf_g.o
       148          4         40          0          0        160   _printf_hex_int_ll_ptr.o
         6          0          0          0          0          0   _printf_i.o
       178          0          0          0          0         88   _printf_intcommon.o
        10          0          0          0          0          0   _printf_l.o
         6          0          0          0          0          0   _printf_lc.o
        10          0          0          0          0          0   _printf_ll.o
         6          0          0          0          0          0   _printf_lld.o
         6          0          0          0          0          0   _printf_lli.o
         6          0          0          0          0          0   _printf_llo.o
         6          0          0          0          0          0   _printf_llu.o
         6          0          0          0          0          0   _printf_llx.o
       124         16          0          0          0         92   _printf_longlong_dec.o
         6          0          0          0          0          0   _printf_ls.o
         6          0          0          0          0          0   _printf_n.o
         6          0          0          0          0          0   _printf_o.o
       112          8          0          0          0        124   _printf_oct_int_ll.o
         6          0          0          0          0          0   _printf_p.o
        78          0          0          0          0        108   _printf_pad.o
         0          0          0          0          0          0   _printf_percent.o
         4          0          0          0          0          0   _printf_percent_end.o
         6          0          0          0          0          0   _printf_s.o
        82          0          0          0          0         80   _printf_str.o
        36          0          0          0          0         84   _printf_truncate.o
         6          0          0          0          0          0   _printf_u.o
        44          0          0          0          0        108   _printf_wchar.o
       188          6          8          0          0         92   _printf_wctomb.o
         6          0          0          0          0          0   _printf_x.o
        16          0          0          0          0         68   _snputc.o
       228          4        148          0          0         96   bigflt0.o
      1936        128          0          0          0        668   btod.o
        18          0          0          0          0         80   exit.o
         6          0          0          0          0        152   heapauxi.o
         0          0          0          0          0          0   indicate_semi.o
        44         10        272          0          0         76   lc_ctype_c.o
        44         10         28          0          0         76   lc_numeric_c.o
         2          0          0          0          0          0   libinit.o
        30          0          0          0          0          0   libinit2.o
         2          0          0          0          0          0   libshutdown.o
         2          0          0          0          0          0   libshutdown2.o
         8          4          0          0         96         68   libspace.o
       138          0          0          0          0         80   lludiv10.o
        16          4          0          0          0         76   rt_ctype_table.o
         8          4          0          0          0         68   rt_locale_intlibspace.o
         2          0          0          0          0          0   rtexit.o
        10          0          0          0          0          0   rtexit2.o
        64          6          0          0          0         84   snprintf.o
       128          0          0          0          0         68   strcmpv7m.o
        12          4          0          0          0         68   sys_exit.o
        74          0          0          0          0         80   sys_stackheap_outer.o
         2          0          0          0          0         68   use_no_semi.o
       692        140          0          0          0        216   ddiv.o
        46          0          0          0          0         68   dflt_clz.o
       156          4          0          0          0         92   dnaninf.o
        12          0          0          0          0         68   dretinf.o
         4          0          0          0          0         68   printf1.o
         4          0          0          0          0         68   printf2.o
         0          0          0          0          0          0   usenofp.o
        40          0          0          0          0         68   fpclassify.o

    ----------------------------------------------------------------------
      7746        410        552          0         96       4480   Library Totals
        20          0          1          0          0          0   (incl. Padding)

    ----------------------------------------------------------------------

      Code (inc. data)   RO Data    RW Data    ZI Data      Debug   Library Name

      6772        266        551          0         96       3832   c_w.l
       914        144          0          0          0        580   fz_ws.l
        40          0          0          0          0         68   m_ws.l

    ----------------------------------------------------------------------
      7746        410        552          0         96       4480   Library Totals

    ----------------------------------------------------------------------

==============================================================================


      Code (inc. data)   RO Data    RW Data    ZI Data      Debug   

     13460        436        864          8       1648      28191   Grand Totals
     13460        436        864          8       1648      28191   ELF Image Totals
     13460        436        864          8          0          0   ROM Totals

==============================================================================

    Total RO  Size (Code + RO Data)                14324 (  13.99kB)
    Total RW  Size (RW Data + ZI Data)              1656 (   1.62kB)
    Total ROM Size (Code + RO Data + RW Data)      14332 (  14.00kB)

==============================================================================

